#! /c/Source/iverilog-install/bin/vvp
:ivl_version "12.0 (devel)" "(s20150603-1539-g2693dd32b)";
:ivl_delay_selection "TYPICAL";
:vpi_time_precision - 12;
:vpi_module "C:\iverilog\lib\ivl\system.vpi";
:vpi_module "C:\iverilog\lib\ivl\vhdl_sys.vpi";
:vpi_module "C:\iverilog\lib\ivl\vhdl_textio.vpi";
:vpi_module "C:\iverilog\lib\ivl\v2005_math.vpi";
:vpi_module "C:\iverilog\lib\ivl\va_math.vpi";
S_000002425c4eacf0 .scope module, "tb_fpu_top" "tb_fpu_top" 2 4;
 .timescale -9 -12;
v000002425c565360_0 .var "a", 31 0;
v000002425c564280_0 .var "b", 31 0;
v000002425c564b40_0 .var/i "errors", 31 0;
v000002425c565c20_0 .var "fpu_op", 1 0;
v000002425c5648c0_0 .net "invalid", 0 0, v000002425c5635d0_0;  1 drivers
v000002425c564500_0 .net "overflow", 0 0, v000002425c5637b0_0;  1 drivers
v000002425c564fa0_0 .net "result", 31 0, v000002425c562810_0;  1 drivers
v000002425c564aa0_0 .net "underflow", 0 0, v000002425c5629f0_0;  1 drivers
S_000002425c4eab60 .scope task, "check" "check" 2 19, 2 19 0, S_000002425c4eacf0;
 .timescale -9 -12;
v000002425c4c32e0_0 .var "expected", 31 0;
v000002425c4c2e80_0 .var "name", 1599 0;
v000002425c4c3880_0 .var "op", 1 0;
v000002425c4c2700_0 .var "va", 31 0;
v000002425c4c22a0_0 .var "vb", 31 0;
TD_tb_fpu_top.check ;
    %load/vec4 v000002425c4c2700_0;
    %store/vec4 v000002425c565360_0, 0, 32;
    %load/vec4 v000002425c4c22a0_0;
    %store/vec4 v000002425c564280_0, 0, 32;
    %load/vec4 v000002425c4c3880_0;
    %store/vec4 v000002425c565c20_0, 0, 2;
    %delay 1000, 0;
    %load/vec4 v000002425c564fa0_0;
    %load/vec4 v000002425c4c32e0_0;
    %cmp/ne;
    %jmp/0xz  T_0.0, 6;
    %load/vec4 v000002425c564b40_0;
    %addi 1, 0, 32;
    %store/vec4 v000002425c564b40_0, 0, 32;
    %vpi_call 2 25 "$display", "FAIL  %0s : got=%h expected=%h", v000002425c4c2e80_0, v000002425c564fa0_0, v000002425c4c32e0_0 {0 0 0};
    %jmp T_0.1;
T_0.0 ;
    %vpi_call 2 27 "$display", "PASS  %0s : result=%h", v000002425c4c2e80_0, v000002425c564fa0_0 {0 0 0};
T_0.1 ;
    %end;
S_000002425c4ea9d0 .scope module, "dut" "fpu_top" 2 13, 3 19 0, S_000002425c4eacf0;
 .timescale -9 -12;
    .port_info 0 /INPUT 32 "a";
    .port_info 1 /INPUT 32 "b";
    .port_info 2 /INPUT 2 "fpu_op";
    .port_info 3 /OUTPUT 32 "result";
    .port_info 4 /OUTPUT 1 "overflow";
    .port_info 5 /OUTPUT 1 "underflow";
    .port_info 6 /OUTPUT 1 "invalid";
P_000002425c471de0 .param/l "FPU_ADD" 1 3 30, C4<00>;
P_000002425c471e18 .param/l "FPU_MUL" 1 3 32, C4<10>;
P_000002425c471e50 .param/l "FPU_SUB" 1 3 31, C4<01>;
v000002425c5628b0_0 .net "a", 31 0, v000002425c565360_0;  1 drivers
v000002425c563df0_0 .net "add_invalid", 0 0, v000002425c55fe70_0;  1 drivers
v000002425c562590_0 .net "add_overflow", 0 0, v000002425c55fbf0_0;  1 drivers
v000002425c563030_0 .net "add_result", 31 0, v000002425c55e1b0_0;  1 drivers
v000002425c5630d0_0 .net "add_underflow", 0 0, v000002425c55f790_0;  1 drivers
v000002425c562d10_0 .net "b", 31 0, v000002425c564280_0;  1 drivers
v000002425c563e90_0 .net "fpu_op", 1 0, v000002425c565c20_0;  1 drivers
v000002425c5635d0_0 .var "invalid", 0 0;
v000002425c5633f0_0 .net "mul_invalid", 0 0, v000002425c563cb0_0;  1 drivers
v000002425c563fd0_0 .net "mul_overflow", 0 0, v000002425c5623b0_0;  1 drivers
v000002425c562630_0 .net "mul_result", 31 0, v000002425c562bd0_0;  1 drivers
v000002425c563530_0 .net "mul_underflow", 0 0, v000002425c5626d0_0;  1 drivers
v000002425c5637b0_0 .var "overflow", 0 0;
v000002425c562810_0 .var "result", 31 0;
v000002425c5629f0_0 .var "underflow", 0 0;
E_000002425c4b9010/0 .event anyedge, v000002425c563e90_0, v000002425c55e1b0_0, v000002425c55fbf0_0, v000002425c55f790_0;
E_000002425c4b9010/1 .event anyedge, v000002425c55fe70_0, v000002425c562bd0_0, v000002425c5623b0_0, v000002425c5626d0_0;
E_000002425c4b9010/2 .event anyedge, v000002425c563cb0_0;
E_000002425c4b9010 .event/or E_000002425c4b9010/0, E_000002425c4b9010/1, E_000002425c4b9010/2;
L_000002425c5c6b40 .part v000002425c565c20_0, 0, 1;
S_000002425c4ea840 .scope module, "u_add_sub" "fp_adder_subtractor" 3 38, 4 17 0, S_000002425c4ea9d0;
 .timescale -9 -12;
    .port_info 0 /INPUT 32 "a";
    .port_info 1 /INPUT 32 "b";
    .port_info 2 /INPUT 1 "sub";
    .port_info 3 /OUTPUT 32 "result";
    .port_info 4 /OUTPUT 1 "overflow";
    .port_info 5 /OUTPUT 1 "underflow";
    .port_info 6 /OUTPUT 1 "invalid";
L_000002425c4b51e0 .functor XOR 1, L_000002425c564d20, L_000002425c5c6b40, C4<0>, C4<0>;
L_000002425c4a0bc0 .functor AND 1, L_000002425c564be0, L_000002425c564c80, C4<1>, C4<1>;
L_000002425c5be330 .functor AND 1, L_000002425c565400, L_000002425c565a40, C4<1>, C4<1>;
L_000002425c5bea30 .functor AND 1, L_000002425c564820, L_000002425c564dc0, C4<1>, C4<1>;
L_000002425c5bf050 .functor AND 1, L_000002425c565220, L_000002425c5655e0, C4<1>, C4<1>;
L_000002425c5bef70 .functor OR 1, L_000002425c565720, v000002425c55ed90_0, C4<0>, C4<0>;
L_000002425c5be640 .functor XNOR 1, v000002425c55fd30_0, v000002425c55f970_0, C4<0>, C4<0>;
L_000002425c5be6b0 .functor AND 1, L_000002425c565cc0, L_000002425c565900, C4<1>, C4<1>;
L_000002425c5beb10 .functor OR 1, L_000002425c5641e0, L_000002425c5643c0, C4<0>, C4<0>;
L_000002425c5be250 .functor OR 1, L_000002425c5beb10, L_000002425c5645a0, C4<0>, C4<0>;
L_000002425c5be4f0 .functor AND 1, L_000002425c565d60, L_000002425c5be250, C4<1>, C4<1>;
L_000002425c5be800 .functor OR 1, L_000002425c5c59c0, v000002425c55ebb0_0, C4<0>, C4<0>;
v000002425c4c1da0_0 .net *"_ivl_100", 27 0, L_000002425c5657c0;  1 drivers
L_000002425c5665d0 .functor BUFT 1, C4<0>, C4<0>, C4<0>, C4<0>;
v000002425c4c19e0_0 .net/2u *"_ivl_104", 0 0, L_000002425c5665d0;  1 drivers
v000002425c4c2480_0 .net *"_ivl_106", 27 0, L_000002425c5646e0;  1 drivers
L_000002425c566618 .functor BUFT 1, C4<0>, C4<0>, C4<0>, C4<0>;
v000002425c4c27a0_0 .net/2u *"_ivl_108", 0 0, L_000002425c566618;  1 drivers
v000002425c4c25c0_0 .net *"_ivl_110", 27 0, L_000002425c564140;  1 drivers
v000002425c4c1a80_0 .net *"_ivl_117", 0 0, L_000002425c565cc0;  1 drivers
L_000002425c566660 .functor BUFT 1, C4<0000000000000000000000000000>, C4<0>, C4<0>, C4<0>;
v000002425c4c1b20_0 .net/2u *"_ivl_118", 27 0, L_000002425c566660;  1 drivers
v000002425c4c1bc0_0 .net *"_ivl_120", 0 0, L_000002425c565900;  1 drivers
v000002425c4c1d00_0 .net *"_ivl_123", 0 0, L_000002425c5be6b0;  1 drivers
L_000002425c5666a8 .functor BUFT 1, C4<0>, C4<0>, C4<0>, C4<0>;
v000002425c4c1e40_0 .net/2u *"_ivl_124", 0 0, L_000002425c5666a8;  1 drivers
v000002425c4c1ee0_0 .net *"_ivl_136", 0 0, L_000002425c5beb10;  1 drivers
v000002425c4c23e0_0 .net *"_ivl_139", 0 0, L_000002425c5645a0;  1 drivers
L_000002425c566108 .functor BUFT 1, C4<11111111>, C4<0>, C4<0>, C4<0>;
v000002425c4c2840_0 .net/2u *"_ivl_14", 7 0, L_000002425c566108;  1 drivers
v000002425c4c28e0_0 .net *"_ivl_140", 0 0, L_000002425c5be250;  1 drivers
v000002425c4c2980_0 .net *"_ivl_144", 24 0, L_000002425c565e00;  1 drivers
L_000002425c5666f0 .functor BUFT 1, C4<0>, C4<0>, C4<0>, C4<0>;
v000002425c55cf60_0 .net *"_ivl_147", 0 0, L_000002425c5666f0;  1 drivers
v000002425c55c7e0_0 .net *"_ivl_148", 24 0, L_000002425c564a00;  1 drivers
L_000002425c566738 .functor BUFT 1, C4<000000000000000000000000>, C4<0>, C4<0>, C4<0>;
v000002425c55d460_0 .net *"_ivl_151", 23 0, L_000002425c566738;  1 drivers
L_000002425c566780 .functor BUFT 1, C4<011111111>, C4<0>, C4<0>, C4<0>;
v000002425c55d640_0 .net/2u *"_ivl_154", 8 0, L_000002425c566780;  1 drivers
L_000002425c5667c8 .functor BUFT 1, C4<000000000>, C4<0>, C4<0>, C4<0>;
v000002425c55d140_0 .net/2u *"_ivl_158", 8 0, L_000002425c5667c8;  1 drivers
v000002425c55d1e0_0 .net *"_ivl_16", 0 0, L_000002425c564be0;  1 drivers
v000002425c55db40_0 .net *"_ivl_160", 0 0, L_000002425c5c59c0;  1 drivers
L_000002425c566810 .functor BUFT 1, C4<11111111>, C4<0>, C4<0>, C4<0>;
v000002425c55daa0_0 .net/2u *"_ivl_164", 7 0, L_000002425c566810;  1 drivers
L_000002425c566858 .functor BUFT 1, C4<00000000000000000000000>, C4<0>, C4<0>, C4<0>;
v000002425c55cb00_0 .net/2u *"_ivl_166", 22 0, L_000002425c566858;  1 drivers
v000002425c55c100_0 .net *"_ivl_168", 31 0, L_000002425c5c56a0;  1 drivers
L_000002425c5668a0 .functor BUFT 1, C4<0000000000000000000000000000000>, C4<0>, C4<0>, C4<0>;
v000002425c55cd80_0 .net/2u *"_ivl_170", 30 0, L_000002425c5668a0;  1 drivers
v000002425c55dbe0_0 .net *"_ivl_172", 31 0, L_000002425c5c5880;  1 drivers
v000002425c55de60_0 .net *"_ivl_175", 7 0, L_000002425c5c6500;  1 drivers
v000002425c55dc80_0 .net *"_ivl_177", 22 0, L_000002425c5c61e0;  1 drivers
v000002425c55dd20_0 .net *"_ivl_178", 31 0, L_000002425c5c6280;  1 drivers
L_000002425c566150 .functor BUFT 1, C4<00000000000000000000000>, C4<0>, C4<0>, C4<0>;
v000002425c55da00_0 .net/2u *"_ivl_18", 22 0, L_000002425c566150;  1 drivers
v000002425c55ddc0_0 .net *"_ivl_180", 31 0, L_000002425c5c6be0;  1 drivers
v000002425c55c1a0_0 .net *"_ivl_20", 0 0, L_000002425c564c80;  1 drivers
L_000002425c566198 .functor BUFT 1, C4<11111111>, C4<0>, C4<0>, C4<0>;
v000002425c55df00_0 .net/2u *"_ivl_24", 7 0, L_000002425c566198;  1 drivers
v000002425c55d780_0 .net *"_ivl_26", 0 0, L_000002425c565400;  1 drivers
L_000002425c5661e0 .functor BUFT 1, C4<00000000000000000000000>, C4<0>, C4<0>, C4<0>;
v000002425c55d320_0 .net/2u *"_ivl_28", 22 0, L_000002425c5661e0;  1 drivers
v000002425c55c740_0 .net *"_ivl_30", 0 0, L_000002425c565a40;  1 drivers
L_000002425c566228 .functor BUFT 1, C4<11111111>, C4<0>, C4<0>, C4<0>;
v000002425c55ce20_0 .net/2u *"_ivl_34", 7 0, L_000002425c566228;  1 drivers
v000002425c55cba0_0 .net *"_ivl_36", 0 0, L_000002425c564820;  1 drivers
L_000002425c566270 .functor BUFT 1, C4<00000000000000000000000>, C4<0>, C4<0>, C4<0>;
v000002425c55dfa0_0 .net/2u *"_ivl_38", 22 0, L_000002425c566270;  1 drivers
v000002425c55d6e0_0 .net *"_ivl_40", 0 0, L_000002425c564dc0;  1 drivers
L_000002425c5662b8 .functor BUFT 1, C4<11111111>, C4<0>, C4<0>, C4<0>;
v000002425c55d500_0 .net/2u *"_ivl_44", 7 0, L_000002425c5662b8;  1 drivers
v000002425c55c240_0 .net *"_ivl_46", 0 0, L_000002425c565220;  1 drivers
L_000002425c566300 .functor BUFT 1, C4<00000000000000000000000>, C4<0>, C4<0>, C4<0>;
v000002425c55d5a0_0 .net/2u *"_ivl_48", 22 0, L_000002425c566300;  1 drivers
v000002425c55c2e0_0 .net *"_ivl_50", 0 0, L_000002425c5655e0;  1 drivers
L_000002425c566348 .functor BUFT 1, C4<00000000>, C4<0>, C4<0>, C4<0>;
v000002425c55c380_0 .net/2u *"_ivl_54", 7 0, L_000002425c566348;  1 drivers
L_000002425c566390 .functor BUFT 1, C4<00000000>, C4<0>, C4<0>, C4<0>;
v000002425c55d0a0_0 .net/2u *"_ivl_58", 7 0, L_000002425c566390;  1 drivers
L_000002425c5663d8 .functor BUFT 1, C4<1>, C4<0>, C4<0>, C4<0>;
v000002425c55cc40_0 .net/2u *"_ivl_62", 0 0, L_000002425c5663d8;  1 drivers
L_000002425c566420 .functor BUFT 1, C4<1>, C4<0>, C4<0>, C4<0>;
v000002425c55c420_0 .net/2u *"_ivl_66", 0 0, L_000002425c566420;  1 drivers
v000002425c55cec0_0 .net *"_ivl_7", 0 0, L_000002425c564d20;  1 drivers
L_000002425c566468 .functor BUFT 1, C4<0>, C4<0>, C4<0>, C4<0>;
v000002425c55c4c0_0 .net/2u *"_ivl_70", 0 0, L_000002425c566468;  1 drivers
v000002425c55d000_0 .net *"_ivl_72", 8 0, L_000002425c5654a0;  1 drivers
L_000002425c5664b0 .functor BUFT 1, C4<0>, C4<0>, C4<0>, C4<0>;
v000002425c55cce0_0 .net/2u *"_ivl_74", 0 0, L_000002425c5664b0;  1 drivers
v000002425c55c920_0 .net *"_ivl_76", 8 0, L_000002425c564640;  1 drivers
L_000002425c5664f8 .functor BUFT 1, C4<000>, C4<0>, C4<0>, C4<0>;
v000002425c55d280_0 .net/2u *"_ivl_80", 2 0, L_000002425c5664f8;  1 drivers
v000002425c55d3c0_0 .net *"_ivl_85", 25 0, L_000002425c564f00;  1 drivers
v000002425c55d820_0 .net *"_ivl_87", 0 0, L_000002425c565720;  1 drivers
v000002425c55c560_0 .net *"_ivl_88", 0 0, L_000002425c5bef70;  1 drivers
L_000002425c566540 .functor BUFT 1, C4<0>, C4<0>, C4<0>, C4<0>;
v000002425c55d8c0_0 .net/2u *"_ivl_94", 0 0, L_000002425c566540;  1 drivers
v000002425c55c600_0 .net *"_ivl_96", 27 0, L_000002425c564960;  1 drivers
L_000002425c566588 .functor BUFT 1, C4<0>, C4<0>, C4<0>, C4<0>;
v000002425c55c6a0_0 .net/2u *"_ivl_98", 0 0, L_000002425c566588;  1 drivers
v000002425c55c880_0 .net "a", 31 0, v000002425c565360_0;  alias, 1 drivers
v000002425c55c9c0_0 .net "a_is_inf", 0 0, L_000002425c5bea30;  1 drivers
v000002425c55d960_0 .net "a_is_nan", 0 0, L_000002425c4a0bc0;  1 drivers
v000002425c55ca60_0 .net "a_is_zero", 0 0, L_000002425c565f40;  1 drivers
v000002425c55f830_0 .net "b", 31 0, v000002425c564280_0;  alias, 1 drivers
v000002425c55e610_0 .net "b_is_inf", 0 0, L_000002425c5bf050;  1 drivers
v000002425c55e4d0_0 .net "b_is_nan", 0 0, L_000002425c5be330;  1 drivers
v000002425c55e7f0_0 .net "b_is_zero", 0 0, L_000002425c564780;  1 drivers
v000002425c55f150_0 .net "diff_ext", 27 0, L_000002425c565860;  1 drivers
v000002425c55f3d0_0 .net "exp_a", 7 0, L_000002425c564460;  1 drivers
v000002425c55e6b0_0 .net "exp_b", 7 0, L_000002425c5650e0;  1 drivers
v000002425c55e390_0 .net/s "exp_diff", 8 0, L_000002425c564e60;  1 drivers
v000002425c55f510_0 .var "exp_large", 7 0;
v000002425c55fdd0_0 .var "final_exp", 8 0;
v000002425c55fb50_0 .var "final_mant", 23 0;
v000002425c55f5b0_0 .net "frac_a", 22 0, L_000002425c564320;  1 drivers
v000002425c55e890_0 .net "frac_b", 22 0, L_000002425c565180;  1 drivers
v000002425c55e930_0 .net "guard_bit", 0 0, L_000002425c565d60;  1 drivers
v000002425c55fe70_0 .var "invalid", 0 0;
v000002425c55ee30_0 .var "lz", 4 0;
v000002425c55f0b0_0 .net "mant_a", 23 0, L_000002425c5652c0;  1 drivers
v000002425c55e430_0 .net "mant_b", 23 0, L_000002425c565fe0;  1 drivers
v000002425c55ea70_0 .var "mant_large", 23 0;
v000002425c55f1f0_0 .net "mant_large_ext", 26 0, L_000002425c565b80;  1 drivers
v000002425c55f8d0_0 .net "mant_rounded", 24 0, L_000002425c5c6d20;  1 drivers
v000002425c55e9d0_0 .net "mant_small_aligned", 26 0, L_000002425c565040;  1 drivers
v000002425c55ff10_0 .var "mant_small_raw", 23 0;
v000002425c55e750_0 .var "mant_small_shifted", 26 0;
v000002425c55eb10_0 .net "mant_trunc", 23 0, L_000002425c565ae0;  1 drivers
v000002425c55eed0_0 .var "norm_exp", 8 0;
v000002425c55fab0_0 .var "norm_mant", 27 0;
v000002425c55ebb0_0 .var "norm_zero", 0 0;
v000002425c55ffb0_0 .net "normal_overflow", 0 0, L_000002425c5c6aa0;  1 drivers
v000002425c55fa10_0 .net "normal_result", 31 0, L_000002425c5c6140;  1 drivers
v000002425c55f290_0 .net "normal_underflow", 0 0, L_000002425c5be800;  1 drivers
v000002425c55fbf0_0 .var "overflow", 0 0;
L_000002425c5668e8 .functor BUFT 1, C4<01111111110000000000000000000000>, C4<0>, C4<0>, C4<0>;
v000002425c55ec50_0 .net "qnan", 31 0, L_000002425c5668e8;  1 drivers
v000002425c55f010_0 .net "raw_result", 27 0, L_000002425c565ea0;  1 drivers
v000002425c55e1b0_0 .var "result", 31 0;
v000002425c55e570_0 .net "result_sign", 0 0, L_000002425c5659a0;  1 drivers
v000002425c55f650_0 .net "round_bit", 0 0, L_000002425c5641e0;  1 drivers
v000002425c55fc90_0 .net "round_up", 0 0, L_000002425c5be4f0;  1 drivers
v000002425c55ef70_0 .net "same_sign", 0 0, L_000002425c5be640;  1 drivers
v000002425c55f330_0 .var "shift_amt", 8 0;
v000002425c55f6f0_0 .net "sign_a", 0 0, L_000002425c565680;  1 drivers
v000002425c55e110_0 .net "sign_b", 0 0, L_000002425c4b51e0;  1 drivers
v000002425c55fd30_0 .var "sign_large", 0 0;
v000002425c55f970_0 .var "sign_small", 0 0;
v000002425c55ecf0_0 .net "sticky_bit", 0 0, L_000002425c5643c0;  1 drivers
v000002425c55ed90_0 .var "sticky_from_shift", 0 0;
v000002425c55f470_0 .net "sub", 0 0, L_000002425c5c6b40;  1 drivers
v000002425c55e250_0 .net "sum_ext", 27 0, L_000002425c565540;  1 drivers
v000002425c55f790_0 .var "underflow", 0 0;
E_000002425c4b8e10/0 .event anyedge, v000002425c55d960_0, v000002425c55e4d0_0, v000002425c55ec50_0, v000002425c55c9c0_0;
E_000002425c4b8e10/1 .event anyedge, v000002425c55e610_0, v000002425c55f6f0_0, v000002425c55e110_0, v000002425c55ca60_0;
E_000002425c4b8e10/2 .event anyedge, v000002425c55e7f0_0, v000002425c55e6b0_0, v000002425c55e890_0, v000002425c55f3d0_0;
E_000002425c4b8e10/3 .event anyedge, v000002425c55f5b0_0, v000002425c55fa10_0, v000002425c55ffb0_0, v000002425c55f290_0;
E_000002425c4b8e10 .event/or E_000002425c4b8e10/0, E_000002425c4b8e10/1, E_000002425c4b8e10/2, E_000002425c4b8e10/3;
E_000002425c4b9750 .event anyedge, v000002425c55f8d0_0, v000002425c55eed0_0;
E_000002425c4b9210/0 .event anyedge, v000002425c55f010_0, v000002425c55ef70_0, v000002425c55ebb0_0, v000002425c55f510_0;
E_000002425c4b9210/1 .event anyedge, v000002425c55ee30_0, v000002425c55fab0_0;
E_000002425c4b9210 .event/or E_000002425c4b9210/0, E_000002425c4b9210/1;
E_000002425c4b9950 .event anyedge, v000002425c55f330_0, v000002425c55ff10_0;
E_000002425c4b8c10/0 .event anyedge, v000002425c55e390_0, v000002425c55f6f0_0, v000002425c55f3d0_0, v000002425c55f0b0_0;
E_000002425c4b8c10/1 .event anyedge, v000002425c55e110_0, v000002425c55e430_0, v000002425c55e6b0_0;
E_000002425c4b8c10 .event/or E_000002425c4b8c10/0, E_000002425c4b8c10/1;
L_000002425c565680 .part v000002425c565360_0, 31, 1;
L_000002425c564460 .part v000002425c565360_0, 23, 8;
L_000002425c564320 .part v000002425c565360_0, 0, 23;
L_000002425c564d20 .part v000002425c564280_0, 31, 1;
L_000002425c5650e0 .part v000002425c564280_0, 23, 8;
L_000002425c565180 .part v000002425c564280_0, 0, 23;
L_000002425c564be0 .cmp/eq 8, L_000002425c564460, L_000002425c566108;
L_000002425c564c80 .cmp/ne 23, L_000002425c564320, L_000002425c566150;
L_000002425c565400 .cmp/eq 8, L_000002425c5650e0, L_000002425c566198;
L_000002425c565a40 .cmp/ne 23, L_000002425c565180, L_000002425c5661e0;
L_000002425c564820 .cmp/eq 8, L_000002425c564460, L_000002425c566228;
L_000002425c564dc0 .cmp/eq 23, L_000002425c564320, L_000002425c566270;
L_000002425c565220 .cmp/eq 8, L_000002425c5650e0, L_000002425c5662b8;
L_000002425c5655e0 .cmp/eq 23, L_000002425c565180, L_000002425c566300;
L_000002425c565f40 .cmp/eq 8, L_000002425c564460, L_000002425c566348;
L_000002425c564780 .cmp/eq 8, L_000002425c5650e0, L_000002425c566390;
L_000002425c5652c0 .concat [ 23 1 0 0], L_000002425c564320, L_000002425c5663d8;
L_000002425c565fe0 .concat [ 23 1 0 0], L_000002425c565180, L_000002425c566420;
L_000002425c5654a0 .concat [ 8 1 0 0], L_000002425c564460, L_000002425c566468;
L_000002425c564640 .concat [ 8 1 0 0], L_000002425c5650e0, L_000002425c5664b0;
L_000002425c564e60 .arith/sub 9, L_000002425c5654a0, L_000002425c564640;
L_000002425c565b80 .concat [ 3 24 0 0], L_000002425c5664f8, v000002425c55ea70_0;
L_000002425c564f00 .part v000002425c55e750_0, 1, 26;
L_000002425c565720 .part v000002425c55e750_0, 0, 1;
L_000002425c565040 .concat [ 1 26 0 0], L_000002425c5bef70, L_000002425c564f00;
L_000002425c564960 .concat [ 27 1 0 0], L_000002425c565b80, L_000002425c566540;
L_000002425c5657c0 .concat [ 27 1 0 0], L_000002425c565040, L_000002425c566588;
L_000002425c565540 .arith/sum 28, L_000002425c564960, L_000002425c5657c0;
L_000002425c5646e0 .concat [ 27 1 0 0], L_000002425c565b80, L_000002425c5665d0;
L_000002425c564140 .concat [ 27 1 0 0], L_000002425c565040, L_000002425c566618;
L_000002425c565860 .arith/sub 28, L_000002425c5646e0, L_000002425c564140;
L_000002425c565ea0 .functor MUXZ 28, L_000002425c565860, L_000002425c565540, L_000002425c5be640, C4<>;
L_000002425c565cc0 .reduce/nor L_000002425c5be640;
L_000002425c565900 .cmp/eq 28, L_000002425c565ea0, L_000002425c566660;
L_000002425c5659a0 .functor MUXZ 1, v000002425c55fd30_0, L_000002425c5666a8, L_000002425c5be6b0, C4<>;
L_000002425c565d60 .part v000002425c55fab0_0, 2, 1;
L_000002425c5641e0 .part v000002425c55fab0_0, 1, 1;
L_000002425c5643c0 .part v000002425c55fab0_0, 0, 1;
L_000002425c565ae0 .part v000002425c55fab0_0, 3, 24;
L_000002425c5645a0 .part L_000002425c565ae0, 0, 1;
L_000002425c565e00 .concat [ 24 1 0 0], L_000002425c565ae0, L_000002425c5666f0;
L_000002425c564a00 .concat [ 1 24 0 0], L_000002425c5be4f0, L_000002425c566738;
L_000002425c5c6d20 .arith/sum 25, L_000002425c565e00, L_000002425c564a00;
L_000002425c5c6aa0 .cmp/ge 9, v000002425c55fdd0_0, L_000002425c566780;
L_000002425c5c59c0 .cmp/ge 9, L_000002425c5667c8, v000002425c55fdd0_0;
L_000002425c5c56a0 .concat [ 23 8 1 0], L_000002425c566858, L_000002425c566810, L_000002425c5659a0;
L_000002425c5c5880 .concat [ 31 1 0 0], L_000002425c5668a0, L_000002425c5659a0;
L_000002425c5c6500 .part v000002425c55fdd0_0, 0, 8;
L_000002425c5c61e0 .part v000002425c55fb50_0, 0, 23;
L_000002425c5c6280 .concat [ 23 8 1 0], L_000002425c5c61e0, L_000002425c5c6500, L_000002425c5659a0;
L_000002425c5c6be0 .functor MUXZ 32, L_000002425c5c6280, L_000002425c5c5880, L_000002425c5be800, C4<>;
L_000002425c5c6140 .functor MUXZ 32, L_000002425c5c6be0, L_000002425c5c56a0, L_000002425c5c6aa0, C4<>;
S_000002425c4e9ee0 .scope function.vec4.s5, "lzc27" "lzc27" 4 137, 4 137 0, S_000002425c4ea840;
 .timescale -9 -12;
v000002425c4c3380_0 .var/i "i", 31 0;
; Variable lzc27 is vec4 return value of scope S_000002425c4e9ee0
v000002425c4c3420_0 .var "v", 26 0;
TD_tb_fpu_top.dut.u_add_sub.lzc27 ;
    %pushi/vec4 27, 0, 5;
    %ret/vec4 0, 0, 5;  Assign to lzc27 (store_vec4_to_lval)
    %pushi/vec4 26, 0, 32;
    %store/vec4 v000002425c4c3380_0, 0, 32;
T_1.2 ;
    %load/vec4 v000002425c4c3380_0;
    %cmpi/s 0, 0, 32;
    %flag_inv 5; GE is !LT
    %jmp/0xz T_1.3, 5;
    %load/vec4 v000002425c4c3420_0;
    %load/vec4 v000002425c4c3380_0;
    %part/s 1;
    %flag_set/vec4 9;
    %flag_get/vec4 9;
    %jmp/0 T_1.6, 9;
    %retload/vec4 0; Load lzc27 (draw_signal_vec4)
    %pad/u 32;
    %pushi/vec4 27, 0, 32;
    %cmp/e;
    %flag_get/vec4 4;
    %and;
T_1.6;
    %flag_set/vec4 8;
    %jmp/0xz  T_1.4, 8;
    %pushi/vec4 26, 0, 32;
    %load/vec4 v000002425c4c3380_0;
    %sub;
    %pad/s 5;
    %ret/vec4 0, 0, 5;  Assign to lzc27 (store_vec4_to_lval)
T_1.4 ;
    %load/vec4 v000002425c4c3380_0;
    %subi 1, 0, 32;
    %store/vec4 v000002425c4c3380_0, 0, 32;
    %jmp T_1.2;
T_1.3 ;
    %end;
S_000002425c4ea070 .scope module, "u_mul" "fp_multiplier" 3 45, 5 12 0, S_000002425c4ea9d0;
 .timescale -9 -12;
    .port_info 0 /INPUT 32 "a";
    .port_info 1 /INPUT 32 "b";
    .port_info 2 /OUTPUT 32 "result";
    .port_info 3 /OUTPUT 1 "overflow";
    .port_info 4 /OUTPUT 1 "underflow";
    .port_info 5 /OUTPUT 1 "invalid";
L_000002425c5befe0 .functor XOR 1, L_000002425c5c5740, L_000002425c5c5600, C4<0>, C4<0>;
L_000002425c5bee20 .functor AND 1, L_000002425c5c52e0, L_000002425c5c6960, C4<1>, C4<1>;
L_000002425c5be3a0 .functor AND 1, L_000002425c5c5b00, L_000002425c5c54c0, C4<1>, C4<1>;
L_000002425c5be170 .functor AND 1, L_000002425c5c6000, L_000002425c5c6c80, C4<1>, C4<1>;
L_000002425c5be410 .functor AND 1, L_000002425c5c5e20, L_000002425c5c5380, C4<1>, C4<1>;
L_000002425c5bef00 .functor OR 1, L_000002425c5c6460, L_000002425c5c5ce0, C4<0>, C4<0>;
L_000002425c5be870 .functor OR 1, L_000002425c5bef00, L_000002425c5c5ec0, C4<0>, C4<0>;
L_000002425c5beb80 .functor AND 1, L_000002425c5c6fa0, L_000002425c5be870, C4<1>, C4<1>;
v000002425c55e2f0_0 .net *"_ivl_104", 0 0, L_000002425c5bef00;  1 drivers
v000002425c560120_0 .net *"_ivl_107", 0 0, L_000002425c5c5ec0;  1 drivers
v000002425c561980_0 .net *"_ivl_108", 0 0, L_000002425c5be870;  1 drivers
v000002425c5601c0_0 .net *"_ivl_112", 24 0, L_000002425c5c66e0;  1 drivers
L_000002425c566df8 .functor BUFT 1, C4<0>, C4<0>, C4<0>, C4<0>;
v000002425c560c60_0 .net *"_ivl_115", 0 0, L_000002425c566df8;  1 drivers
v000002425c560ee0_0 .net *"_ivl_116", 24 0, L_000002425c5c6780;  1 drivers
L_000002425c566e40 .functor BUFT 1, C4<000000000000000000000000>, C4<0>, C4<0>, C4<0>;
v000002425c561200_0 .net *"_ivl_119", 23 0, L_000002425c566e40;  1 drivers
L_000002425c566e88 .functor BUFT 1, C4<0011111111>, C4<0>, C4<0>, C4<0>;
v000002425c560e40_0 .net/2s *"_ivl_122", 9 0, L_000002425c566e88;  1 drivers
L_000002425c566ed0 .functor BUFT 1, C4<0000000000>, C4<0>, C4<0>, C4<0>;
v000002425c560260_0 .net/2s *"_ivl_126", 9 0, L_000002425c566ed0;  1 drivers
L_000002425c566f18 .functor BUFT 1, C4<11111111>, C4<0>, C4<0>, C4<0>;
v000002425c560800_0 .net/2u *"_ivl_130", 7 0, L_000002425c566f18;  1 drivers
L_000002425c566f60 .functor BUFT 1, C4<00000000000000000000000>, C4<0>, C4<0>, C4<0>;
v000002425c560580_0 .net/2u *"_ivl_132", 22 0, L_000002425c566f60;  1 drivers
v000002425c561700_0 .net *"_ivl_134", 31 0, L_000002425c5c7040;  1 drivers
L_000002425c566fa8 .functor BUFT 1, C4<0000000000000000000000000000000>, C4<0>, C4<0>, C4<0>;
v000002425c561fc0_0 .net/2u *"_ivl_136", 30 0, L_000002425c566fa8;  1 drivers
v000002425c561d40_0 .net *"_ivl_138", 31 0, L_000002425c5c5240;  1 drivers
L_000002425c566930 .functor BUFT 1, C4<11111111>, C4<0>, C4<0>, C4<0>;
v000002425c5617a0_0 .net/2u *"_ivl_14", 7 0, L_000002425c566930;  1 drivers
v000002425c560a80_0 .net *"_ivl_141", 7 0, L_000002425c5c5420;  1 drivers
v000002425c560b20_0 .net *"_ivl_143", 22 0, L_000002425c5c8700;  1 drivers
v000002425c561020_0 .net *"_ivl_144", 31 0, L_000002425c5c92e0;  1 drivers
v000002425c5612a0_0 .net *"_ivl_146", 31 0, L_000002425c5c8e80;  1 drivers
v000002425c560620_0 .net *"_ivl_16", 0 0, L_000002425c5c52e0;  1 drivers
L_000002425c566978 .functor BUFT 1, C4<00000000000000000000000>, C4<0>, C4<0>, C4<0>;
v000002425c5608a0_0 .net/2u *"_ivl_18", 22 0, L_000002425c566978;  1 drivers
v000002425c560940_0 .net *"_ivl_20", 0 0, L_000002425c5c6960;  1 drivers
L_000002425c5669c0 .functor BUFT 1, C4<11111111>, C4<0>, C4<0>, C4<0>;
v000002425c561160_0 .net/2u *"_ivl_24", 7 0, L_000002425c5669c0;  1 drivers
v000002425c5609e0_0 .net *"_ivl_26", 0 0, L_000002425c5c5b00;  1 drivers
L_000002425c566a08 .functor BUFT 1, C4<00000000000000000000000>, C4<0>, C4<0>, C4<0>;
v000002425c560bc0_0 .net/2u *"_ivl_28", 22 0, L_000002425c566a08;  1 drivers
v000002425c560300_0 .net *"_ivl_30", 0 0, L_000002425c5c54c0;  1 drivers
L_000002425c566a50 .functor BUFT 1, C4<11111111>, C4<0>, C4<0>, C4<0>;
v000002425c5618e0_0 .net/2u *"_ivl_34", 7 0, L_000002425c566a50;  1 drivers
v000002425c5613e0_0 .net *"_ivl_36", 0 0, L_000002425c5c6000;  1 drivers
L_000002425c566a98 .functor BUFT 1, C4<00000000000000000000000>, C4<0>, C4<0>, C4<0>;
v000002425c560f80_0 .net/2u *"_ivl_38", 22 0, L_000002425c566a98;  1 drivers
v000002425c561de0_0 .net *"_ivl_40", 0 0, L_000002425c5c6c80;  1 drivers
L_000002425c566ae0 .functor BUFT 1, C4<11111111>, C4<0>, C4<0>, C4<0>;
v000002425c561e80_0 .net/2u *"_ivl_44", 7 0, L_000002425c566ae0;  1 drivers
v000002425c560da0_0 .net *"_ivl_46", 0 0, L_000002425c5c5e20;  1 drivers
L_000002425c566b28 .functor BUFT 1, C4<00000000000000000000000>, C4<0>, C4<0>, C4<0>;
v000002425c5603a0_0 .net/2u *"_ivl_48", 22 0, L_000002425c566b28;  1 drivers
v000002425c560440_0 .net *"_ivl_50", 0 0, L_000002425c5c5380;  1 drivers
L_000002425c566b70 .functor BUFT 1, C4<00000000>, C4<0>, C4<0>, C4<0>;
v000002425c561520_0 .net/2u *"_ivl_54", 7 0, L_000002425c566b70;  1 drivers
L_000002425c566bb8 .functor BUFT 1, C4<00000000>, C4<0>, C4<0>, C4<0>;
v000002425c5604e0_0 .net/2u *"_ivl_58", 7 0, L_000002425c566bb8;  1 drivers
L_000002425c566c00 .functor BUFT 1, C4<1>, C4<0>, C4<0>, C4<0>;
v000002425c560d00_0 .net/2u *"_ivl_62", 0 0, L_000002425c566c00;  1 drivers
L_000002425c566c48 .functor BUFT 1, C4<1>, C4<0>, C4<0>, C4<0>;
v000002425c5610c0_0 .net/2u *"_ivl_66", 0 0, L_000002425c566c48;  1 drivers
v000002425c561340_0 .net *"_ivl_70", 47 0, L_000002425c5c57e0;  1 drivers
L_000002425c566c90 .functor BUFT 1, C4<000000000000000000000000>, C4<0>, C4<0>, C4<0>;
v000002425c561ac0_0 .net *"_ivl_73", 23 0, L_000002425c566c90;  1 drivers
v000002425c561480_0 .net *"_ivl_74", 47 0, L_000002425c5c5ba0;  1 drivers
L_000002425c566cd8 .functor BUFT 1, C4<000000000000000000000000>, C4<0>, C4<0>, C4<0>;
v000002425c5615c0_0 .net *"_ivl_77", 23 0, L_000002425c566cd8;  1 drivers
L_000002425c566d20 .functor BUFT 1, C4<00>, C4<0>, C4<0>, C4<0>;
v000002425c561b60_0 .net/2u *"_ivl_80", 1 0, L_000002425c566d20;  1 drivers
v000002425c561840_0 .net *"_ivl_82", 9 0, L_000002425c5c5a60;  1 drivers
L_000002425c566d68 .functor BUFT 1, C4<00>, C4<0>, C4<0>, C4<0>;
v000002425c561f20_0 .net/2u *"_ivl_84", 1 0, L_000002425c566d68;  1 drivers
v000002425c561660_0 .net *"_ivl_86", 9 0, L_000002425c5c6e60;  1 drivers
v000002425c561a20_0 .net/s *"_ivl_88", 9 0, L_000002425c5c65a0;  1 drivers
L_000002425c566db0 .functor BUFT 1, C4<0001111111>, C4<0>, C4<0>, C4<0>;
v000002425c5606c0_0 .net/2s *"_ivl_90", 9 0, L_000002425c566db0;  1 drivers
v000002425c561c00_0 .net *"_ivl_99", 21 0, L_000002425c5c5c40;  1 drivers
v000002425c560760_0 .net "a", 31 0, v000002425c565360_0;  alias, 1 drivers
v000002425c561ca0_0 .net "a_is_inf", 0 0, L_000002425c5be170;  1 drivers
v000002425c562a90_0 .net "a_is_nan", 0 0, L_000002425c5bee20;  1 drivers
v000002425c563670_0 .net "a_is_zero", 0 0, L_000002425c5c68c0;  1 drivers
v000002425c563490_0 .net "b", 31 0, v000002425c564280_0;  alias, 1 drivers
v000002425c563850_0 .net "b_is_inf", 0 0, L_000002425c5be410;  1 drivers
v000002425c562270_0 .net "b_is_nan", 0 0, L_000002425c5be3a0;  1 drivers
v000002425c562310_0 .net "b_is_zero", 0 0, L_000002425c5c6dc0;  1 drivers
v000002425c562770_0 .net "exp_a", 7 0, L_000002425c5c5920;  1 drivers
v000002425c563350_0 .net "exp_b", 7 0, L_000002425c5c5f60;  1 drivers
v000002425c562130_0 .net/s "exp_sum", 9 0, L_000002425c5c60a0;  1 drivers
v000002425c563170_0 .var/s "final_exp", 9 0;
v000002425c563210_0 .var "final_mant", 23 0;
v000002425c5632b0_0 .net "frac_a", 22 0, L_000002425c5c5560;  1 drivers
v000002425c563ad0_0 .net "frac_b", 22 0, L_000002425c5c6a00;  1 drivers
v000002425c562e50_0 .net "guard_bit", 0 0, L_000002425c5c6fa0;  1 drivers
v000002425c563cb0_0 .var "invalid", 0 0;
v000002425c562c70_0 .net "mant_a", 23 0, L_000002425c5c5d80;  1 drivers
v000002425c563d50_0 .net "mant_b", 23 0, L_000002425c5c6320;  1 drivers
v000002425c562db0_0 .net "mant_rounded", 24 0, L_000002425c5c6820;  1 drivers
v000002425c562b30_0 .net "mant_trunc", 23 0, L_000002425c5c6640;  1 drivers
v000002425c5638f0_0 .var/s "norm_exp", 9 0;
v000002425c5621d0_0 .var "norm_product", 47 0;
v000002425c563b70_0 .net "normal_overflow", 0 0, L_000002425c5c51a0;  1 drivers
v000002425c562950_0 .net "normal_result", 31 0, L_000002425c5c7940;  1 drivers
v000002425c563990_0 .net "normal_underflow", 0 0, L_000002425c5c6f00;  1 drivers
v000002425c5623b0_0 .var "overflow", 0 0;
v000002425c563f30_0 .net "product", 47 0, L_000002425c5c63c0;  1 drivers
L_000002425c566ff0 .functor BUFT 1, C4<01111111110000000000000000000000>, C4<0>, C4<0>, C4<0>;
v000002425c562450_0 .net "qnan", 31 0, L_000002425c566ff0;  1 drivers
v000002425c562bd0_0 .var "result", 31 0;
v000002425c563c10_0 .net "result_sign", 0 0, L_000002425c5befe0;  1 drivers
v000002425c562ef0_0 .net "round_bit", 0 0, L_000002425c5c6460;  1 drivers
v000002425c563a30_0 .net "round_up", 0 0, L_000002425c5beb80;  1 drivers
v000002425c563710_0 .net "sign_a", 0 0, L_000002425c5c5740;  1 drivers
v000002425c562f90_0 .net "sign_b", 0 0, L_000002425c5c5600;  1 drivers
v000002425c5624f0_0 .net "sticky_bit", 0 0, L_000002425c5c5ce0;  1 drivers
v000002425c5626d0_0 .var "underflow", 0 0;
E_000002425c4b95d0/0 .event anyedge, v000002425c562a90_0, v000002425c562270_0, v000002425c562450_0, v000002425c561ca0_0;
E_000002425c4b95d0/1 .event anyedge, v000002425c562310_0, v000002425c563670_0, v000002425c563850_0, v000002425c563c10_0;
E_000002425c4b95d0/2 .event anyedge, v000002425c562950_0, v000002425c563b70_0, v000002425c563990_0;
E_000002425c4b95d0 .event/or E_000002425c4b95d0/0, E_000002425c4b95d0/1, E_000002425c4b95d0/2;
E_000002425c4b9650 .event anyedge, v000002425c562db0_0, v000002425c5638f0_0;
E_000002425c4b9ed0 .event anyedge, v000002425c563f30_0, v000002425c562130_0;
L_000002425c5c5740 .part v000002425c565360_0, 31, 1;
L_000002425c5c5920 .part v000002425c565360_0, 23, 8;
L_000002425c5c5560 .part v000002425c565360_0, 0, 23;
L_000002425c5c5600 .part v000002425c564280_0, 31, 1;
L_000002425c5c5f60 .part v000002425c564280_0, 23, 8;
L_000002425c5c6a00 .part v000002425c564280_0, 0, 23;
L_000002425c5c52e0 .cmp/eq 8, L_000002425c5c5920, L_000002425c566930;
L_000002425c5c6960 .cmp/ne 23, L_000002425c5c5560, L_000002425c566978;
L_000002425c5c5b00 .cmp/eq 8, L_000002425c5c5f60, L_000002425c5669c0;
L_000002425c5c54c0 .cmp/ne 23, L_000002425c5c6a00, L_000002425c566a08;
L_000002425c5c6000 .cmp/eq 8, L_000002425c5c5920, L_000002425c566a50;
L_000002425c5c6c80 .cmp/eq 23, L_000002425c5c5560, L_000002425c566a98;
L_000002425c5c5e20 .cmp/eq 8, L_000002425c5c5f60, L_000002425c566ae0;
L_000002425c5c5380 .cmp/eq 23, L_000002425c5c6a00, L_000002425c566b28;
L_000002425c5c68c0 .cmp/eq 8, L_000002425c5c5920, L_000002425c566b70;
L_000002425c5c6dc0 .cmp/eq 8, L_000002425c5c5f60, L_000002425c566bb8;
L_000002425c5c5d80 .concat [ 23 1 0 0], L_000002425c5c5560, L_000002425c566c00;
L_000002425c5c6320 .concat [ 23 1 0 0], L_000002425c5c6a00, L_000002425c566c48;
L_000002425c5c57e0 .concat [ 24 24 0 0], L_000002425c5c5d80, L_000002425c566c90;
L_000002425c5c5ba0 .concat [ 24 24 0 0], L_000002425c5c6320, L_000002425c566cd8;
L_000002425c5c63c0 .arith/mult 48, L_000002425c5c57e0, L_000002425c5c5ba0;
L_000002425c5c5a60 .concat [ 8 2 0 0], L_000002425c5c5920, L_000002425c566d20;
L_000002425c5c6e60 .concat [ 8 2 0 0], L_000002425c5c5f60, L_000002425c566d68;
L_000002425c5c65a0 .arith/sum 10, L_000002425c5c5a60, L_000002425c5c6e60;
L_000002425c5c60a0 .arith/sub 10, L_000002425c5c65a0, L_000002425c566db0;
L_000002425c5c6fa0 .part v000002425c5621d0_0, 23, 1;
L_000002425c5c6460 .part v000002425c5621d0_0, 22, 1;
L_000002425c5c5c40 .part v000002425c5621d0_0, 0, 22;
L_000002425c5c5ce0 .reduce/or L_000002425c5c5c40;
L_000002425c5c6640 .part v000002425c5621d0_0, 24, 24;
L_000002425c5c5ec0 .part L_000002425c5c6640, 0, 1;
L_000002425c5c66e0 .concat [ 24 1 0 0], L_000002425c5c6640, L_000002425c566df8;
L_000002425c5c6780 .concat [ 1 24 0 0], L_000002425c5beb80, L_000002425c566e40;
L_000002425c5c6820 .arith/sum 25, L_000002425c5c66e0, L_000002425c5c6780;
L_000002425c5c51a0 .cmp/ge.s 10, v000002425c563170_0, L_000002425c566e88;
L_000002425c5c6f00 .cmp/ge.s 10, L_000002425c566ed0, v000002425c563170_0;
L_000002425c5c7040 .concat [ 23 8 1 0], L_000002425c566f60, L_000002425c566f18, L_000002425c5befe0;
L_000002425c5c5240 .concat [ 31 1 0 0], L_000002425c566fa8, L_000002425c5befe0;
L_000002425c5c5420 .part v000002425c563170_0, 0, 8;
L_000002425c5c8700 .part v000002425c563210_0, 0, 23;
L_000002425c5c92e0 .concat [ 23 8 1 0], L_000002425c5c8700, L_000002425c5c5420, L_000002425c5befe0;
L_000002425c5c8e80 .functor MUXZ 32, L_000002425c5c92e0, L_000002425c5c5240, L_000002425c5c6f00, C4<>;
L_000002425c5c7940 .functor MUXZ 32, L_000002425c5c8e80, L_000002425c5c7040, L_000002425c5c51a0, C4<>;
    .scope S_000002425c4ea840;
T_2 ;
    %wait E_000002425c4b8c10;
    %load/vec4 v000002425c55e390_0;
    %pad/s 32;
    %cmpi/s 0, 0, 32;
    %flag_or 5, 4; GT is !LE
    %flag_inv 5;
    %jmp/0xz  T_2.0, 5;
    %load/vec4 v000002425c55f6f0_0;
    %store/vec4 v000002425c55fd30_0, 0, 1;
    %load/vec4 v000002425c55f3d0_0;
    %store/vec4 v000002425c55f510_0, 0, 8;
    %load/vec4 v000002425c55f0b0_0;
    %store/vec4 v000002425c55ea70_0, 0, 24;
    %load/vec4 v000002425c55e110_0;
    %store/vec4 v000002425c55f970_0, 0, 1;
    %load/vec4 v000002425c55e430_0;
    %store/vec4 v000002425c55ff10_0, 0, 24;
    %load/vec4 v000002425c55e390_0;
    %store/vec4 v000002425c55f330_0, 0, 9;
    %jmp T_2.1;
T_2.0 ;
    %load/vec4 v000002425c55e390_0;
    %pad/s 32;
    %cmpi/s 0, 0, 32;
    %jmp/0xz  T_2.2, 5;
    %load/vec4 v000002425c55e110_0;
    %store/vec4 v000002425c55fd30_0, 0, 1;
    %load/vec4 v000002425c55e6b0_0;
    %store/vec4 v000002425c55f510_0, 0, 8;
    %load/vec4 v000002425c55e430_0;
    %store/vec4 v000002425c55ea70_0, 0, 24;
    %load/vec4 v000002425c55f6f0_0;
    %store/vec4 v000002425c55f970_0, 0, 1;
    %load/vec4 v000002425c55f0b0_0;
    %store/vec4 v000002425c55ff10_0, 0, 24;
    %load/vec4 v000002425c55e390_0;
    %inv;
    %pushi/vec4 1, 0, 9;
    %add;
    %store/vec4 v000002425c55f330_0, 0, 9;
    %jmp T_2.3;
T_2.2 ;
    %load/vec4 v000002425c55e430_0;
    %load/vec4 v000002425c55f0b0_0;
    %cmp/u;
    %flag_or 5, 4;
    %jmp/0xz  T_2.4, 5;
    %load/vec4 v000002425c55f6f0_0;
    %store/vec4 v000002425c55fd30_0, 0, 1;
    %load/vec4 v000002425c55f3d0_0;
    %store/vec4 v000002425c55f510_0, 0, 8;
    %load/vec4 v000002425c55f0b0_0;
    %store/vec4 v000002425c55ea70_0, 0, 24;
    %load/vec4 v000002425c55e110_0;
    %store/vec4 v000002425c55f970_0, 0, 1;
    %load/vec4 v000002425c55e430_0;
    %store/vec4 v000002425c55ff10_0, 0, 24;
    %jmp T_2.5;
T_2.4 ;
    %load/vec4 v000002425c55e110_0;
    %store/vec4 v000002425c55fd30_0, 0, 1;
    %load/vec4 v000002425c55e6b0_0;
    %store/vec4 v000002425c55f510_0, 0, 8;
    %load/vec4 v000002425c55e430_0;
    %store/vec4 v000002425c55ea70_0, 0, 24;
    %load/vec4 v000002425c55f6f0_0;
    %store/vec4 v000002425c55f970_0, 0, 1;
    %load/vec4 v000002425c55f0b0_0;
    %store/vec4 v000002425c55ff10_0, 0, 24;
T_2.5 ;
    %pushi/vec4 0, 0, 9;
    %store/vec4 v000002425c55f330_0, 0, 9;
T_2.3 ;
T_2.1 ;
    %jmp T_2;
    .thread T_2, $push;
    .scope S_000002425c4ea840;
T_3 ;
    %wait E_000002425c4b9950;
    %load/vec4 v000002425c55f330_0;
    %pad/u 32;
    %cmpi/u 27, 0, 32;
    %flag_inv 5; GE is !LT
    %jmp/0xz  T_3.0, 5;
    %pushi/vec4 0, 0, 27;
    %store/vec4 v000002425c55e750_0, 0, 27;
    %load/vec4 v000002425c55ff10_0;
    %pushi/vec4 0, 0, 24;
    %cmp/ne;
    %flag_get/vec4 4;
    %store/vec4 v000002425c55ed90_0, 0, 1;
    %jmp T_3.1;
T_3.0 ;
    %load/vec4 v000002425c55ff10_0;
    %concati/vec4 0, 0, 3;
    %ix/getv 4, v000002425c55f330_0;
    %shiftr 4;
    %store/vec4 v000002425c55e750_0, 0, 27;
    %load/vec4 v000002425c55ff10_0;
    %concati/vec4 0, 0, 3;
    %pushi/vec4 1, 0, 27;
    %ix/getv 4, v000002425c55f330_0;
    %shiftl 4;
    %subi 1, 0, 27;
    %and;
    %or/r;
    %store/vec4 v000002425c55ed90_0, 0, 1;
T_3.1 ;
    %jmp T_3;
    .thread T_3, $push;
    .scope S_000002425c4ea840;
T_4 ;
    %wait E_000002425c4b9210;
    %load/vec4 v000002425c55f010_0;
    %pushi/vec4 0, 0, 28;
    %cmp/e;
    %flag_get/vec4 4;
    %store/vec4 v000002425c55ebb0_0, 0, 1;
    %load/vec4 v000002425c55ef70_0;
    %nor/r;
    %flag_set/vec4 8;
    %jmp/0xz  T_4.0, 8;
    %load/vec4 v000002425c55ebb0_0;
    %flag_set/vec4 8;
    %jmp/0xz  T_4.2, 8;
    %pushi/vec4 0, 0, 28;
    %store/vec4 v000002425c55fab0_0, 0, 28;
    %pushi/vec4 0, 0, 9;
    %store/vec4 v000002425c55eed0_0, 0, 9;
    %jmp T_4.3;
T_4.2 ;
    %load/vec4 v000002425c55f010_0;
    %parti/s 1, 26, 6;
    %flag_set/vec4 8;
    %jmp/0xz  T_4.4, 8;
    %load/vec4 v000002425c55f010_0;
    %store/vec4 v000002425c55fab0_0, 0, 28;
    %load/vec4 v000002425c55f510_0;
    %pad/u 9;
    %store/vec4 v000002425c55eed0_0, 0, 9;
    %jmp T_4.5;
T_4.4 ;
    %load/vec4 v000002425c55f010_0;
    %parti/s 27, 0, 2;
    %store/vec4 v000002425c4c3420_0, 0, 27;
    %callf/vec4 TD_tb_fpu_top.dut.u_add_sub.lzc27, S_000002425c4e9ee0;
    %store/vec4 v000002425c55ee30_0, 0, 5;
    %load/vec4 v000002425c55f010_0;
    %ix/getv 4, v000002425c55ee30_0;
    %shiftl 4;
    %store/vec4 v000002425c55fab0_0, 0, 28;
    %load/vec4 v000002425c55f510_0;
    %pad/u 9;
    %load/vec4 v000002425c55ee30_0;
    %pad/u 9;
    %sub;
    %store/vec4 v000002425c55eed0_0, 0, 9;
T_4.5 ;
T_4.3 ;
    %jmp T_4.1;
T_4.0 ;
    %load/vec4 v000002425c55f010_0;
    %parti/s 1, 27, 6;
    %flag_set/vec4 8;
    %jmp/0xz  T_4.6, 8;
    %pushi/vec4 0, 0, 1;
    %load/vec4 v000002425c55f010_0;
    %parti/s 27, 1, 2;
    %concat/vec4; draw_concat_vec4
    %store/vec4 v000002425c55fab0_0, 0, 28;
    %load/vec4 v000002425c55fab0_0;
    %parti/s 1, 0, 2;
    %load/vec4 v000002425c55f010_0;
    %parti/s 1, 0, 2;
    %or;
    %ix/load 4, 0, 0;
    %flag_set/imm 4, 0;
    %store/vec4 v000002425c55fab0_0, 4, 1;
    %load/vec4 v000002425c55f510_0;
    %pad/u 9;
    %addi 1, 0, 9;
    %store/vec4 v000002425c55eed0_0, 0, 9;
    %jmp T_4.7;
T_4.6 ;
    %load/vec4 v000002425c55f010_0;
    %store/vec4 v000002425c55fab0_0, 0, 28;
    %load/vec4 v000002425c55f510_0;
    %pad/u 9;
    %store/vec4 v000002425c55eed0_0, 0, 9;
T_4.7 ;
T_4.1 ;
    %jmp T_4;
    .thread T_4, $push;
    .scope S_000002425c4ea840;
T_5 ;
    %wait E_000002425c4b9750;
    %load/vec4 v000002425c55f8d0_0;
    %parti/s 1, 24, 6;
    %flag_set/vec4 8;
    %jmp/0xz  T_5.0, 8;
    %load/vec4 v000002425c55f8d0_0;
    %parti/s 24, 1, 2;
    %store/vec4 v000002425c55fb50_0, 0, 24;
    %load/vec4 v000002425c55eed0_0;
    %addi 1, 0, 9;
    %store/vec4 v000002425c55fdd0_0, 0, 9;
    %jmp T_5.1;
T_5.0 ;
    %load/vec4 v000002425c55f8d0_0;
    %parti/s 24, 0, 2;
    %store/vec4 v000002425c55fb50_0, 0, 24;
    %load/vec4 v000002425c55eed0_0;
    %store/vec4 v000002425c55fdd0_0, 0, 9;
T_5.1 ;
    %jmp T_5;
    .thread T_5, $push;
    .scope S_000002425c4ea840;
T_6 ;
    %wait E_000002425c4b8e10;
    %pushi/vec4 0, 0, 1;
    %store/vec4 v000002425c55fbf0_0, 0, 1;
    %pushi/vec4 0, 0, 1;
    %store/vec4 v000002425c55f790_0, 0, 1;
    %pushi/vec4 0, 0, 1;
    %store/vec4 v000002425c55fe70_0, 0, 1;
    %load/vec4 v000002425c55d960_0;
    %flag_set/vec4 8;
    %jmp/1 T_6.2, 8;
    %load/vec4 v000002425c55e4d0_0;
    %flag_set/vec4 9;
    %flag_or 8, 9;
T_6.2;
    %jmp/0xz  T_6.0, 8;
    %load/vec4 v000002425c55ec50_0;
    %store/vec4 v000002425c55e1b0_0, 0, 32;
    %pushi/vec4 1, 0, 1;
    %store/vec4 v000002425c55fe70_0, 0, 1;
    %jmp T_6.1;
T_6.0 ;
    %load/vec4 v000002425c55c9c0_0;
    %flag_set/vec4 10;
    %flag_get/vec4 10;
    %jmp/0 T_6.6, 10;
    %load/vec4 v000002425c55e610_0;
    %and;
T_6.6;
    %flag_set/vec4 9;
    %flag_get/vec4 9;
    %jmp/0 T_6.5, 9;
    %load/vec4 v000002425c55f6f0_0;
    %load/vec4 v000002425c55e110_0;
    %cmp/ne;
    %flag_get/vec4 4;
    %and;
T_6.5;
    %flag_set/vec4 8;
    %jmp/0xz  T_6.3, 8;
    %load/vec4 v000002425c55ec50_0;
    %store/vec4 v000002425c55e1b0_0, 0, 32;
    %pushi/vec4 1, 0, 1;
    %store/vec4 v000002425c55fe70_0, 0, 1;
    %jmp T_6.4;
T_6.3 ;
    %load/vec4 v000002425c55c9c0_0;
    %flag_set/vec4 8;
    %jmp/0xz  T_6.7, 8;
    %load/vec4 v000002425c55f6f0_0;
    %concati/vec4 255, 0, 8;
    %concati/vec4 0, 0, 23;
    %store/vec4 v000002425c55e1b0_0, 0, 32;
    %jmp T_6.8;
T_6.7 ;
    %load/vec4 v000002425c55e610_0;
    %flag_set/vec4 8;
    %jmp/0xz  T_6.9, 8;
    %load/vec4 v000002425c55e110_0;
    %concati/vec4 255, 0, 8;
    %concati/vec4 0, 0, 23;
    %store/vec4 v000002425c55e1b0_0, 0, 32;
    %jmp T_6.10;
T_6.9 ;
    %load/vec4 v000002425c55ca60_0;
    %flag_set/vec4 9;
    %flag_get/vec4 9;
    %jmp/0 T_6.13, 9;
    %load/vec4 v000002425c55e7f0_0;
    %and;
T_6.13;
    %flag_set/vec4 8;
    %jmp/0xz  T_6.11, 8;
    %load/vec4 v000002425c55f6f0_0;
    %load/vec4 v000002425c55e110_0;
    %and;
    %concati/vec4 0, 0, 31;
    %store/vec4 v000002425c55e1b0_0, 0, 32;
    %jmp T_6.12;
T_6.11 ;
    %load/vec4 v000002425c55ca60_0;
    %flag_set/vec4 8;
    %jmp/0xz  T_6.14, 8;
    %load/vec4 v000002425c55e110_0;
    %load/vec4 v000002425c55e6b0_0;
    %concat/vec4; draw_concat_vec4
    %load/vec4 v000002425c55e890_0;
    %concat/vec4; draw_concat_vec4
    %store/vec4 v000002425c55e1b0_0, 0, 32;
    %jmp T_6.15;
T_6.14 ;
    %load/vec4 v000002425c55e7f0_0;
    %flag_set/vec4 8;
    %jmp/0xz  T_6.16, 8;
    %load/vec4 v000002425c55f6f0_0;
    %load/vec4 v000002425c55f3d0_0;
    %concat/vec4; draw_concat_vec4
    %load/vec4 v000002425c55f5b0_0;
    %concat/vec4; draw_concat_vec4
    %store/vec4 v000002425c55e1b0_0, 0, 32;
    %jmp T_6.17;
T_6.16 ;
    %load/vec4 v000002425c55fa10_0;
    %store/vec4 v000002425c55e1b0_0, 0, 32;
    %load/vec4 v000002425c55ffb0_0;
    %store/vec4 v000002425c55fbf0_0, 0, 1;
    %load/vec4 v000002425c55f290_0;
    %flag_set/vec4 8;
    %flag_get/vec4 8;
    %jmp/0 T_6.18, 8;
    %load/vec4 v000002425c55ffb0_0;
    %nor/r;
    %and;
T_6.18;
    %store/vec4 v000002425c55f790_0, 0, 1;
T_6.17 ;
T_6.15 ;
T_6.12 ;
T_6.10 ;
T_6.8 ;
T_6.4 ;
T_6.1 ;
    %jmp T_6;
    .thread T_6, $push;
    .scope S_000002425c4ea070;
T_7 ;
    %wait E_000002425c4b9ed0;
    %load/vec4 v000002425c563f30_0;
    %parti/s 1, 47, 7;
    %flag_set/vec4 8;
    %jmp/0xz  T_7.0, 8;
    %load/vec4 v000002425c563f30_0;
    %store/vec4 v000002425c5621d0_0, 0, 48;
    %load/vec4 v000002425c562130_0;
    %addi 1, 0, 10;
    %store/vec4 v000002425c5638f0_0, 0, 10;
    %jmp T_7.1;
T_7.0 ;
    %load/vec4 v000002425c563f30_0;
    %ix/load 4, 1, 0;
    %flag_set/imm 4, 0;
    %shiftl 4;
    %store/vec4 v000002425c5621d0_0, 0, 48;
    %load/vec4 v000002425c562130_0;
    %store/vec4 v000002425c5638f0_0, 0, 10;
T_7.1 ;
    %jmp T_7;
    .thread T_7, $push;
    .scope S_000002425c4ea070;
T_8 ;
    %wait E_000002425c4b9650;
    %load/vec4 v000002425c562db0_0;
    %parti/s 1, 24, 6;
    %flag_set/vec4 8;
    %jmp/0xz  T_8.0, 8;
    %load/vec4 v000002425c562db0_0;
    %parti/s 24, 1, 2;
    %store/vec4 v000002425c563210_0, 0, 24;
    %load/vec4 v000002425c5638f0_0;
    %addi 1, 0, 10;
    %store/vec4 v000002425c563170_0, 0, 10;
    %jmp T_8.1;
T_8.0 ;
    %load/vec4 v000002425c562db0_0;
    %parti/s 24, 0, 2;
    %store/vec4 v000002425c563210_0, 0, 24;
    %load/vec4 v000002425c5638f0_0;
    %store/vec4 v000002425c563170_0, 0, 10;
T_8.1 ;
    %jmp T_8;
    .thread T_8, $push;
    .scope S_000002425c4ea070;
T_9 ;
    %wait E_000002425c4b95d0;
    %pushi/vec4 0, 0, 1;
    %store/vec4 v000002425c5623b0_0, 0, 1;
    %pushi/vec4 0, 0, 1;
    %store/vec4 v000002425c5626d0_0, 0, 1;
    %pushi/vec4 0, 0, 1;
    %store/vec4 v000002425c563cb0_0, 0, 1;
    %load/vec4 v000002425c562a90_0;
    %flag_set/vec4 8;
    %jmp/1 T_9.2, 8;
    %load/vec4 v000002425c562270_0;
    %flag_set/vec4 9;
    %flag_or 8, 9;
T_9.2;
    %jmp/0xz  T_9.0, 8;
    %load/vec4 v000002425c562450_0;
    %store/vec4 v000002425c562bd0_0, 0, 32;
    %pushi/vec4 1, 0, 1;
    %store/vec4 v000002425c563cb0_0, 0, 1;
    %jmp T_9.1;
T_9.0 ;
    %load/vec4 v000002425c561ca0_0;
    %flag_set/vec4 9;
    %flag_get/vec4 9;
    %jmp/0 T_9.6, 9;
    %load/vec4 v000002425c562310_0;
    %and;
T_9.6;
    %flag_set/vec4 8;
    %jmp/1 T_9.5, 8;
    %load/vec4 v000002425c563670_0;
    %flag_set/vec4 10;
    %flag_get/vec4 10;
    %jmp/0 T_9.7, 10;
    %load/vec4 v000002425c563850_0;
    %and;
T_9.7;
    %flag_set/vec4 9;
    %flag_or 8, 9;
T_9.5;
    %jmp/0xz  T_9.3, 8;
    %load/vec4 v000002425c562450_0;
    %store/vec4 v000002425c562bd0_0, 0, 32;
    %pushi/vec4 1, 0, 1;
    %store/vec4 v000002425c563cb0_0, 0, 1;
    %jmp T_9.4;
T_9.3 ;
    %load/vec4 v000002425c561ca0_0;
    %flag_set/vec4 8;
    %jmp/1 T_9.10, 8;
    %load/vec4 v000002425c563850_0;
    %flag_set/vec4 9;
    %flag_or 8, 9;
T_9.10;
    %jmp/0xz  T_9.8, 8;
    %load/vec4 v000002425c563c10_0;
    %concati/vec4 255, 0, 8;
    %concati/vec4 0, 0, 23;
    %store/vec4 v000002425c562bd0_0, 0, 32;
    %jmp T_9.9;
T_9.8 ;
    %load/vec4 v000002425c563670_0;
    %flag_set/vec4 8;
    %jmp/1 T_9.13, 8;
    %load/vec4 v000002425c562310_0;
    %flag_set/vec4 9;
    %flag_or 8, 9;
T_9.13;
    %jmp/0xz  T_9.11, 8;
    %load/vec4 v000002425c563c10_0;
    %concati/vec4 0, 0, 31;
    %store/vec4 v000002425c562bd0_0, 0, 32;
    %jmp T_9.12;
T_9.11 ;
    %load/vec4 v000002425c562950_0;
    %store/vec4 v000002425c562bd0_0, 0, 32;
    %load/vec4 v000002425c563b70_0;
    %store/vec4 v000002425c5623b0_0, 0, 1;
    %load/vec4 v000002425c563990_0;
    %flag_set/vec4 8;
    %flag_get/vec4 8;
    %jmp/0 T_9.14, 8;
    %load/vec4 v000002425c563b70_0;
    %nor/r;
    %and;
T_9.14;
    %store/vec4 v000002425c5626d0_0, 0, 1;
T_9.12 ;
T_9.9 ;
T_9.4 ;
T_9.1 ;
    %jmp T_9;
    .thread T_9, $push;
    .scope S_000002425c4ea9d0;
T_10 ;
    %wait E_000002425c4b9010;
    %load/vec4 v000002425c563e90_0;
    %dup/vec4;
    %pushi/vec4 0, 0, 2;
    %cmp/u;
    %jmp/1 T_10.0, 6;
    %dup/vec4;
    %pushi/vec4 1, 0, 2;
    %cmp/u;
    %jmp/1 T_10.1, 6;
    %dup/vec4;
    %pushi/vec4 2, 0, 2;
    %cmp/u;
    %jmp/1 T_10.2, 6;
    %pushi/vec4 0, 0, 32;
    %store/vec4 v000002425c562810_0, 0, 32;
    %pushi/vec4 0, 0, 1;
    %store/vec4 v000002425c5637b0_0, 0, 1;
    %pushi/vec4 0, 0, 1;
    %store/vec4 v000002425c5629f0_0, 0, 1;
    %pushi/vec4 0, 0, 1;
    %store/vec4 v000002425c5635d0_0, 0, 1;
    %jmp T_10.4;
T_10.0 ;
    %load/vec4 v000002425c563030_0;
    %store/vec4 v000002425c562810_0, 0, 32;
    %load/vec4 v000002425c562590_0;
    %store/vec4 v000002425c5637b0_0, 0, 1;
    %load/vec4 v000002425c5630d0_0;
    %store/vec4 v000002425c5629f0_0, 0, 1;
    %load/vec4 v000002425c563df0_0;
    %store/vec4 v000002425c5635d0_0, 0, 1;
    %jmp T_10.4;
T_10.1 ;
    %load/vec4 v000002425c563030_0;
    %store/vec4 v000002425c562810_0, 0, 32;
    %load/vec4 v000002425c562590_0;
    %store/vec4 v000002425c5637b0_0, 0, 1;
    %load/vec4 v000002425c5630d0_0;
    %store/vec4 v000002425c5629f0_0, 0, 1;
    %load/vec4 v000002425c563df0_0;
    %store/vec4 v000002425c5635d0_0, 0, 1;
    %jmp T_10.4;
T_10.2 ;
    %load/vec4 v000002425c562630_0;
    %store/vec4 v000002425c562810_0, 0, 32;
    %load/vec4 v000002425c563fd0_0;
    %store/vec4 v000002425c5637b0_0, 0, 1;
    %load/vec4 v000002425c563530_0;
    %store/vec4 v000002425c5629f0_0, 0, 1;
    %load/vec4 v000002425c5633f0_0;
    %store/vec4 v000002425c5635d0_0, 0, 1;
    %jmp T_10.4;
T_10.4 ;
    %pop/vec4 1;
    %jmp T_10;
    .thread T_10, $push;
    .scope S_000002425c4eacf0;
T_11 ;
    %pushi/vec4 0, 0, 32;
    %store/vec4 v000002425c564b40_0, 0, 32;
    %pushi/vec4 1069547520, 0, 32;
    %store/vec4 v000002425c4c2700_0, 0, 32;
    %pushi/vec4 1074790400, 0, 32;
    %store/vec4 v000002425c4c22a0_0, 0, 32;
    %pushi/vec4 0, 0, 2;
    %store/vec4 v000002425c4c3880_0, 0, 2;
    %pushi/vec4 1081081856, 0, 32;
    %store/vec4 v000002425c4c32e0_0, 0, 32;
    %pushi/vec4 0, 0, 32; draw_string_vec4
    %pushi/vec4 0, 0, 32; draw_string_vec4
    %concat/vec4; draw_string_vec4
    %pushi/vec4 0, 0, 32; draw_string_vec4
    %concat/vec4; draw_string_vec4
    %pushi/vec4 0, 0, 32; draw_string_vec4
    %concat/vec4; draw_string_vec4
    %pushi/vec4 0, 0, 32; draw_string_vec4
    %concat/vec4; draw_string_vec4
    %pushi/vec4 0, 0, 32; draw_string_vec4
    %concat/vec4; draw_string_vec4
    %pushi/vec4 0, 0, 32; draw_string_vec4
    %concat/vec4; draw_string_vec4
    %pushi/vec4 0, 0, 32; draw_string_vec4
    %concat/vec4; draw_string_vec4
    %pushi/vec4 0, 0, 32; draw_string_vec4
    %concat/vec4; draw_string_vec4
    %pushi/vec4 0, 0, 32; draw_string_vec4
    %concat/vec4; draw_string_vec4
    %pushi/vec4 0, 0, 32; draw_string_vec4
    %concat/vec4; draw_string_vec4
    %pushi/vec4 0, 0, 32; draw_string_vec4
    %concat/vec4; draw_string_vec4
    %pushi/vec4 0, 0, 32; draw_string_vec4
    %concat/vec4; draw_string_vec4
    %pushi/vec4 0, 0, 32; draw_string_vec4
    %concat/vec4; draw_string_vec4
    %pushi/vec4 0, 0, 32; draw_string_vec4
    %concat/vec4; draw_string_vec4
    %pushi/vec4 0, 0, 32; draw_string_vec4
    %concat/vec4; draw_string_vec4
    %pushi/vec4 0, 0, 32; draw_string_vec4
    %concat/vec4; draw_string_vec4
    %pushi/vec4 0, 0, 32; draw_string_vec4
    %concat/vec4; draw_string_vec4
    %pushi/vec4 0, 0, 32; draw_string_vec4
    %concat/vec4; draw_string_vec4
    %pushi/vec4 0, 0, 32; draw_string_vec4
    %concat/vec4; draw_string_vec4
    %pushi/vec4 0, 0, 32; draw_string_vec4
    %concat/vec4; draw_string_vec4
    %pushi/vec4 0, 0, 32; draw_string_vec4
    %concat/vec4; draw_string_vec4
    %pushi/vec4 0, 0, 32; draw_string_vec4
    %concat/vec4; draw_string_vec4
    %pushi/vec4 0, 0, 32; draw_string_vec4
    %concat/vec4; draw_string_vec4
    %pushi/vec4 0, 0, 32; draw_string_vec4
    %concat/vec4; draw_string_vec4
    %pushi/vec4 0, 0, 32; draw_string_vec4
    %concat/vec4; draw_string_vec4
    %pushi/vec4 0, 0, 32; draw_string_vec4
    %concat/vec4; draw_string_vec4
    %pushi/vec4 0, 0, 32; draw_string_vec4
    %concat/vec4; draw_string_vec4
    %pushi/vec4 0, 0, 32; draw_string_vec4
    %concat/vec4; draw_string_vec4
    %pushi/vec4 0, 0, 32; draw_string_vec4
    %concat/vec4; draw_string_vec4
    %pushi/vec4 0, 0, 32; draw_string_vec4
    %concat/vec4; draw_string_vec4
    %pushi/vec4 0, 0, 32; draw_string_vec4
    %concat/vec4; draw_string_vec4
    %pushi/vec4 0, 0, 32; draw_string_vec4
    %concat/vec4; draw_string_vec4
    %pushi/vec4 0, 0, 32; draw_string_vec4
    %concat/vec4; draw_string_vec4
    %pushi/vec4 0, 0, 32; draw_string_vec4
    %concat/vec4; draw_string_vec4
    %pushi/vec4 0, 0, 32; draw_string_vec4
    %concat/vec4; draw_string_vec4
    %pushi/vec4 0, 0, 32; draw_string_vec4
    %concat/vec4; draw_string_vec4
    %pushi/vec4 0, 0, 32; draw_string_vec4
    %concat/vec4; draw_string_vec4
    %pushi/vec4 0, 0, 32; draw_string_vec4
    %concat/vec4; draw_string_vec4
    %pushi/vec4 0, 0, 32; draw_string_vec4
    %concat/vec4; draw_string_vec4
    %pushi/vec4 0, 0, 32; draw_string_vec4
    %concat/vec4; draw_string_vec4
    %pushi/vec4 0, 0, 32; draw_string_vec4
    %concat/vec4; draw_string_vec4
    %pushi/vec4 0, 0, 32; draw_string_vec4
    %concat/vec4; draw_string_vec4
    %pushi/vec4 0, 0, 32; draw_string_vec4
    %concat/vec4; draw_string_vec4
    %pushi/vec4 0, 0, 32; draw_string_vec4
    %concat/vec4; draw_string_vec4
    %pushi/vec4 0, 0, 32; draw_string_vec4
    %concat/vec4; draw_string_vec4
    %pushi/vec4 0, 0, 32; draw_string_vec4
    %concat/vec4; draw_string_vec4
    %pushi/vec4 1094992928, 0, 32; draw_string_vec4
    %concat/vec4; draw_string_vec4
    %pushi/vec4 825111851, 0, 32; draw_string_vec4
    %concat/vec4; draw_string_vec4
    %pushi/vec4 841888309, 0, 32; draw_string_vec4
    %concat/vec4; draw_string_vec4
    %store/vec4 v000002425c4c2e80_0, 0, 1600;
    %fork TD_tb_fpu_top.check, S_000002425c4eab60;
    %join;
    %pushi/vec4 1077936128, 0, 32;
    %store/vec4 v000002425c4c2700_0, 0, 32;
    %pushi/vec4 1077936128, 0, 32;
    %store/vec4 v000002425c4c22a0_0, 0, 32;
    %pushi/vec4 1, 0, 2;
    %store/vec4 v000002425c4c3880_0, 0, 2;
    %pushi/vec4 0, 0, 32;
    %store/vec4 v000002425c4c32e0_0, 0, 32;
    %pushi/vec4 0, 0, 32; draw_string_vec4
    %pushi/vec4 0, 0, 32; draw_string_vec4
    %concat/vec4; draw_string_vec4
    %pushi/vec4 0, 0, 32; draw_string_vec4
    %concat/vec4; draw_string_vec4
    %pushi/vec4 0, 0, 32; draw_string_vec4
    %concat/vec4; draw_string_vec4
    %pushi/vec4 0, 0, 32; draw_string_vec4
    %concat/vec4; draw_string_vec4
    %pushi/vec4 0, 0, 32; draw_string_vec4
    %concat/vec4; draw_string_vec4
    %pushi/vec4 0, 0, 32; draw_string_vec4
    %concat/vec4; draw_string_vec4
    %pushi/vec4 0, 0, 32; draw_string_vec4
    %concat/vec4; draw_string_vec4
    %pushi/vec4 0, 0, 32; draw_string_vec4
    %concat/vec4; draw_string_vec4
    %pushi/vec4 0, 0, 32; draw_string_vec4
    %concat/vec4; draw_string_vec4
    %pushi/vec4 0, 0, 32; draw_string_vec4
    %concat/vec4; draw_string_vec4
    %pushi/vec4 0, 0, 32; draw_string_vec4
    %concat/vec4; draw_string_vec4
    %pushi/vec4 0, 0, 32; draw_string_vec4
    %concat/vec4; draw_string_vec4
    %pushi/vec4 0, 0, 32; draw_string_vec4
    %concat/vec4; draw_string_vec4
    %pushi/vec4 0, 0, 32; draw_string_vec4
    %concat/vec4; draw_string_vec4
    %pushi/vec4 0, 0, 32; draw_string_vec4
    %concat/vec4; draw_string_vec4
    %pushi/vec4 0, 0, 32; draw_string_vec4
    %concat/vec4; draw_string_vec4
    %pushi/vec4 0, 0, 32; draw_string_vec4
    %concat/vec4; draw_string_vec4
    %pushi/vec4 0, 0, 32; draw_string_vec4
    %concat/vec4; draw_string_vec4
    %pushi/vec4 0, 0, 32; draw_string_vec4
    %concat/vec4; draw_string_vec4
    %pushi/vec4 0, 0, 32; draw_string_vec4
    %concat/vec4; draw_string_vec4
    %pushi/vec4 0, 0, 32; draw_string_vec4
    %concat/vec4; draw_string_vec4
    %pushi/vec4 0, 0, 32; draw_string_vec4
    %concat/vec4; draw_string_vec4
    %pushi/vec4 0, 0, 32; draw_string_vec4
    %concat/vec4; draw_string_vec4
    %pushi/vec4 0, 0, 32; draw_string_vec4
    %concat/vec4; draw_string_vec4
    %pushi/vec4 0, 0, 32; draw_string_vec4
    %concat/vec4; draw_string_vec4
    %pushi/vec4 0, 0, 32; draw_string_vec4
    %concat/vec4; draw_string_vec4
    %pushi/vec4 0, 0, 32; draw_string_vec4
    %concat/vec4; draw_string_vec4
    %pushi/vec4 0, 0, 32; draw_string_vec4
    %concat/vec4; draw_string_vec4
    %pushi/vec4 0, 0, 32; draw_string_vec4
    %concat/vec4; draw_string_vec4
    %pushi/vec4 0, 0, 32; draw_string_vec4
    %concat/vec4; draw_string_vec4
    %pushi/vec4 0, 0, 32; draw_string_vec4
    %concat/vec4; draw_string_vec4
    %pushi/vec4 0, 0, 32; draw_string_vec4
    %concat/vec4; draw_string_vec4
    %pushi/vec4 0, 0, 32; draw_string_vec4
    %concat/vec4; draw_string_vec4
    %pushi/vec4 0, 0, 32; draw_string_vec4
    %concat/vec4; draw_string_vec4
    %pushi/vec4 0, 0, 32; draw_string_vec4
    %concat/vec4; draw_string_vec4
    %pushi/vec4 0, 0, 32; draw_string_vec4
    %concat/vec4; draw_string_vec4
    %pushi/vec4 0, 0, 32; draw_string_vec4
    %concat/vec4; draw_string_vec4
    %pushi/vec4 0, 0, 32; draw_string_vec4
    %concat/vec4; draw_string_vec4
    %pushi/vec4 0, 0, 32; draw_string_vec4
    %concat/vec4; draw_string_vec4
    %pushi/vec4 0, 0, 32; draw_string_vec4
    %concat/vec4; draw_string_vec4
    %pushi/vec4 0, 0, 32; draw_string_vec4
    %concat/vec4; draw_string_vec4
    %pushi/vec4 0, 0, 32; draw_string_vec4
    %concat/vec4; draw_string_vec4
    %pushi/vec4 0, 0, 32; draw_string_vec4
    %concat/vec4; draw_string_vec4
    %pushi/vec4 0, 0, 32; draw_string_vec4
    %concat/vec4; draw_string_vec4
    %pushi/vec4 0, 0, 32; draw_string_vec4
    %concat/vec4; draw_string_vec4
    %pushi/vec4 0, 0, 32; draw_string_vec4
    %concat/vec4; draw_string_vec4
    %pushi/vec4 5461314, 0, 32; draw_string_vec4
    %concat/vec4; draw_string_vec4
    %pushi/vec4 540225072, 0, 32; draw_string_vec4
    %concat/vec4; draw_string_vec4
    %pushi/vec4 758328880, 0, 32; draw_string_vec4
    %concat/vec4; draw_string_vec4
    %store/vec4 v000002425c4c2e80_0, 0, 1600;
    %fork TD_tb_fpu_top.check, S_000002425c4eab60;
    %join;
    %pushi/vec4 1073741824, 0, 32;
    %store/vec4 v000002425c4c2700_0, 0, 32;
    %pushi/vec4 1077936128, 0, 32;
    %store/vec4 v000002425c4c22a0_0, 0, 32;
    %pushi/vec4 2, 0, 2;
    %store/vec4 v000002425c4c3880_0, 0, 2;
    %pushi/vec4 1086324736, 0, 32;
    %store/vec4 v000002425c4c32e0_0, 0, 32;
    %pushi/vec4 0, 0, 32; draw_string_vec4
    %pushi/vec4 0, 0, 32; draw_string_vec4
    %concat/vec4; draw_string_vec4
    %pushi/vec4 0, 0, 32; draw_string_vec4
    %concat/vec4; draw_string_vec4
    %pushi/vec4 0, 0, 32; draw_string_vec4
    %concat/vec4; draw_string_vec4
    %pushi/vec4 0, 0, 32; draw_string_vec4
    %concat/vec4; draw_string_vec4
    %pushi/vec4 0, 0, 32; draw_string_vec4
    %concat/vec4; draw_string_vec4
    %pushi/vec4 0, 0, 32; draw_string_vec4
    %concat/vec4; draw_string_vec4
    %pushi/vec4 0, 0, 32; draw_string_vec4
    %concat/vec4; draw_string_vec4
    %pushi/vec4 0, 0, 32; draw_string_vec4
    %concat/vec4; draw_string_vec4
    %pushi/vec4 0, 0, 32; draw_string_vec4
    %concat/vec4; draw_string_vec4
    %pushi/vec4 0, 0, 32; draw_string_vec4
    %concat/vec4; draw_string_vec4
    %pushi/vec4 0, 0, 32; draw_string_vec4
    %concat/vec4; draw_string_vec4
    %pushi/vec4 0, 0, 32; draw_string_vec4
    %concat/vec4; draw_string_vec4
    %pushi/vec4 0, 0, 32; draw_string_vec4
    %concat/vec4; draw_string_vec4
    %pushi/vec4 0, 0, 32; draw_string_vec4
    %concat/vec4; draw_string_vec4
    %pushi/vec4 0, 0, 32; draw_string_vec4
    %concat/vec4; draw_string_vec4
    %pushi/vec4 0, 0, 32; draw_string_vec4
    %concat/vec4; draw_string_vec4
    %pushi/vec4 0, 0, 32; draw_string_vec4
    %concat/vec4; draw_string_vec4
    %pushi/vec4 0, 0, 32; draw_string_vec4
    %concat/vec4; draw_string_vec4
    %pushi/vec4 0, 0, 32; draw_string_vec4
    %concat/vec4; draw_string_vec4
    %pushi/vec4 0, 0, 32; draw_string_vec4
    %concat/vec4; draw_string_vec4
    %pushi/vec4 0, 0, 32; draw_string_vec4
    %concat/vec4; draw_string_vec4
    %pushi/vec4 0, 0, 32; draw_string_vec4
    %concat/vec4; draw_string_vec4
    %pushi/vec4 0, 0, 32; draw_string_vec4
    %concat/vec4; draw_string_vec4
    %pushi/vec4 0, 0, 32; draw_string_vec4
    %concat/vec4; draw_string_vec4
    %pushi/vec4 0, 0, 32; draw_string_vec4
    %concat/vec4; draw_string_vec4
    %pushi/vec4 0, 0, 32; draw_string_vec4
    %concat/vec4; draw_string_vec4
    %pushi/vec4 0, 0, 32; draw_string_vec4
    %concat/vec4; draw_string_vec4
    %pushi/vec4 0, 0, 32; draw_string_vec4
    %concat/vec4; draw_string_vec4
    %pushi/vec4 0, 0, 32; draw_string_vec4
    %concat/vec4; draw_string_vec4
    %pushi/vec4 0, 0, 32; draw_string_vec4
    %concat/vec4; draw_string_vec4
    %pushi/vec4 0, 0, 32; draw_string_vec4
    %concat/vec4; draw_string_vec4
    %pushi/vec4 0, 0, 32; draw_string_vec4
    %concat/vec4; draw_string_vec4
    %pushi/vec4 0, 0, 32; draw_string_vec4
    %concat/vec4; draw_string_vec4
    %pushi/vec4 0, 0, 32; draw_string_vec4
    %concat/vec4; draw_string_vec4
    %pushi/vec4 0, 0, 32; draw_string_vec4
    %concat/vec4; draw_string_vec4
    %pushi/vec4 0, 0, 32; draw_string_vec4
    %concat/vec4; draw_string_vec4
    %pushi/vec4 0, 0, 32; draw_string_vec4
    %concat/vec4; draw_string_vec4
    %pushi/vec4 0, 0, 32; draw_string_vec4
    %concat/vec4; draw_string_vec4
    %pushi/vec4 0, 0, 32; draw_string_vec4
    %concat/vec4; draw_string_vec4
    %pushi/vec4 0, 0, 32; draw_string_vec4
    %concat/vec4; draw_string_vec4
    %pushi/vec4 0, 0, 32; draw_string_vec4
    %concat/vec4; draw_string_vec4
    %pushi/vec4 0, 0, 32; draw_string_vec4
    %concat/vec4; draw_string_vec4
    %pushi/vec4 0, 0, 32; draw_string_vec4
    %concat/vec4; draw_string_vec4
    %pushi/vec4 0, 0, 32; draw_string_vec4
    %concat/vec4; draw_string_vec4
    %pushi/vec4 0, 0, 32; draw_string_vec4
    %concat/vec4; draw_string_vec4
    %pushi/vec4 0, 0, 32; draw_string_vec4
    %concat/vec4; draw_string_vec4
    %pushi/vec4 5068108, 0, 32; draw_string_vec4
    %concat/vec4; draw_string_vec4
    %pushi/vec4 540159536, 0, 32; draw_string_vec4
    %concat/vec4; draw_string_vec4
    %pushi/vec4 707997232, 0, 32; draw_string_vec4
    %concat/vec4; draw_string_vec4
    %store/vec4 v000002425c4c2e80_0, 0, 1600;
    %fork TD_tb_fpu_top.check, S_000002425c4eab60;
    %join;
    %pushi/vec4 3212836864, 0, 32;
    %store/vec4 v000002425c4c2700_0, 0, 32;
    %pushi/vec4 1073741824, 0, 32;
    %store/vec4 v000002425c4c22a0_0, 0, 32;
    %pushi/vec4 2, 0, 2;
    %store/vec4 v000002425c4c3880_0, 0, 2;
    %pushi/vec4 3221225472, 0, 32;
    %store/vec4 v000002425c4c32e0_0, 0, 32;
    %pushi/vec4 0, 0, 32; draw_string_vec4
    %pushi/vec4 0, 0, 32; draw_string_vec4
    %concat/vec4; draw_string_vec4
    %pushi/vec4 0, 0, 32; draw_string_vec4
    %concat/vec4; draw_string_vec4
    %pushi/vec4 0, 0, 32; draw_string_vec4
    %concat/vec4; draw_string_vec4
    %pushi/vec4 0, 0, 32; draw_string_vec4
    %concat/vec4; draw_string_vec4
    %pushi/vec4 0, 0, 32; draw_string_vec4
    %concat/vec4; draw_string_vec4
    %pushi/vec4 0, 0, 32; draw_string_vec4
    %concat/vec4; draw_string_vec4
    %pushi/vec4 0, 0, 32; draw_string_vec4
    %concat/vec4; draw_string_vec4
    %pushi/vec4 0, 0, 32; draw_string_vec4
    %concat/vec4; draw_string_vec4
    %pushi/vec4 0, 0, 32; draw_string_vec4
    %concat/vec4; draw_string_vec4
    %pushi/vec4 0, 0, 32; draw_string_vec4
    %concat/vec4; draw_string_vec4
    %pushi/vec4 0, 0, 32; draw_string_vec4
    %concat/vec4; draw_string_vec4
    %pushi/vec4 0, 0, 32; draw_string_vec4
    %concat/vec4; draw_string_vec4
    %pushi/vec4 0, 0, 32; draw_string_vec4
    %concat/vec4; draw_string_vec4
    %pushi/vec4 0, 0, 32; draw_string_vec4
    %concat/vec4; draw_string_vec4
    %pushi/vec4 0, 0, 32; draw_string_vec4
    %concat/vec4; draw_string_vec4
    %pushi/vec4 0, 0, 32; draw_string_vec4
    %concat/vec4; draw_string_vec4
    %pushi/vec4 0, 0, 32; draw_string_vec4
    %concat/vec4; draw_string_vec4
    %pushi/vec4 0, 0, 32; draw_string_vec4
    %concat/vec4; draw_string_vec4
    %pushi/vec4 0, 0, 32; draw_string_vec4
    %concat/vec4; draw_string_vec4
    %pushi/vec4 0, 0, 32; draw_string_vec4
    %concat/vec4; draw_string_vec4
    %pushi/vec4 0, 0, 32; draw_string_vec4
    %concat/vec4; draw_string_vec4
    %pushi/vec4 0, 0, 32; draw_string_vec4
    %concat/vec4; draw_string_vec4
    %pushi/vec4 0, 0, 32; draw_string_vec4
    %concat/vec4; draw_string_vec4
    %pushi/vec4 0, 0, 32; draw_string_vec4
    %concat/vec4; draw_string_vec4
    %pushi/vec4 0, 0, 32; draw_string_vec4
    %concat/vec4; draw_string_vec4
    %pushi/vec4 0, 0, 32; draw_string_vec4
    %concat/vec4; draw_string_vec4
    %pushi/vec4 0, 0, 32; draw_string_vec4
    %concat/vec4; draw_string_vec4
    %pushi/vec4 0, 0, 32; draw_string_vec4
    %concat/vec4; draw_string_vec4
    %pushi/vec4 0, 0, 32; draw_string_vec4
    %concat/vec4; draw_string_vec4
    %pushi/vec4 0, 0, 32; draw_string_vec4
    %concat/vec4; draw_string_vec4
    %pushi/vec4 0, 0, 32; draw_string_vec4
    %concat/vec4; draw_string_vec4
    %pushi/vec4 0, 0, 32; draw_string_vec4
    %concat/vec4; draw_string_vec4
    %pushi/vec4 0, 0, 32; draw_string_vec4
    %concat/vec4; draw_string_vec4
    %pushi/vec4 0, 0, 32; draw_string_vec4
    %concat/vec4; draw_string_vec4
    %pushi/vec4 0, 0, 32; draw_string_vec4
    %concat/vec4; draw_string_vec4
    %pushi/vec4 0, 0, 32; draw_string_vec4
    %concat/vec4; draw_string_vec4
    %pushi/vec4 0, 0, 32; draw_string_vec4
    %concat/vec4; draw_string_vec4
    %pushi/vec4 0, 0, 32; draw_string_vec4
    %concat/vec4; draw_string_vec4
    %pushi/vec4 0, 0, 32; draw_string_vec4
    %concat/vec4; draw_string_vec4
    %pushi/vec4 0, 0, 32; draw_string_vec4
    %concat/vec4; draw_string_vec4
    %pushi/vec4 0, 0, 32; draw_string_vec4
    %concat/vec4; draw_string_vec4
    %pushi/vec4 0, 0, 32; draw_string_vec4
    %concat/vec4; draw_string_vec4
    %pushi/vec4 0, 0, 32; draw_string_vec4
    %concat/vec4; draw_string_vec4
    %pushi/vec4 0, 0, 32; draw_string_vec4
    %concat/vec4; draw_string_vec4
    %pushi/vec4 0, 0, 32; draw_string_vec4
    %concat/vec4; draw_string_vec4
    %pushi/vec4 0, 0, 32; draw_string_vec4
    %concat/vec4; draw_string_vec4
    %pushi/vec4 1297435680, 0, 32; draw_string_vec4
    %concat/vec4; draw_string_vec4
    %pushi/vec4 758197808, 0, 32; draw_string_vec4
    %concat/vec4; draw_string_vec4
    %pushi/vec4 707931696, 0, 32; draw_string_vec4
    %concat/vec4; draw_string_vec4
    %store/vec4 v000002425c4c2e80_0, 0, 1600;
    %fork TD_tb_fpu_top.check, S_000002425c4eab60;
    %join;
    %load/vec4 v000002425c564b40_0;
    %cmpi/e 0, 0, 32;
    %jmp/0xz  T_11.0, 4;
    %vpi_call 2 41 "$display", "\012*** ALL TESTS PASSED ***" {0 0 0};
    %jmp T_11.1;
T_11.0 ;
    %vpi_call 2 43 "$display", "\012*** %0d TEST(S) FAILED ***", v000002425c564b40_0 {0 0 0};
T_11.1 ;
    %vpi_call 2 45 "$finish" {0 0 0};
    %end;
    .thread T_11;
# The file index is used to find the file name in the following table.
:file_names 6;
    "N/A";
    "<interactive>";
    "Tb_Fpu_top.v";
    "./FPU_Top.v";
    "./fp_adder_subtractor.v";
    "./fp_multiplier.v";
