#! /c/Source/iverilog-install/bin/vvp
:ivl_version "12.0 (devel)" "(s20150603-1539-g2693dd32b)";
:ivl_delay_selection "TYPICAL";
:vpi_time_precision - 12;
:vpi_module "C:\iverilog\lib\ivl\system.vpi";
:vpi_module "C:\iverilog\lib\ivl\vhdl_sys.vpi";
:vpi_module "C:\iverilog\lib\ivl\vhdl_textio.vpi";
:vpi_module "C:\iverilog\lib\ivl\v2005_math.vpi";
:vpi_module "C:\iverilog\lib\ivl\va_math.vpi";
S_000001ad364d7040 .scope module, "Tb_Fp_multiplier" "Tb_Fp_multiplier" 2 4;
 .timescale -9 -12;
v000001ad364ed880_0 .var "a", 31 0;
v000001ad364eea00_0 .var "b", 31 0;
v000001ad364edf60_0 .var/i "errors", 31 0;
v000001ad364ecf20_0 .net "invalid", 0 0, v000001ad3654b580_0;  1 drivers
v000001ad364ecfc0_0 .net "overflow", 0 0, v000001ad3654b760_0;  1 drivers
v000001ad364edec0_0 .net "result", 31 0, v000001ad3654a360_0;  1 drivers
v000001ad364ee000_0 .net "underflow", 0 0, v000001ad3654aea0_0;  1 drivers
S_000001ad364ebbc0 .scope task, "check" "check" 2 18, 2 18 0, S_000001ad364d7040;
 .timescale -9 -12;
v000001ad364cb000_0 .var "expected", 31 0;
v000001ad364ca920_0 .var "name", 1599 0;
v000001ad364cc360_0 .var "va", 31 0;
v000001ad364cb8c0_0 .var "vb", 31 0;
TD_Tb_Fp_multiplier.check ;
    %load/vec4 v000001ad364cc360_0;
    %store/vec4 v000001ad364ed880_0, 0, 32;
    %load/vec4 v000001ad364cb8c0_0;
    %store/vec4 v000001ad364eea00_0, 0, 32;
    %delay 1000, 0;
    %load/vec4 v000001ad364edec0_0;
    %load/vec4 v000001ad364cb000_0;
    %cmp/ne;
    %jmp/0xz  T_0.0, 6;
    %load/vec4 v000001ad364edf60_0;
    %addi 1, 0, 32;
    %store/vec4 v000001ad364edf60_0, 0, 32;
    %vpi_call 2 24 "$display", "FAIL  %0s : a=%h b=%h  got=%h  expected=%h", v000001ad364ca920_0, v000001ad364cc360_0, v000001ad364cb8c0_0, v000001ad364edec0_0, v000001ad364cb000_0 {0 0 0};
    %jmp T_0.1;
T_0.0 ;
    %vpi_call 2 26 "$display", "PASS  %0s : result=%h", v000001ad364ca920_0, v000001ad364edec0_0 {0 0 0};
T_0.1 ;
    %end;
S_000001ad36456710 .scope module, "dut" "fp_multiplier" 2 12, 3 12 0, S_000001ad364d7040;
 .timescale -9 -12;
    .port_info 0 /INPUT 32 "a";
    .port_info 1 /INPUT 32 "b";
    .port_info 2 /OUTPUT 32 "result";
    .port_info 3 /OUTPUT 1 "overflow";
    .port_info 4 /OUTPUT 1 "underflow";
    .port_info 5 /OUTPUT 1 "invalid";
L_000001ad364c6ff0 .functor XOR 1, L_000001ad364ed420, L_000001ad364ed060, C4<0>, C4<0>;
L_000001ad364c6f10 .functor AND 1, L_000001ad364ee0a0, L_000001ad364ed4c0, C4<1>, C4<1>;
L_000001ad364c70d0 .functor AND 1, L_000001ad364ed560, L_000001ad364ee140, C4<1>, C4<1>;
L_000001ad364c7140 .functor AND 1, L_000001ad364eebe0, L_000001ad364ed920, C4<1>, C4<1>;
L_000001ad364c69d0 .functor AND 1, L_000001ad364ed1a0, L_000001ad364ed600, C4<1>, C4<1>;
L_000001ad364c7290 .functor OR 1, L_000001ad364eda60, L_000001ad364edba0, C4<0>, C4<0>;
L_000001ad364c6880 .functor OR 1, L_000001ad364c7290, L_000001ad364edc40, C4<0>, C4<0>;
L_000001ad364c6b20 .functor AND 1, L_000001ad364ee820, L_000001ad364c6880, C4<1>, C4<1>;
v000001ad364cab00_0 .net *"_ivl_104", 0 0, L_000001ad364c7290;  1 drivers
v000001ad364cb640_0 .net *"_ivl_107", 0 0, L_000001ad364edc40;  1 drivers
v000001ad364caba0_0 .net *"_ivl_108", 0 0, L_000001ad364c6880;  1 drivers
v000001ad364cc2c0_0 .net *"_ivl_112", 24 0, L_000001ad364ee780;  1 drivers
L_000001ad36560550 .functor BUFT 1, C4<0>, C4<0>, C4<0>, C4<0>;
v000001ad364ca9c0_0 .net *"_ivl_115", 0 0, L_000001ad36560550;  1 drivers
v000001ad364cace0_0 .net *"_ivl_116", 24 0, L_000001ad364ede20;  1 drivers
L_000001ad36560598 .functor BUFT 1, C4<000000000000000000000000>, C4<0>, C4<0>, C4<0>;
v000001ad364cc5e0_0 .net *"_ivl_119", 23 0, L_000001ad36560598;  1 drivers
L_000001ad365605e0 .functor BUFT 1, C4<0011111111>, C4<0>, C4<0>, C4<0>;
v000001ad364cbc80_0 .net/2s *"_ivl_122", 9 0, L_000001ad365605e0;  1 drivers
L_000001ad36560628 .functor BUFT 1, C4<0000000000>, C4<0>, C4<0>, C4<0>;
v000001ad364cb820_0 .net/2s *"_ivl_126", 9 0, L_000001ad36560628;  1 drivers
L_000001ad36560670 .functor BUFT 1, C4<11111111>, C4<0>, C4<0>, C4<0>;
v000001ad364cbd20_0 .net/2u *"_ivl_130", 7 0, L_000001ad36560670;  1 drivers
L_000001ad365606b8 .functor BUFT 1, C4<00000000000000000000000>, C4<0>, C4<0>, C4<0>;
v000001ad364cb0a0_0 .net/2u *"_ivl_132", 22 0, L_000001ad365606b8;  1 drivers
v000001ad364cb140_0 .net *"_ivl_134", 31 0, L_000001ad364ee460;  1 drivers
L_000001ad36560700 .functor BUFT 1, C4<0000000000000000000000000000000>, C4<0>, C4<0>, C4<0>;
v000001ad364cad80_0 .net/2u *"_ivl_136", 30 0, L_000001ad36560700;  1 drivers
v000001ad364cbfa0_0 .net *"_ivl_138", 31 0, L_000001ad364edce0;  1 drivers
L_000001ad36560088 .functor BUFT 1, C4<11111111>, C4<0>, C4<0>, C4<0>;
v000001ad364cc400_0 .net/2u *"_ivl_14", 7 0, L_000001ad36560088;  1 drivers
v000001ad364cbdc0_0 .net *"_ivl_141", 7 0, L_000001ad364edd80;  1 drivers
v000001ad364cc4a0_0 .net *"_ivl_143", 22 0, L_000001ad364ee8c0;  1 drivers
v000001ad364cb1e0_0 .net *"_ivl_144", 31 0, L_000001ad364ee960;  1 drivers
v000001ad364cbf00_0 .net *"_ivl_146", 31 0, L_000001ad364eed20;  1 drivers
v000001ad364cb320_0 .net *"_ivl_16", 0 0, L_000001ad364ee0a0;  1 drivers
L_000001ad365600d0 .functor BUFT 1, C4<00000000000000000000000>, C4<0>, C4<0>, C4<0>;
v000001ad364cb280_0 .net/2u *"_ivl_18", 22 0, L_000001ad365600d0;  1 drivers
v000001ad364cb3c0_0 .net *"_ivl_20", 0 0, L_000001ad364ed4c0;  1 drivers
L_000001ad36560118 .functor BUFT 1, C4<11111111>, C4<0>, C4<0>, C4<0>;
v000001ad364ca880_0 .net/2u *"_ivl_24", 7 0, L_000001ad36560118;  1 drivers
v000001ad364cc540_0 .net *"_ivl_26", 0 0, L_000001ad364ed560;  1 drivers
L_000001ad36560160 .functor BUFT 1, C4<00000000000000000000000>, C4<0>, C4<0>, C4<0>;
v000001ad364cb960_0 .net/2u *"_ivl_28", 22 0, L_000001ad36560160;  1 drivers
v000001ad364cbe60_0 .net *"_ivl_30", 0 0, L_000001ad364ee140;  1 drivers
L_000001ad365601a8 .functor BUFT 1, C4<11111111>, C4<0>, C4<0>, C4<0>;
v000001ad364cc040_0 .net/2u *"_ivl_34", 7 0, L_000001ad365601a8;  1 drivers
v000001ad364cb500_0 .net *"_ivl_36", 0 0, L_000001ad364eebe0;  1 drivers
L_000001ad365601f0 .functor BUFT 1, C4<00000000000000000000000>, C4<0>, C4<0>, C4<0>;
v000001ad364cc0e0_0 .net/2u *"_ivl_38", 22 0, L_000001ad365601f0;  1 drivers
v000001ad364cc680_0 .net *"_ivl_40", 0 0, L_000001ad364ed920;  1 drivers
L_000001ad36560238 .functor BUFT 1, C4<11111111>, C4<0>, C4<0>, C4<0>;
v000001ad364cb6e0_0 .net/2u *"_ivl_44", 7 0, L_000001ad36560238;  1 drivers
v000001ad364cb780_0 .net *"_ivl_46", 0 0, L_000001ad364ed1a0;  1 drivers
L_000001ad36560280 .functor BUFT 1, C4<00000000000000000000000>, C4<0>, C4<0>, C4<0>;
v000001ad364ca7e0_0 .net/2u *"_ivl_48", 22 0, L_000001ad36560280;  1 drivers
v000001ad364cba00_0 .net *"_ivl_50", 0 0, L_000001ad364ed600;  1 drivers
L_000001ad365602c8 .functor BUFT 1, C4<00000000>, C4<0>, C4<0>, C4<0>;
v000001ad364cc180_0 .net/2u *"_ivl_54", 7 0, L_000001ad365602c8;  1 drivers
L_000001ad36560310 .functor BUFT 1, C4<00000000>, C4<0>, C4<0>, C4<0>;
v000001ad364cc220_0 .net/2u *"_ivl_58", 7 0, L_000001ad36560310;  1 drivers
L_000001ad36560358 .functor BUFT 1, C4<1>, C4<0>, C4<0>, C4<0>;
v000001ad3654ab80_0 .net/2u *"_ivl_62", 0 0, L_000001ad36560358;  1 drivers
L_000001ad365603a0 .functor BUFT 1, C4<1>, C4<0>, C4<0>, C4<0>;
v000001ad3654a0e0_0 .net/2u *"_ivl_66", 0 0, L_000001ad365603a0;  1 drivers
v000001ad3654b260_0 .net *"_ivl_70", 47 0, L_000001ad364eeaa0;  1 drivers
L_000001ad365603e8 .functor BUFT 1, C4<000000000000000000000000>, C4<0>, C4<0>, C4<0>;
v000001ad3654b300_0 .net *"_ivl_73", 23 0, L_000001ad365603e8;  1 drivers
v000001ad3654afe0_0 .net *"_ivl_74", 47 0, L_000001ad364ee6e0;  1 drivers
L_000001ad36560430 .functor BUFT 1, C4<000000000000000000000000>, C4<0>, C4<0>, C4<0>;
v000001ad3654b3a0_0 .net *"_ivl_77", 23 0, L_000001ad36560430;  1 drivers
L_000001ad36560478 .functor BUFT 1, C4<00>, C4<0>, C4<0>, C4<0>;
v000001ad3654a9a0_0 .net/2u *"_ivl_80", 1 0, L_000001ad36560478;  1 drivers
v000001ad36549e60_0 .net *"_ivl_82", 9 0, L_000001ad364ee500;  1 drivers
L_000001ad365604c0 .functor BUFT 1, C4<00>, C4<0>, C4<0>, C4<0>;
v000001ad3654a5e0_0 .net/2u *"_ivl_84", 1 0, L_000001ad365604c0;  1 drivers
v000001ad36549d20_0 .net *"_ivl_86", 9 0, L_000001ad364ed6a0;  1 drivers
v000001ad3654b620_0 .net/s *"_ivl_88", 9 0, L_000001ad364ed740;  1 drivers
L_000001ad36560508 .functor BUFT 1, C4<0001111111>, C4<0>, C4<0>, C4<0>;
v000001ad3654b440_0 .net/2s *"_ivl_90", 9 0, L_000001ad36560508;  1 drivers
v000001ad3654aae0_0 .net *"_ivl_99", 21 0, L_000001ad364edb00;  1 drivers
v000001ad36549dc0_0 .net "a", 31 0, v000001ad364ed880_0;  1 drivers
v000001ad36549aa0_0 .net "a_is_inf", 0 0, L_000001ad364c7140;  1 drivers
v000001ad3654a860_0 .net "a_is_nan", 0 0, L_000001ad364c6f10;  1 drivers
v000001ad3654a400_0 .net "a_is_zero", 0 0, L_000001ad364ee640;  1 drivers
v000001ad3654ac20_0 .net "b", 31 0, v000001ad364eea00_0;  1 drivers
v000001ad3654af40_0 .net "b_is_inf", 0 0, L_000001ad364c69d0;  1 drivers
v000001ad3654a4a0_0 .net "b_is_nan", 0 0, L_000001ad364c70d0;  1 drivers
v000001ad3654aa40_0 .net "b_is_zero", 0 0, L_000001ad364ed240;  1 drivers
v000001ad3654b080_0 .net "exp_a", 7 0, L_000001ad364ed2e0;  1 drivers
v000001ad36549f00_0 .net "exp_b", 7 0, L_000001ad364ed100;  1 drivers
v000001ad3654a680_0 .net/s "exp_sum", 9 0, L_000001ad364ed7e0;  1 drivers
v000001ad36549fa0_0 .var/s "final_exp", 9 0;
v000001ad3654b120_0 .var "final_mant", 23 0;
v000001ad3654b4e0_0 .net "frac_a", 22 0, L_000001ad364ed380;  1 drivers
v000001ad3654a040_0 .net "frac_b", 22 0, L_000001ad364ee5a0;  1 drivers
v000001ad3654a540_0 .net "guard_bit", 0 0, L_000001ad364ee820;  1 drivers
v000001ad3654b580_0 .var "invalid", 0 0;
v000001ad3654ad60_0 .net "mant_a", 23 0, L_000001ad364eec80;  1 drivers
v000001ad3654b6c0_0 .net "mant_b", 23 0, L_000001ad364ee1e0;  1 drivers
v000001ad3654a180_0 .net "mant_rounded", 24 0, L_000001ad364ee280;  1 drivers
v000001ad3654a220_0 .net "mant_trunc", 23 0, L_000001ad364ee320;  1 drivers
v000001ad3654a2c0_0 .var/s "norm_exp", 9 0;
v000001ad3654b1c0_0 .var "norm_product", 47 0;
v000001ad3654a720_0 .net "normal_overflow", 0 0, L_000001ad364eeb40;  1 drivers
v000001ad36549a00_0 .net "normal_result", 31 0, L_000001ad364ece80;  1 drivers
v000001ad3654a7c0_0 .net "normal_underflow", 0 0, L_000001ad364ee3c0;  1 drivers
v000001ad3654b760_0 .var "overflow", 0 0;
v000001ad365498c0_0 .net "product", 47 0, L_000001ad364ed9c0;  1 drivers
L_000001ad36560748 .functor BUFT 1, C4<01111111110000000000000000000000>, C4<0>, C4<0>, C4<0>;
v000001ad36549960_0 .net "qnan", 31 0, L_000001ad36560748;  1 drivers
v000001ad3654a360_0 .var "result", 31 0;
v000001ad36549b40_0 .net "result_sign", 0 0, L_000001ad364c6ff0;  1 drivers
v000001ad3654acc0_0 .net "round_bit", 0 0, L_000001ad364eda60;  1 drivers
v000001ad3654a900_0 .net "round_up", 0 0, L_000001ad364c6b20;  1 drivers
v000001ad3654ae00_0 .net "sign_a", 0 0, L_000001ad364ed420;  1 drivers
v000001ad36549be0_0 .net "sign_b", 0 0, L_000001ad364ed060;  1 drivers
v000001ad36549c80_0 .net "sticky_bit", 0 0, L_000001ad364edba0;  1 drivers
v000001ad3654aea0_0 .var "underflow", 0 0;
E_000001ad364ce0e0/0 .event anyedge, v000001ad3654a860_0, v000001ad3654a4a0_0, v000001ad36549960_0, v000001ad36549aa0_0;
E_000001ad364ce0e0/1 .event anyedge, v000001ad3654aa40_0, v000001ad3654a400_0, v000001ad3654af40_0, v000001ad36549b40_0;
E_000001ad364ce0e0/2 .event anyedge, v000001ad36549a00_0, v000001ad3654a720_0, v000001ad3654a7c0_0;
E_000001ad364ce0e0 .event/or E_000001ad364ce0e0/0, E_000001ad364ce0e0/1, E_000001ad364ce0e0/2;
E_000001ad364cdc20 .event anyedge, v000001ad3654a180_0, v000001ad3654a2c0_0;
E_000001ad364cdca0 .event anyedge, v000001ad365498c0_0, v000001ad3654a680_0;
L_000001ad364ed420 .part v000001ad364ed880_0, 31, 1;
L_000001ad364ed2e0 .part v000001ad364ed880_0, 23, 8;
L_000001ad364ed380 .part v000001ad364ed880_0, 0, 23;
L_000001ad364ed060 .part v000001ad364eea00_0, 31, 1;
L_000001ad364ed100 .part v000001ad364eea00_0, 23, 8;
L_000001ad364ee5a0 .part v000001ad364eea00_0, 0, 23;
L_000001ad364ee0a0 .cmp/eq 8, L_000001ad364ed2e0, L_000001ad36560088;
L_000001ad364ed4c0 .cmp/ne 23, L_000001ad364ed380, L_000001ad365600d0;
L_000001ad364ed560 .cmp/eq 8, L_000001ad364ed100, L_000001ad36560118;
L_000001ad364ee140 .cmp/ne 23, L_000001ad364ee5a0, L_000001ad36560160;
L_000001ad364eebe0 .cmp/eq 8, L_000001ad364ed2e0, L_000001ad365601a8;
L_000001ad364ed920 .cmp/eq 23, L_000001ad364ed380, L_000001ad365601f0;
L_000001ad364ed1a0 .cmp/eq 8, L_000001ad364ed100, L_000001ad36560238;
L_000001ad364ed600 .cmp/eq 23, L_000001ad364ee5a0, L_000001ad36560280;
L_000001ad364ee640 .cmp/eq 8, L_000001ad364ed2e0, L_000001ad365602c8;
L_000001ad364ed240 .cmp/eq 8, L_000001ad364ed100, L_000001ad36560310;
L_000001ad364eec80 .concat [ 23 1 0 0], L_000001ad364ed380, L_000001ad36560358;
L_000001ad364ee1e0 .concat [ 23 1 0 0], L_000001ad364ee5a0, L_000001ad365603a0;
L_000001ad364eeaa0 .concat [ 24 24 0 0], L_000001ad364eec80, L_000001ad365603e8;
L_000001ad364ee6e0 .concat [ 24 24 0 0], L_000001ad364ee1e0, L_000001ad36560430;
L_000001ad364ed9c0 .arith/mult 48, L_000001ad364eeaa0, L_000001ad364ee6e0;
L_000001ad364ee500 .concat [ 8 2 0 0], L_000001ad364ed2e0, L_000001ad36560478;
L_000001ad364ed6a0 .concat [ 8 2 0 0], L_000001ad364ed100, L_000001ad365604c0;
L_000001ad364ed740 .arith/sum 10, L_000001ad364ee500, L_000001ad364ed6a0;
L_000001ad364ed7e0 .arith/sub 10, L_000001ad364ed740, L_000001ad36560508;
L_000001ad364ee820 .part v000001ad3654b1c0_0, 23, 1;
L_000001ad364eda60 .part v000001ad3654b1c0_0, 22, 1;
L_000001ad364edb00 .part v000001ad3654b1c0_0, 0, 22;
L_000001ad364edba0 .reduce/or L_000001ad364edb00;
L_000001ad364ee320 .part v000001ad3654b1c0_0, 24, 24;
L_000001ad364edc40 .part L_000001ad364ee320, 0, 1;
L_000001ad364ee780 .concat [ 24 1 0 0], L_000001ad364ee320, L_000001ad36560550;
L_000001ad364ede20 .concat [ 1 24 0 0], L_000001ad364c6b20, L_000001ad36560598;
L_000001ad364ee280 .arith/sum 25, L_000001ad364ee780, L_000001ad364ede20;
L_000001ad364eeb40 .cmp/ge.s 10, v000001ad36549fa0_0, L_000001ad365605e0;
L_000001ad364ee3c0 .cmp/ge.s 10, L_000001ad36560628, v000001ad36549fa0_0;
L_000001ad364ee460 .concat [ 23 8 1 0], L_000001ad365606b8, L_000001ad36560670, L_000001ad364c6ff0;
L_000001ad364edce0 .concat [ 31 1 0 0], L_000001ad36560700, L_000001ad364c6ff0;
L_000001ad364edd80 .part v000001ad36549fa0_0, 0, 8;
L_000001ad364ee8c0 .part v000001ad3654b120_0, 0, 23;
L_000001ad364ee960 .concat [ 23 8 1 0], L_000001ad364ee8c0, L_000001ad364edd80, L_000001ad364c6ff0;
L_000001ad364eed20 .functor MUXZ 32, L_000001ad364ee960, L_000001ad364edce0, L_000001ad364ee3c0, C4<>;
L_000001ad364ece80 .functor MUXZ 32, L_000001ad364eed20, L_000001ad364ee460, L_000001ad364eeb40, C4<>;
    .scope S_000001ad36456710;
T_1 ;
    %wait E_000001ad364cdca0;
    %load/vec4 v000001ad365498c0_0;
    %parti/s 1, 47, 7;
    %flag_set/vec4 8;
    %jmp/0xz  T_1.0, 8;
    %load/vec4 v000001ad365498c0_0;
    %store/vec4 v000001ad3654b1c0_0, 0, 48;
    %load/vec4 v000001ad3654a680_0;
    %addi 1, 0, 10;
    %store/vec4 v000001ad3654a2c0_0, 0, 10;
    %jmp T_1.1;
T_1.0 ;
    %load/vec4 v000001ad365498c0_0;
    %ix/load 4, 1, 0;
    %flag_set/imm 4, 0;
    %shiftl 4;
    %store/vec4 v000001ad3654b1c0_0, 0, 48;
    %load/vec4 v000001ad3654a680_0;
    %store/vec4 v000001ad3654a2c0_0, 0, 10;
T_1.1 ;
    %jmp T_1;
    .thread T_1, $push;
    .scope S_000001ad36456710;
T_2 ;
    %wait E_000001ad364cdc20;
    %load/vec4 v000001ad3654a180_0;
    %parti/s 1, 24, 6;
    %flag_set/vec4 8;
    %jmp/0xz  T_2.0, 8;
    %load/vec4 v000001ad3654a180_0;
    %parti/s 24, 1, 2;
    %store/vec4 v000001ad3654b120_0, 0, 24;
    %load/vec4 v000001ad3654a2c0_0;
    %addi 1, 0, 10;
    %store/vec4 v000001ad36549fa0_0, 0, 10;
    %jmp T_2.1;
T_2.0 ;
    %load/vec4 v000001ad3654a180_0;
    %parti/s 24, 0, 2;
    %store/vec4 v000001ad3654b120_0, 0, 24;
    %load/vec4 v000001ad3654a2c0_0;
    %store/vec4 v000001ad36549fa0_0, 0, 10;
T_2.1 ;
    %jmp T_2;
    .thread T_2, $push;
    .scope S_000001ad36456710;
T_3 ;
    %wait E_000001ad364ce0e0;
    %pushi/vec4 0, 0, 1;
    %store/vec4 v000001ad3654b760_0, 0, 1;
    %pushi/vec4 0, 0, 1;
    %store/vec4 v000001ad3654aea0_0, 0, 1;
    %pushi/vec4 0, 0, 1;
    %store/vec4 v000001ad3654b580_0, 0, 1;
    %load/vec4 v000001ad3654a860_0;
    %flag_set/vec4 8;
    %jmp/1 T_3.2, 8;
    %load/vec4 v000001ad3654a4a0_0;
    %flag_set/vec4 9;
    %flag_or 8, 9;
T_3.2;
    %jmp/0xz  T_3.0, 8;
    %load/vec4 v000001ad36549960_0;
    %store/vec4 v000001ad3654a360_0, 0, 32;
    %pushi/vec4 1, 0, 1;
    %store/vec4 v000001ad3654b580_0, 0, 1;
    %jmp T_3.1;
T_3.0 ;
    %load/vec4 v000001ad36549aa0_0;
    %flag_set/vec4 9;
    %flag_get/vec4 9;
    %jmp/0 T_3.6, 9;
    %load/vec4 v000001ad3654aa40_0;
    %and;
T_3.6;
    %flag_set/vec4 8;
    %jmp/1 T_3.5, 8;
    %load/vec4 v000001ad3654a400_0;
    %flag_set/vec4 10;
    %flag_get/vec4 10;
    %jmp/0 T_3.7, 10;
    %load/vec4 v000001ad3654af40_0;
    %and;
T_3.7;
    %flag_set/vec4 9;
    %flag_or 8, 9;
T_3.5;
    %jmp/0xz  T_3.3, 8;
    %load/vec4 v000001ad36549960_0;
    %store/vec4 v000001ad3654a360_0, 0, 32;
    %pushi/vec4 1, 0, 1;
    %store/vec4 v000001ad3654b580_0, 0, 1;
    %jmp T_3.4;
T_3.3 ;
    %load/vec4 v000001ad36549aa0_0;
    %flag_set/vec4 8;
    %jmp/1 T_3.10, 8;
    %load/vec4 v000001ad3654af40_0;
    %flag_set/vec4 9;
    %flag_or 8, 9;
T_3.10;
    %jmp/0xz  T_3.8, 8;
    %load/vec4 v000001ad36549b40_0;
    %concati/vec4 255, 0, 8;
    %concati/vec4 0, 0, 23;
    %store/vec4 v000001ad3654a360_0, 0, 32;
    %jmp T_3.9;
T_3.8 ;
    %load/vec4 v000001ad3654a400_0;
    %flag_set/vec4 8;
    %jmp/1 T_3.13, 8;
    %load/vec4 v000001ad3654aa40_0;
    %flag_set/vec4 9;
    %flag_or 8, 9;
T_3.13;
    %jmp/0xz  T_3.11, 8;
    %load/vec4 v000001ad36549b40_0;
    %concati/vec4 0, 0, 31;
    %store/vec4 v000001ad3654a360_0, 0, 32;
    %jmp T_3.12;
T_3.11 ;
    %load/vec4 v000001ad36549a00_0;
    %store/vec4 v000001ad3654a360_0, 0, 32;
    %load/vec4 v000001ad3654a720_0;
    %store/vec4 v000001ad3654b760_0, 0, 1;
    %load/vec4 v000001ad3654a7c0_0;
    %flag_set/vec4 8;
    %flag_get/vec4 8;
    %jmp/0 T_3.14, 8;
    %load/vec4 v000001ad3654a720_0;
    %nor/r;
    %and;
T_3.14;
    %store/vec4 v000001ad3654aea0_0, 0, 1;
T_3.12 ;
T_3.9 ;
T_3.4 ;
T_3.1 ;
    %jmp T_3;
    .thread T_3, $push;
    .scope S_000001ad364d7040;
T_4 ;
    %pushi/vec4 0, 0, 32;
    %store/vec4 v000001ad364edf60_0, 0, 32;
    %pushi/vec4 1073741824, 0, 32;
    %store/vec4 v000001ad364cc360_0, 0, 32;
    %pushi/vec4 1077936128, 0, 32;
    %store/vec4 v000001ad364cb8c0_0, 0, 32;
    %pushi/vec4 1086324736, 0, 32;
    %store/vec4 v000001ad364cb000_0, 0, 32;
    %pushi/vec4 0, 0, 32; draw_string_vec4
    %pushi/vec4 0, 0, 32; draw_string_vec4
    %concat/vec4; draw_string_vec4
    %pushi/vec4 0, 0, 32; draw_string_vec4
    %concat/vec4; draw_string_vec4
    %pushi/vec4 0, 0, 32; draw_string_vec4
    %concat/vec4; draw_string_vec4
    %pushi/vec4 0, 0, 32; draw_string_vec4
    %concat/vec4; draw_string_vec4
    %pushi/vec4 0, 0, 32; draw_string_vec4
    %concat/vec4; draw_string_vec4
    %pushi/vec4 0, 0, 32; draw_string_vec4
    %concat/vec4; draw_string_vec4
    %pushi/vec4 0, 0, 32; draw_string_vec4
    %concat/vec4; draw_string_vec4
    %pushi/vec4 0, 0, 32; draw_string_vec4
    %concat/vec4; draw_string_vec4
    %pushi/vec4 0, 0, 32; draw_string_vec4
    %concat/vec4; draw_string_vec4
    %pushi/vec4 0, 0, 32; draw_string_vec4
    %concat/vec4; draw_string_vec4
    %pushi/vec4 0, 0, 32; draw_string_vec4
    %concat/vec4; draw_string_vec4
    %pushi/vec4 0, 0, 32; draw_string_vec4
    %concat/vec4; draw_string_vec4
    %pushi/vec4 0, 0, 32; draw_string_vec4
    %concat/vec4; draw_string_vec4
    %pushi/vec4 0, 0, 32; draw_string_vec4
    %concat/vec4; draw_string_vec4
    %pushi/vec4 0, 0, 32; draw_string_vec4
    %concat/vec4; draw_string_vec4
    %pushi/vec4 0, 0, 32; draw_string_vec4
    %concat/vec4; draw_string_vec4
    %pushi/vec4 0, 0, 32; draw_string_vec4
    %concat/vec4; draw_string_vec4
    %pushi/vec4 0, 0, 32; draw_string_vec4
    %concat/vec4; draw_string_vec4
    %pushi/vec4 0, 0, 32; draw_string_vec4
    %concat/vec4; draw_string_vec4
    %pushi/vec4 0, 0, 32; draw_string_vec4
    %concat/vec4; draw_string_vec4
    %pushi/vec4 0, 0, 32; draw_string_vec4
    %concat/vec4; draw_string_vec4
    %pushi/vec4 0, 0, 32; draw_string_vec4
    %concat/vec4; draw_string_vec4
    %pushi/vec4 0, 0, 32; draw_string_vec4
    %concat/vec4; draw_string_vec4
    %pushi/vec4 0, 0, 32; draw_string_vec4
    %concat/vec4; draw_string_vec4
    %pushi/vec4 0, 0, 32; draw_string_vec4
    %concat/vec4; draw_string_vec4
    %pushi/vec4 0, 0, 32; draw_string_vec4
    %concat/vec4; draw_string_vec4
    %pushi/vec4 0, 0, 32; draw_string_vec4
    %concat/vec4; draw_string_vec4
    %pushi/vec4 0, 0, 32; draw_string_vec4
    %concat/vec4; draw_string_vec4
    %pushi/vec4 0, 0, 32; draw_string_vec4
    %concat/vec4; draw_string_vec4
    %pushi/vec4 0, 0, 32; draw_string_vec4
    %concat/vec4; draw_string_vec4
    %pushi/vec4 0, 0, 32; draw_string_vec4
    %concat/vec4; draw_string_vec4
    %pushi/vec4 0, 0, 32; draw_string_vec4
    %concat/vec4; draw_string_vec4
    %pushi/vec4 0, 0, 32; draw_string_vec4
    %concat/vec4; draw_string_vec4
    %pushi/vec4 0, 0, 32; draw_string_vec4
    %concat/vec4; draw_string_vec4
    %pushi/vec4 0, 0, 32; draw_string_vec4
    %concat/vec4; draw_string_vec4
    %pushi/vec4 0, 0, 32; draw_string_vec4
    %concat/vec4; draw_string_vec4
    %pushi/vec4 0, 0, 32; draw_string_vec4
    %concat/vec4; draw_string_vec4
    %pushi/vec4 0, 0, 32; draw_string_vec4
    %concat/vec4; draw_string_vec4
    %pushi/vec4 0, 0, 32; draw_string_vec4
    %concat/vec4; draw_string_vec4
    %pushi/vec4 0, 0, 32; draw_string_vec4
    %concat/vec4; draw_string_vec4
    %pushi/vec4 0, 0, 32; draw_string_vec4
    %concat/vec4; draw_string_vec4
    %pushi/vec4 0, 0, 32; draw_string_vec4
    %concat/vec4; draw_string_vec4
    %pushi/vec4 0, 0, 32; draw_string_vec4
    %concat/vec4; draw_string_vec4
    %pushi/vec4 0, 0, 32; draw_string_vec4
    %concat/vec4; draw_string_vec4
    %pushi/vec4 0, 0, 32; draw_string_vec4
    %concat/vec4; draw_string_vec4
    %pushi/vec4 0, 0, 32; draw_string_vec4
    %concat/vec4; draw_string_vec4
    %pushi/vec4 3288624, 0, 32; draw_string_vec4
    %concat/vec4; draw_string_vec4
    %pushi/vec4 707997232, 0, 32; draw_string_vec4
    %concat/vec4; draw_string_vec4
    %pushi/vec4 1026960944, 0, 32; draw_string_vec4
    %concat/vec4; draw_string_vec4
    %store/vec4 v000001ad364ca920_0, 0, 1600;
    %fork TD_Tb_Fp_multiplier.check, S_000001ad364ebbc0;
    %join;
    %pushi/vec4 3212836864, 0, 32;
    %store/vec4 v000001ad364cc360_0, 0, 32;
    %pushi/vec4 1073741824, 0, 32;
    %store/vec4 v000001ad364cb8c0_0, 0, 32;
    %pushi/vec4 3221225472, 0, 32;
    %store/vec4 v000001ad364cb000_0, 0, 32;
    %pushi/vec4 0, 0, 32; draw_string_vec4
    %pushi/vec4 0, 0, 32; draw_string_vec4
    %concat/vec4; draw_string_vec4
    %pushi/vec4 0, 0, 32; draw_string_vec4
    %concat/vec4; draw_string_vec4
    %pushi/vec4 0, 0, 32; draw_string_vec4
    %concat/vec4; draw_string_vec4
    %pushi/vec4 0, 0, 32; draw_string_vec4
    %concat/vec4; draw_string_vec4
    %pushi/vec4 0, 0, 32; draw_string_vec4
    %concat/vec4; draw_string_vec4
    %pushi/vec4 0, 0, 32; draw_string_vec4
    %concat/vec4; draw_string_vec4
    %pushi/vec4 0, 0, 32; draw_string_vec4
    %concat/vec4; draw_string_vec4
    %pushi/vec4 0, 0, 32; draw_string_vec4
    %concat/vec4; draw_string_vec4
    %pushi/vec4 0, 0, 32; draw_string_vec4
    %concat/vec4; draw_string_vec4
    %pushi/vec4 0, 0, 32; draw_string_vec4
    %concat/vec4; draw_string_vec4
    %pushi/vec4 0, 0, 32; draw_string_vec4
    %concat/vec4; draw_string_vec4
    %pushi/vec4 0, 0, 32; draw_string_vec4
    %concat/vec4; draw_string_vec4
    %pushi/vec4 0, 0, 32; draw_string_vec4
    %concat/vec4; draw_string_vec4
    %pushi/vec4 0, 0, 32; draw_string_vec4
    %concat/vec4; draw_string_vec4
    %pushi/vec4 0, 0, 32; draw_string_vec4
    %concat/vec4; draw_string_vec4
    %pushi/vec4 0, 0, 32; draw_string_vec4
    %concat/vec4; draw_string_vec4
    %pushi/vec4 0, 0, 32; draw_string_vec4
    %concat/vec4; draw_string_vec4
    %pushi/vec4 0, 0, 32; draw_string_vec4
    %concat/vec4; draw_string_vec4
    %pushi/vec4 0, 0, 32; draw_string_vec4
    %concat/vec4; draw_string_vec4
    %pushi/vec4 0, 0, 32; draw_string_vec4
    %concat/vec4; draw_string_vec4
    %pushi/vec4 0, 0, 32; draw_string_vec4
    %concat/vec4; draw_string_vec4
    %pushi/vec4 0, 0, 32; draw_string_vec4
    %concat/vec4; draw_string_vec4
    %pushi/vec4 0, 0, 32; draw_string_vec4
    %concat/vec4; draw_string_vec4
    %pushi/vec4 0, 0, 32; draw_string_vec4
    %concat/vec4; draw_string_vec4
    %pushi/vec4 0, 0, 32; draw_string_vec4
    %concat/vec4; draw_string_vec4
    %pushi/vec4 0, 0, 32; draw_string_vec4
    %concat/vec4; draw_string_vec4
    %pushi/vec4 0, 0, 32; draw_string_vec4
    %concat/vec4; draw_string_vec4
    %pushi/vec4 0, 0, 32; draw_string_vec4
    %concat/vec4; draw_string_vec4
    %pushi/vec4 0, 0, 32; draw_string_vec4
    %concat/vec4; draw_string_vec4
    %pushi/vec4 0, 0, 32; draw_string_vec4
    %concat/vec4; draw_string_vec4
    %pushi/vec4 0, 0, 32; draw_string_vec4
    %concat/vec4; draw_string_vec4
    %pushi/vec4 0, 0, 32; draw_string_vec4
    %concat/vec4; draw_string_vec4
    %pushi/vec4 0, 0, 32; draw_string_vec4
    %concat/vec4; draw_string_vec4
    %pushi/vec4 0, 0, 32; draw_string_vec4
    %concat/vec4; draw_string_vec4
    %pushi/vec4 0, 0, 32; draw_string_vec4
    %concat/vec4; draw_string_vec4
    %pushi/vec4 0, 0, 32; draw_string_vec4
    %concat/vec4; draw_string_vec4
    %pushi/vec4 0, 0, 32; draw_string_vec4
    %concat/vec4; draw_string_vec4
    %pushi/vec4 0, 0, 32; draw_string_vec4
    %concat/vec4; draw_string_vec4
    %pushi/vec4 0, 0, 32; draw_string_vec4
    %concat/vec4; draw_string_vec4
    %pushi/vec4 0, 0, 32; draw_string_vec4
    %concat/vec4; draw_string_vec4
    %pushi/vec4 0, 0, 32; draw_string_vec4
    %concat/vec4; draw_string_vec4
    %pushi/vec4 0, 0, 32; draw_string_vec4
    %concat/vec4; draw_string_vec4
    %pushi/vec4 0, 0, 32; draw_string_vec4
    %concat/vec4; draw_string_vec4
    %pushi/vec4 0, 0, 32; draw_string_vec4
    %concat/vec4; draw_string_vec4
    %pushi/vec4 0, 0, 32; draw_string_vec4
    %concat/vec4; draw_string_vec4
    %pushi/vec4 45, 0, 32; draw_string_vec4
    %concat/vec4; draw_string_vec4
    %pushi/vec4 825110570, 0, 32; draw_string_vec4
    %concat/vec4; draw_string_vec4
    %pushi/vec4 841887805, 0, 32; draw_string_vec4
    %concat/vec4; draw_string_vec4
    %pushi/vec4 758263344, 0, 32; draw_string_vec4
    %concat/vec4; draw_string_vec4
    %store/vec4 v000001ad364ca920_0, 0, 1600;
    %fork TD_Tb_Fp_multiplier.check, S_000001ad364ebbc0;
    %join;
    %pushi/vec4 1065353216, 0, 32;
    %store/vec4 v000001ad364cc360_0, 0, 32;
    %pushi/vec4 1065353216, 0, 32;
    %store/vec4 v000001ad364cb8c0_0, 0, 32;
    %pushi/vec4 1065353216, 0, 32;
    %store/vec4 v000001ad364cb000_0, 0, 32;
    %pushi/vec4 0, 0, 32; draw_string_vec4
    %pushi/vec4 0, 0, 32; draw_string_vec4
    %concat/vec4; draw_string_vec4
    %pushi/vec4 0, 0, 32; draw_string_vec4
    %concat/vec4; draw_string_vec4
    %pushi/vec4 0, 0, 32; draw_string_vec4
    %concat/vec4; draw_string_vec4
    %pushi/vec4 0, 0, 32; draw_string_vec4
    %concat/vec4; draw_string_vec4
    %pushi/vec4 0, 0, 32; draw_string_vec4
    %concat/vec4; draw_string_vec4
    %pushi/vec4 0, 0, 32; draw_string_vec4
    %concat/vec4; draw_string_vec4
    %pushi/vec4 0, 0, 32; draw_string_vec4
    %concat/vec4; draw_string_vec4
    %pushi/vec4 0, 0, 32; draw_string_vec4
    %concat/vec4; draw_string_vec4
    %pushi/vec4 0, 0, 32; draw_string_vec4
    %concat/vec4; draw_string_vec4
    %pushi/vec4 0, 0, 32; draw_string_vec4
    %concat/vec4; draw_string_vec4
    %pushi/vec4 0, 0, 32; draw_string_vec4
    %concat/vec4; draw_string_vec4
    %pushi/vec4 0, 0, 32; draw_string_vec4
    %concat/vec4; draw_string_vec4
    %pushi/vec4 0, 0, 32; draw_string_vec4
    %concat/vec4; draw_string_vec4
    %pushi/vec4 0, 0, 32; draw_string_vec4
    %concat/vec4; draw_string_vec4
    %pushi/vec4 0, 0, 32; draw_string_vec4
    %concat/vec4; draw_string_vec4
    %pushi/vec4 0, 0, 32; draw_string_vec4
    %concat/vec4; draw_string_vec4
    %pushi/vec4 0, 0, 32; draw_string_vec4
    %concat/vec4; draw_string_vec4
    %pushi/vec4 0, 0, 32; draw_string_vec4
    %concat/vec4; draw_string_vec4
    %pushi/vec4 0, 0, 32; draw_string_vec4
    %concat/vec4; draw_string_vec4
    %pushi/vec4 0, 0, 32; draw_string_vec4
    %concat/vec4; draw_string_vec4
    %pushi/vec4 0, 0, 32; draw_string_vec4
    %concat/vec4; draw_string_vec4
    %pushi/vec4 0, 0, 32; draw_string_vec4
    %concat/vec4; draw_string_vec4
    %pushi/vec4 0, 0, 32; draw_string_vec4
    %concat/vec4; draw_string_vec4
    %pushi/vec4 0, 0, 32; draw_string_vec4
    %concat/vec4; draw_string_vec4
    %pushi/vec4 0, 0, 32; draw_string_vec4
    %concat/vec4; draw_string_vec4
    %pushi/vec4 0, 0, 32; draw_string_vec4
    %concat/vec4; draw_string_vec4
    %pushi/vec4 0, 0, 32; draw_string_vec4
    %concat/vec4; draw_string_vec4
    %pushi/vec4 0, 0, 32; draw_string_vec4
    %concat/vec4; draw_string_vec4
    %pushi/vec4 0, 0, 32; draw_string_vec4
    %concat/vec4; draw_string_vec4
    %pushi/vec4 0, 0, 32; draw_string_vec4
    %concat/vec4; draw_string_vec4
    %pushi/vec4 0, 0, 32; draw_string_vec4
    %concat/vec4; draw_string_vec4
    %pushi/vec4 0, 0, 32; draw_string_vec4
    %concat/vec4; draw_string_vec4
    %pushi/vec4 0, 0, 32; draw_string_vec4
    %concat/vec4; draw_string_vec4
    %pushi/vec4 0, 0, 32; draw_string_vec4
    %concat/vec4; draw_string_vec4
    %pushi/vec4 0, 0, 32; draw_string_vec4
    %concat/vec4; draw_string_vec4
    %pushi/vec4 0, 0, 32; draw_string_vec4
    %concat/vec4; draw_string_vec4
    %pushi/vec4 0, 0, 32; draw_string_vec4
    %concat/vec4; draw_string_vec4
    %pushi/vec4 0, 0, 32; draw_string_vec4
    %concat/vec4; draw_string_vec4
    %pushi/vec4 0, 0, 32; draw_string_vec4
    %concat/vec4; draw_string_vec4
    %pushi/vec4 0, 0, 32; draw_string_vec4
    %concat/vec4; draw_string_vec4
    %pushi/vec4 0, 0, 32; draw_string_vec4
    %concat/vec4; draw_string_vec4
    %pushi/vec4 0, 0, 32; draw_string_vec4
    %concat/vec4; draw_string_vec4
    %pushi/vec4 0, 0, 32; draw_string_vec4
    %concat/vec4; draw_string_vec4
    %pushi/vec4 0, 0, 32; draw_string_vec4
    %concat/vec4; draw_string_vec4
    %pushi/vec4 0, 0, 32; draw_string_vec4
    %concat/vec4; draw_string_vec4
    %pushi/vec4 0, 0, 32; draw_string_vec4
    %concat/vec4; draw_string_vec4
    %pushi/vec4 3223088, 0, 32; draw_string_vec4
    %concat/vec4; draw_string_vec4
    %pushi/vec4 707866160, 0, 32; draw_string_vec4
    %concat/vec4; draw_string_vec4
    %pushi/vec4 1026633264, 0, 32; draw_string_vec4
    %concat/vec4; draw_string_vec4
    %store/vec4 v000001ad364ca920_0, 0, 1600;
    %fork TD_Tb_Fp_multiplier.check, S_000001ad364ebbc0;
    %join;
    %pushi/vec4 0, 0, 32;
    %store/vec4 v000001ad364cc360_0, 0, 32;
    %pushi/vec4 1084227584, 0, 32;
    %store/vec4 v000001ad364cb8c0_0, 0, 32;
    %pushi/vec4 0, 0, 32;
    %store/vec4 v000001ad364cb000_0, 0, 32;
    %pushi/vec4 0, 0, 32; draw_string_vec4
    %pushi/vec4 0, 0, 32; draw_string_vec4
    %concat/vec4; draw_string_vec4
    %pushi/vec4 0, 0, 32; draw_string_vec4
    %concat/vec4; draw_string_vec4
    %pushi/vec4 0, 0, 32; draw_string_vec4
    %concat/vec4; draw_string_vec4
    %pushi/vec4 0, 0, 32; draw_string_vec4
    %concat/vec4; draw_string_vec4
    %pushi/vec4 0, 0, 32; draw_string_vec4
    %concat/vec4; draw_string_vec4
    %pushi/vec4 0, 0, 32; draw_string_vec4
    %concat/vec4; draw_string_vec4
    %pushi/vec4 0, 0, 32; draw_string_vec4
    %concat/vec4; draw_string_vec4
    %pushi/vec4 0, 0, 32; draw_string_vec4
    %concat/vec4; draw_string_vec4
    %pushi/vec4 0, 0, 32; draw_string_vec4
    %concat/vec4; draw_string_vec4
    %pushi/vec4 0, 0, 32; draw_string_vec4
    %concat/vec4; draw_string_vec4
    %pushi/vec4 0, 0, 32; draw_string_vec4
    %concat/vec4; draw_string_vec4
    %pushi/vec4 0, 0, 32; draw_string_vec4
    %concat/vec4; draw_string_vec4
    %pushi/vec4 0, 0, 32; draw_string_vec4
    %concat/vec4; draw_string_vec4
    %pushi/vec4 0, 0, 32; draw_string_vec4
    %concat/vec4; draw_string_vec4
    %pushi/vec4 0, 0, 32; draw_string_vec4
    %concat/vec4; draw_string_vec4
    %pushi/vec4 0, 0, 32; draw_string_vec4
    %concat/vec4; draw_string_vec4
    %pushi/vec4 0, 0, 32; draw_string_vec4
    %concat/vec4; draw_string_vec4
    %pushi/vec4 0, 0, 32; draw_string_vec4
    %concat/vec4; draw_string_vec4
    %pushi/vec4 0, 0, 32; draw_string_vec4
    %concat/vec4; draw_string_vec4
    %pushi/vec4 0, 0, 32; draw_string_vec4
    %concat/vec4; draw_string_vec4
    %pushi/vec4 0, 0, 32; draw_string_vec4
    %concat/vec4; draw_string_vec4
    %pushi/vec4 0, 0, 32; draw_string_vec4
    %concat/vec4; draw_string_vec4
    %pushi/vec4 0, 0, 32; draw_string_vec4
    %concat/vec4; draw_string_vec4
    %pushi/vec4 0, 0, 32; draw_string_vec4
    %concat/vec4; draw_string_vec4
    %pushi/vec4 0, 0, 32; draw_string_vec4
    %concat/vec4; draw_string_vec4
    %pushi/vec4 0, 0, 32; draw_string_vec4
    %concat/vec4; draw_string_vec4
    %pushi/vec4 0, 0, 32; draw_string_vec4
    %concat/vec4; draw_string_vec4
    %pushi/vec4 0, 0, 32; draw_string_vec4
    %concat/vec4; draw_string_vec4
    %pushi/vec4 0, 0, 32; draw_string_vec4
    %concat/vec4; draw_string_vec4
    %pushi/vec4 0, 0, 32; draw_string_vec4
    %concat/vec4; draw_string_vec4
    %pushi/vec4 0, 0, 32; draw_string_vec4
    %concat/vec4; draw_string_vec4
    %pushi/vec4 0, 0, 32; draw_string_vec4
    %concat/vec4; draw_string_vec4
    %pushi/vec4 0, 0, 32; draw_string_vec4
    %concat/vec4; draw_string_vec4
    %pushi/vec4 0, 0, 32; draw_string_vec4
    %concat/vec4; draw_string_vec4
    %pushi/vec4 0, 0, 32; draw_string_vec4
    %concat/vec4; draw_string_vec4
    %pushi/vec4 0, 0, 32; draw_string_vec4
    %concat/vec4; draw_string_vec4
    %pushi/vec4 0, 0, 32; draw_string_vec4
    %concat/vec4; draw_string_vec4
    %pushi/vec4 0, 0, 32; draw_string_vec4
    %concat/vec4; draw_string_vec4
    %pushi/vec4 0, 0, 32; draw_string_vec4
    %concat/vec4; draw_string_vec4
    %pushi/vec4 0, 0, 32; draw_string_vec4
    %concat/vec4; draw_string_vec4
    %pushi/vec4 0, 0, 32; draw_string_vec4
    %concat/vec4; draw_string_vec4
    %pushi/vec4 0, 0, 32; draw_string_vec4
    %concat/vec4; draw_string_vec4
    %pushi/vec4 0, 0, 32; draw_string_vec4
    %concat/vec4; draw_string_vec4
    %pushi/vec4 0, 0, 32; draw_string_vec4
    %concat/vec4; draw_string_vec4
    %pushi/vec4 0, 0, 32; draw_string_vec4
    %concat/vec4; draw_string_vec4
    %pushi/vec4 0, 0, 32; draw_string_vec4
    %concat/vec4; draw_string_vec4
    %pushi/vec4 3157552, 0, 32; draw_string_vec4
    %concat/vec4; draw_string_vec4
    %pushi/vec4 708128304, 0, 32; draw_string_vec4
    %concat/vec4; draw_string_vec4
    %pushi/vec4 1026567728, 0, 32; draw_string_vec4
    %concat/vec4; draw_string_vec4
    %store/vec4 v000001ad364ca920_0, 0, 1600;
    %fork TD_Tb_Fp_multiplier.check, S_000001ad364ebbc0;
    %join;
    %pushi/vec4 2147483648, 0, 32;
    %store/vec4 v000001ad364cc360_0, 0, 32;
    %pushi/vec4 1084227584, 0, 32;
    %store/vec4 v000001ad364cb8c0_0, 0, 32;
    %pushi/vec4 2147483648, 0, 32;
    %store/vec4 v000001ad364cb000_0, 0, 32;
    %pushi/vec4 0, 0, 32; draw_string_vec4
    %pushi/vec4 0, 0, 32; draw_string_vec4
    %concat/vec4; draw_string_vec4
    %pushi/vec4 0, 0, 32; draw_string_vec4
    %concat/vec4; draw_string_vec4
    %pushi/vec4 0, 0, 32; draw_string_vec4
    %concat/vec4; draw_string_vec4
    %pushi/vec4 0, 0, 32; draw_string_vec4
    %concat/vec4; draw_string_vec4
    %pushi/vec4 0, 0, 32; draw_string_vec4
    %concat/vec4; draw_string_vec4
    %pushi/vec4 0, 0, 32; draw_string_vec4
    %concat/vec4; draw_string_vec4
    %pushi/vec4 0, 0, 32; draw_string_vec4
    %concat/vec4; draw_string_vec4
    %pushi/vec4 0, 0, 32; draw_string_vec4
    %concat/vec4; draw_string_vec4
    %pushi/vec4 0, 0, 32; draw_string_vec4
    %concat/vec4; draw_string_vec4
    %pushi/vec4 0, 0, 32; draw_string_vec4
    %concat/vec4; draw_string_vec4
    %pushi/vec4 0, 0, 32; draw_string_vec4
    %concat/vec4; draw_string_vec4
    %pushi/vec4 0, 0, 32; draw_string_vec4
    %concat/vec4; draw_string_vec4
    %pushi/vec4 0, 0, 32; draw_string_vec4
    %concat/vec4; draw_string_vec4
    %pushi/vec4 0, 0, 32; draw_string_vec4
    %concat/vec4; draw_string_vec4
    %pushi/vec4 0, 0, 32; draw_string_vec4
    %concat/vec4; draw_string_vec4
    %pushi/vec4 0, 0, 32; draw_string_vec4
    %concat/vec4; draw_string_vec4
    %pushi/vec4 0, 0, 32; draw_string_vec4
    %concat/vec4; draw_string_vec4
    %pushi/vec4 0, 0, 32; draw_string_vec4
    %concat/vec4; draw_string_vec4
    %pushi/vec4 0, 0, 32; draw_string_vec4
    %concat/vec4; draw_string_vec4
    %pushi/vec4 0, 0, 32; draw_string_vec4
    %concat/vec4; draw_string_vec4
    %pushi/vec4 0, 0, 32; draw_string_vec4
    %concat/vec4; draw_string_vec4
    %pushi/vec4 0, 0, 32; draw_string_vec4
    %concat/vec4; draw_string_vec4
    %pushi/vec4 0, 0, 32; draw_string_vec4
    %concat/vec4; draw_string_vec4
    %pushi/vec4 0, 0, 32; draw_string_vec4
    %concat/vec4; draw_string_vec4
    %pushi/vec4 0, 0, 32; draw_string_vec4
    %concat/vec4; draw_string_vec4
    %pushi/vec4 0, 0, 32; draw_string_vec4
    %concat/vec4; draw_string_vec4
    %pushi/vec4 0, 0, 32; draw_string_vec4
    %concat/vec4; draw_string_vec4
    %pushi/vec4 0, 0, 32; draw_string_vec4
    %concat/vec4; draw_string_vec4
    %pushi/vec4 0, 0, 32; draw_string_vec4
    %concat/vec4; draw_string_vec4
    %pushi/vec4 0, 0, 32; draw_string_vec4
    %concat/vec4; draw_string_vec4
    %pushi/vec4 0, 0, 32; draw_string_vec4
    %concat/vec4; draw_string_vec4
    %pushi/vec4 0, 0, 32; draw_string_vec4
    %concat/vec4; draw_string_vec4
    %pushi/vec4 0, 0, 32; draw_string_vec4
    %concat/vec4; draw_string_vec4
    %pushi/vec4 0, 0, 32; draw_string_vec4
    %concat/vec4; draw_string_vec4
    %pushi/vec4 0, 0, 32; draw_string_vec4
    %concat/vec4; draw_string_vec4
    %pushi/vec4 0, 0, 32; draw_string_vec4
    %concat/vec4; draw_string_vec4
    %pushi/vec4 0, 0, 32; draw_string_vec4
    %concat/vec4; draw_string_vec4
    %pushi/vec4 0, 0, 32; draw_string_vec4
    %concat/vec4; draw_string_vec4
    %pushi/vec4 0, 0, 32; draw_string_vec4
    %concat/vec4; draw_string_vec4
    %pushi/vec4 0, 0, 32; draw_string_vec4
    %concat/vec4; draw_string_vec4
    %pushi/vec4 0, 0, 32; draw_string_vec4
    %concat/vec4; draw_string_vec4
    %pushi/vec4 0, 0, 32; draw_string_vec4
    %concat/vec4; draw_string_vec4
    %pushi/vec4 0, 0, 32; draw_string_vec4
    %concat/vec4; draw_string_vec4
    %pushi/vec4 0, 0, 32; draw_string_vec4
    %concat/vec4; draw_string_vec4
    %pushi/vec4 0, 0, 32; draw_string_vec4
    %concat/vec4; draw_string_vec4
    %pushi/vec4 45, 0, 32; draw_string_vec4
    %concat/vec4; draw_string_vec4
    %pushi/vec4 808333354, 0, 32; draw_string_vec4
    %concat/vec4; draw_string_vec4
    %pushi/vec4 892219453, 0, 32; draw_string_vec4
    %concat/vec4; draw_string_vec4
    %pushi/vec4 758132272, 0, 32; draw_string_vec4
    %concat/vec4; draw_string_vec4
    %store/vec4 v000001ad364ca920_0, 0, 1600;
    %fork TD_Tb_Fp_multiplier.check, S_000001ad364ebbc0;
    %join;
    %pushi/vec4 2139095040, 0, 32;
    %store/vec4 v000001ad364cc360_0, 0, 32;
    %pushi/vec4 1084227584, 0, 32;
    %store/vec4 v000001ad364cb8c0_0, 0, 32;
    %pushi/vec4 2139095040, 0, 32;
    %store/vec4 v000001ad364cb000_0, 0, 32;
    %pushi/vec4 0, 0, 32; draw_string_vec4
    %pushi/vec4 0, 0, 32; draw_string_vec4
    %concat/vec4; draw_string_vec4
    %pushi/vec4 0, 0, 32; draw_string_vec4
    %concat/vec4; draw_string_vec4
    %pushi/vec4 0, 0, 32; draw_string_vec4
    %concat/vec4; draw_string_vec4
    %pushi/vec4 0, 0, 32; draw_string_vec4
    %concat/vec4; draw_string_vec4
    %pushi/vec4 0, 0, 32; draw_string_vec4
    %concat/vec4; draw_string_vec4
    %pushi/vec4 0, 0, 32; draw_string_vec4
    %concat/vec4; draw_string_vec4
    %pushi/vec4 0, 0, 32; draw_string_vec4
    %concat/vec4; draw_string_vec4
    %pushi/vec4 0, 0, 32; draw_string_vec4
    %concat/vec4; draw_string_vec4
    %pushi/vec4 0, 0, 32; draw_string_vec4
    %concat/vec4; draw_string_vec4
    %pushi/vec4 0, 0, 32; draw_string_vec4
    %concat/vec4; draw_string_vec4
    %pushi/vec4 0, 0, 32; draw_string_vec4
    %concat/vec4; draw_string_vec4
    %pushi/vec4 0, 0, 32; draw_string_vec4
    %concat/vec4; draw_string_vec4
    %pushi/vec4 0, 0, 32; draw_string_vec4
    %concat/vec4; draw_string_vec4
    %pushi/vec4 0, 0, 32; draw_string_vec4
    %concat/vec4; draw_string_vec4
    %pushi/vec4 0, 0, 32; draw_string_vec4
    %concat/vec4; draw_string_vec4
    %pushi/vec4 0, 0, 32; draw_string_vec4
    %concat/vec4; draw_string_vec4
    %pushi/vec4 0, 0, 32; draw_string_vec4
    %concat/vec4; draw_string_vec4
    %pushi/vec4 0, 0, 32; draw_string_vec4
    %concat/vec4; draw_string_vec4
    %pushi/vec4 0, 0, 32; draw_string_vec4
    %concat/vec4; draw_string_vec4
    %pushi/vec4 0, 0, 32; draw_string_vec4
    %concat/vec4; draw_string_vec4
    %pushi/vec4 0, 0, 32; draw_string_vec4
    %concat/vec4; draw_string_vec4
    %pushi/vec4 0, 0, 32; draw_string_vec4
    %concat/vec4; draw_string_vec4
    %pushi/vec4 0, 0, 32; draw_string_vec4
    %concat/vec4; draw_string_vec4
    %pushi/vec4 0, 0, 32; draw_string_vec4
    %concat/vec4; draw_string_vec4
    %pushi/vec4 0, 0, 32; draw_string_vec4
    %concat/vec4; draw_string_vec4
    %pushi/vec4 0, 0, 32; draw_string_vec4
    %concat/vec4; draw_string_vec4
    %pushi/vec4 0, 0, 32; draw_string_vec4
    %concat/vec4; draw_string_vec4
    %pushi/vec4 0, 0, 32; draw_string_vec4
    %concat/vec4; draw_string_vec4
    %pushi/vec4 0, 0, 32; draw_string_vec4
    %concat/vec4; draw_string_vec4
    %pushi/vec4 0, 0, 32; draw_string_vec4
    %concat/vec4; draw_string_vec4
    %pushi/vec4 0, 0, 32; draw_string_vec4
    %concat/vec4; draw_string_vec4
    %pushi/vec4 0, 0, 32; draw_string_vec4
    %concat/vec4; draw_string_vec4
    %pushi/vec4 0, 0, 32; draw_string_vec4
    %concat/vec4; draw_string_vec4
    %pushi/vec4 0, 0, 32; draw_string_vec4
    %concat/vec4; draw_string_vec4
    %pushi/vec4 0, 0, 32; draw_string_vec4
    %concat/vec4; draw_string_vec4
    %pushi/vec4 0, 0, 32; draw_string_vec4
    %concat/vec4; draw_string_vec4
    %pushi/vec4 0, 0, 32; draw_string_vec4
    %concat/vec4; draw_string_vec4
    %pushi/vec4 0, 0, 32; draw_string_vec4
    %concat/vec4; draw_string_vec4
    %pushi/vec4 0, 0, 32; draw_string_vec4
    %concat/vec4; draw_string_vec4
    %pushi/vec4 0, 0, 32; draw_string_vec4
    %concat/vec4; draw_string_vec4
    %pushi/vec4 0, 0, 32; draw_string_vec4
    %concat/vec4; draw_string_vec4
    %pushi/vec4 0, 0, 32; draw_string_vec4
    %concat/vec4; draw_string_vec4
    %pushi/vec4 0, 0, 32; draw_string_vec4
    %concat/vec4; draw_string_vec4
    %pushi/vec4 0, 0, 32; draw_string_vec4
    %concat/vec4; draw_string_vec4
    %pushi/vec4 0, 0, 32; draw_string_vec4
    %concat/vec4; draw_string_vec4
    %pushi/vec4 0, 0, 32; draw_string_vec4
    %concat/vec4; draw_string_vec4
    %pushi/vec4 4812390, 0, 32; draw_string_vec4
    %concat/vec4; draw_string_vec4
    %pushi/vec4 708128304, 0, 32; draw_string_vec4
    %concat/vec4; draw_string_vec4
    %pushi/vec4 1028222566, 0, 32; draw_string_vec4
    %concat/vec4; draw_string_vec4
    %store/vec4 v000001ad364ca920_0, 0, 1600;
    %fork TD_Tb_Fp_multiplier.check, S_000001ad364ebbc0;
    %join;
    %pushi/vec4 2139095040, 0, 32;
    %store/vec4 v000001ad364cc360_0, 0, 32;
    %pushi/vec4 3231711232, 0, 32;
    %store/vec4 v000001ad364cb8c0_0, 0, 32;
    %pushi/vec4 4286578688, 0, 32;
    %store/vec4 v000001ad364cb000_0, 0, 32;
    %pushi/vec4 0, 0, 32; draw_string_vec4
    %pushi/vec4 0, 0, 32; draw_string_vec4
    %concat/vec4; draw_string_vec4
    %pushi/vec4 0, 0, 32; draw_string_vec4
    %concat/vec4; draw_string_vec4
    %pushi/vec4 0, 0, 32; draw_string_vec4
    %concat/vec4; draw_string_vec4
    %pushi/vec4 0, 0, 32; draw_string_vec4
    %concat/vec4; draw_string_vec4
    %pushi/vec4 0, 0, 32; draw_string_vec4
    %concat/vec4; draw_string_vec4
    %pushi/vec4 0, 0, 32; draw_string_vec4
    %concat/vec4; draw_string_vec4
    %pushi/vec4 0, 0, 32; draw_string_vec4
    %concat/vec4; draw_string_vec4
    %pushi/vec4 0, 0, 32; draw_string_vec4
    %concat/vec4; draw_string_vec4
    %pushi/vec4 0, 0, 32; draw_string_vec4
    %concat/vec4; draw_string_vec4
    %pushi/vec4 0, 0, 32; draw_string_vec4
    %concat/vec4; draw_string_vec4
    %pushi/vec4 0, 0, 32; draw_string_vec4
    %concat/vec4; draw_string_vec4
    %pushi/vec4 0, 0, 32; draw_string_vec4
    %concat/vec4; draw_string_vec4
    %pushi/vec4 0, 0, 32; draw_string_vec4
    %concat/vec4; draw_string_vec4
    %pushi/vec4 0, 0, 32; draw_string_vec4
    %concat/vec4; draw_string_vec4
    %pushi/vec4 0, 0, 32; draw_string_vec4
    %concat/vec4; draw_string_vec4
    %pushi/vec4 0, 0, 32; draw_string_vec4
    %concat/vec4; draw_string_vec4
    %pushi/vec4 0, 0, 32; draw_string_vec4
    %concat/vec4; draw_string_vec4
    %pushi/vec4 0, 0, 32; draw_string_vec4
    %concat/vec4; draw_string_vec4
    %pushi/vec4 0, 0, 32; draw_string_vec4
    %concat/vec4; draw_string_vec4
    %pushi/vec4 0, 0, 32; draw_string_vec4
    %concat/vec4; draw_string_vec4
    %pushi/vec4 0, 0, 32; draw_string_vec4
    %concat/vec4; draw_string_vec4
    %pushi/vec4 0, 0, 32; draw_string_vec4
    %concat/vec4; draw_string_vec4
    %pushi/vec4 0, 0, 32; draw_string_vec4
    %concat/vec4; draw_string_vec4
    %pushi/vec4 0, 0, 32; draw_string_vec4
    %concat/vec4; draw_string_vec4
    %pushi/vec4 0, 0, 32; draw_string_vec4
    %concat/vec4; draw_string_vec4
    %pushi/vec4 0, 0, 32; draw_string_vec4
    %concat/vec4; draw_string_vec4
    %pushi/vec4 0, 0, 32; draw_string_vec4
    %concat/vec4; draw_string_vec4
    %pushi/vec4 0, 0, 32; draw_string_vec4
    %concat/vec4; draw_string_vec4
    %pushi/vec4 0, 0, 32; draw_string_vec4
    %concat/vec4; draw_string_vec4
    %pushi/vec4 0, 0, 32; draw_string_vec4
    %concat/vec4; draw_string_vec4
    %pushi/vec4 0, 0, 32; draw_string_vec4
    %concat/vec4; draw_string_vec4
    %pushi/vec4 0, 0, 32; draw_string_vec4
    %concat/vec4; draw_string_vec4
    %pushi/vec4 0, 0, 32; draw_string_vec4
    %concat/vec4; draw_string_vec4
    %pushi/vec4 0, 0, 32; draw_string_vec4
    %concat/vec4; draw_string_vec4
    %pushi/vec4 0, 0, 32; draw_string_vec4
    %concat/vec4; draw_string_vec4
    %pushi/vec4 0, 0, 32; draw_string_vec4
    %concat/vec4; draw_string_vec4
    %pushi/vec4 0, 0, 32; draw_string_vec4
    %concat/vec4; draw_string_vec4
    %pushi/vec4 0, 0, 32; draw_string_vec4
    %concat/vec4; draw_string_vec4
    %pushi/vec4 0, 0, 32; draw_string_vec4
    %concat/vec4; draw_string_vec4
    %pushi/vec4 0, 0, 32; draw_string_vec4
    %concat/vec4; draw_string_vec4
    %pushi/vec4 0, 0, 32; draw_string_vec4
    %concat/vec4; draw_string_vec4
    %pushi/vec4 0, 0, 32; draw_string_vec4
    %concat/vec4; draw_string_vec4
    %pushi/vec4 0, 0, 32; draw_string_vec4
    %concat/vec4; draw_string_vec4
    %pushi/vec4 0, 0, 32; draw_string_vec4
    %concat/vec4; draw_string_vec4
    %pushi/vec4 0, 0, 32; draw_string_vec4
    %concat/vec4; draw_string_vec4
    %pushi/vec4 73, 0, 32; draw_string_vec4
    %concat/vec4; draw_string_vec4
    %pushi/vec4 1852189229, 0, 32; draw_string_vec4
    %concat/vec4; draw_string_vec4
    %pushi/vec4 892219453, 0, 32; draw_string_vec4
    %concat/vec4; draw_string_vec4
    %pushi/vec4 759787110, 0, 32; draw_string_vec4
    %concat/vec4; draw_string_vec4
    %store/vec4 v000001ad364ca920_0, 0, 1600;
    %fork TD_Tb_Fp_multiplier.check, S_000001ad364ebbc0;
    %join;
    %pushi/vec4 2139095040, 0, 32;
    %store/vec4 v000001ad364cc360_0, 0, 32;
    %pushi/vec4 0, 0, 32;
    %store/vec4 v000001ad364cb8c0_0, 0, 32;
    %pushi/vec4 2143289344, 0, 32;
    %store/vec4 v000001ad364cb000_0, 0, 32;
    %pushi/vec4 0, 0, 32; draw_string_vec4
    %pushi/vec4 0, 0, 32; draw_string_vec4
    %concat/vec4; draw_string_vec4
    %pushi/vec4 0, 0, 32; draw_string_vec4
    %concat/vec4; draw_string_vec4
    %pushi/vec4 0, 0, 32; draw_string_vec4
    %concat/vec4; draw_string_vec4
    %pushi/vec4 0, 0, 32; draw_string_vec4
    %concat/vec4; draw_string_vec4
    %pushi/vec4 0, 0, 32; draw_string_vec4
    %concat/vec4; draw_string_vec4
    %pushi/vec4 0, 0, 32; draw_string_vec4
    %concat/vec4; draw_string_vec4
    %pushi/vec4 0, 0, 32; draw_string_vec4
    %concat/vec4; draw_string_vec4
    %pushi/vec4 0, 0, 32; draw_string_vec4
    %concat/vec4; draw_string_vec4
    %pushi/vec4 0, 0, 32; draw_string_vec4
    %concat/vec4; draw_string_vec4
    %pushi/vec4 0, 0, 32; draw_string_vec4
    %concat/vec4; draw_string_vec4
    %pushi/vec4 0, 0, 32; draw_string_vec4
    %concat/vec4; draw_string_vec4
    %pushi/vec4 0, 0, 32; draw_string_vec4
    %concat/vec4; draw_string_vec4
    %pushi/vec4 0, 0, 32; draw_string_vec4
    %concat/vec4; draw_string_vec4
    %pushi/vec4 0, 0, 32; draw_string_vec4
    %concat/vec4; draw_string_vec4
    %pushi/vec4 0, 0, 32; draw_string_vec4
    %concat/vec4; draw_string_vec4
    %pushi/vec4 0, 0, 32; draw_string_vec4
    %concat/vec4; draw_string_vec4
    %pushi/vec4 0, 0, 32; draw_string_vec4
    %concat/vec4; draw_string_vec4
    %pushi/vec4 0, 0, 32; draw_string_vec4
    %concat/vec4; draw_string_vec4
    %pushi/vec4 0, 0, 32; draw_string_vec4
    %concat/vec4; draw_string_vec4
    %pushi/vec4 0, 0, 32; draw_string_vec4
    %concat/vec4; draw_string_vec4
    %pushi/vec4 0, 0, 32; draw_string_vec4
    %concat/vec4; draw_string_vec4
    %pushi/vec4 0, 0, 32; draw_string_vec4
    %concat/vec4; draw_string_vec4
    %pushi/vec4 0, 0, 32; draw_string_vec4
    %concat/vec4; draw_string_vec4
    %pushi/vec4 0, 0, 32; draw_string_vec4
    %concat/vec4; draw_string_vec4
    %pushi/vec4 0, 0, 32; draw_string_vec4
    %concat/vec4; draw_string_vec4
    %pushi/vec4 0, 0, 32; draw_string_vec4
    %concat/vec4; draw_string_vec4
    %pushi/vec4 0, 0, 32; draw_string_vec4
    %concat/vec4; draw_string_vec4
    %pushi/vec4 0, 0, 32; draw_string_vec4
    %concat/vec4; draw_string_vec4
    %pushi/vec4 0, 0, 32; draw_string_vec4
    %concat/vec4; draw_string_vec4
    %pushi/vec4 0, 0, 32; draw_string_vec4
    %concat/vec4; draw_string_vec4
    %pushi/vec4 0, 0, 32; draw_string_vec4
    %concat/vec4; draw_string_vec4
    %pushi/vec4 0, 0, 32; draw_string_vec4
    %concat/vec4; draw_string_vec4
    %pushi/vec4 0, 0, 32; draw_string_vec4
    %concat/vec4; draw_string_vec4
    %pushi/vec4 0, 0, 32; draw_string_vec4
    %concat/vec4; draw_string_vec4
    %pushi/vec4 0, 0, 32; draw_string_vec4
    %concat/vec4; draw_string_vec4
    %pushi/vec4 0, 0, 32; draw_string_vec4
    %concat/vec4; draw_string_vec4
    %pushi/vec4 0, 0, 32; draw_string_vec4
    %concat/vec4; draw_string_vec4
    %pushi/vec4 0, 0, 32; draw_string_vec4
    %concat/vec4; draw_string_vec4
    %pushi/vec4 0, 0, 32; draw_string_vec4
    %concat/vec4; draw_string_vec4
    %pushi/vec4 0, 0, 32; draw_string_vec4
    %concat/vec4; draw_string_vec4
    %pushi/vec4 0, 0, 32; draw_string_vec4
    %concat/vec4; draw_string_vec4
    %pushi/vec4 0, 0, 32; draw_string_vec4
    %concat/vec4; draw_string_vec4
    %pushi/vec4 0, 0, 32; draw_string_vec4
    %concat/vec4; draw_string_vec4
    %pushi/vec4 0, 0, 32; draw_string_vec4
    %concat/vec4; draw_string_vec4
    %pushi/vec4 0, 0, 32; draw_string_vec4
    %concat/vec4; draw_string_vec4
    %pushi/vec4 0, 0, 32; draw_string_vec4
    %concat/vec4; draw_string_vec4
    %pushi/vec4 4812390, 0, 32; draw_string_vec4
    %concat/vec4; draw_string_vec4
    %pushi/vec4 707800624, 0, 32; draw_string_vec4
    %concat/vec4; draw_string_vec4
    %pushi/vec4 1028546894, 0, 32; draw_string_vec4
    %concat/vec4; draw_string_vec4
    %store/vec4 v000001ad364ca920_0, 0, 1600;
    %fork TD_Tb_Fp_multiplier.check, S_000001ad364ebbc0;
    %join;
    %pushi/vec4 1084227584, 0, 32;
    %store/vec4 v000001ad364cc360_0, 0, 32;
    %pushi/vec4 2143289344, 0, 32;
    %store/vec4 v000001ad364cb8c0_0, 0, 32;
    %pushi/vec4 2143289344, 0, 32;
    %store/vec4 v000001ad364cb000_0, 0, 32;
    %pushi/vec4 0, 0, 32; draw_string_vec4
    %pushi/vec4 0, 0, 32; draw_string_vec4
    %concat/vec4; draw_string_vec4
    %pushi/vec4 0, 0, 32; draw_string_vec4
    %concat/vec4; draw_string_vec4
    %pushi/vec4 0, 0, 32; draw_string_vec4
    %concat/vec4; draw_string_vec4
    %pushi/vec4 0, 0, 32; draw_string_vec4
    %concat/vec4; draw_string_vec4
    %pushi/vec4 0, 0, 32; draw_string_vec4
    %concat/vec4; draw_string_vec4
    %pushi/vec4 0, 0, 32; draw_string_vec4
    %concat/vec4; draw_string_vec4
    %pushi/vec4 0, 0, 32; draw_string_vec4
    %concat/vec4; draw_string_vec4
    %pushi/vec4 0, 0, 32; draw_string_vec4
    %concat/vec4; draw_string_vec4
    %pushi/vec4 0, 0, 32; draw_string_vec4
    %concat/vec4; draw_string_vec4
    %pushi/vec4 0, 0, 32; draw_string_vec4
    %concat/vec4; draw_string_vec4
    %pushi/vec4 0, 0, 32; draw_string_vec4
    %concat/vec4; draw_string_vec4
    %pushi/vec4 0, 0, 32; draw_string_vec4
    %concat/vec4; draw_string_vec4
    %pushi/vec4 0, 0, 32; draw_string_vec4
    %concat/vec4; draw_string_vec4
    %pushi/vec4 0, 0, 32; draw_string_vec4
    %concat/vec4; draw_string_vec4
    %pushi/vec4 0, 0, 32; draw_string_vec4
    %concat/vec4; draw_string_vec4
    %pushi/vec4 0, 0, 32; draw_string_vec4
    %concat/vec4; draw_string_vec4
    %pushi/vec4 0, 0, 32; draw_string_vec4
    %concat/vec4; draw_string_vec4
    %pushi/vec4 0, 0, 32; draw_string_vec4
    %concat/vec4; draw_string_vec4
    %pushi/vec4 0, 0, 32; draw_string_vec4
    %concat/vec4; draw_string_vec4
    %pushi/vec4 0, 0, 32; draw_string_vec4
    %concat/vec4; draw_string_vec4
    %pushi/vec4 0, 0, 32; draw_string_vec4
    %concat/vec4; draw_string_vec4
    %pushi/vec4 0, 0, 32; draw_string_vec4
    %concat/vec4; draw_string_vec4
    %pushi/vec4 0, 0, 32; draw_string_vec4
    %concat/vec4; draw_string_vec4
    %pushi/vec4 0, 0, 32; draw_string_vec4
    %concat/vec4; draw_string_vec4
    %pushi/vec4 0, 0, 32; draw_string_vec4
    %concat/vec4; draw_string_vec4
    %pushi/vec4 0, 0, 32; draw_string_vec4
    %concat/vec4; draw_string_vec4
    %pushi/vec4 0, 0, 32; draw_string_vec4
    %concat/vec4; draw_string_vec4
    %pushi/vec4 0, 0, 32; draw_string_vec4
    %concat/vec4; draw_string_vec4
    %pushi/vec4 0, 0, 32; draw_string_vec4
    %concat/vec4; draw_string_vec4
    %pushi/vec4 0, 0, 32; draw_string_vec4
    %concat/vec4; draw_string_vec4
    %pushi/vec4 0, 0, 32; draw_string_vec4
    %concat/vec4; draw_string_vec4
    %pushi/vec4 0, 0, 32; draw_string_vec4
    %concat/vec4; draw_string_vec4
    %pushi/vec4 0, 0, 32; draw_string_vec4
    %concat/vec4; draw_string_vec4
    %pushi/vec4 0, 0, 32; draw_string_vec4
    %concat/vec4; draw_string_vec4
    %pushi/vec4 0, 0, 32; draw_string_vec4
    %concat/vec4; draw_string_vec4
    %pushi/vec4 0, 0, 32; draw_string_vec4
    %concat/vec4; draw_string_vec4
    %pushi/vec4 0, 0, 32; draw_string_vec4
    %concat/vec4; draw_string_vec4
    %pushi/vec4 0, 0, 32; draw_string_vec4
    %concat/vec4; draw_string_vec4
    %pushi/vec4 0, 0, 32; draw_string_vec4
    %concat/vec4; draw_string_vec4
    %pushi/vec4 0, 0, 32; draw_string_vec4
    %concat/vec4; draw_string_vec4
    %pushi/vec4 0, 0, 32; draw_string_vec4
    %concat/vec4; draw_string_vec4
    %pushi/vec4 0, 0, 32; draw_string_vec4
    %concat/vec4; draw_string_vec4
    %pushi/vec4 0, 0, 32; draw_string_vec4
    %concat/vec4; draw_string_vec4
    %pushi/vec4 0, 0, 32; draw_string_vec4
    %concat/vec4; draw_string_vec4
    %pushi/vec4 0, 0, 32; draw_string_vec4
    %concat/vec4; draw_string_vec4
    %pushi/vec4 0, 0, 32; draw_string_vec4
    %concat/vec4; draw_string_vec4
    %pushi/vec4 3485232, 0, 32; draw_string_vec4
    %concat/vec4; draw_string_vec4
    %pushi/vec4 709779790, 0, 32; draw_string_vec4
    %concat/vec4; draw_string_vec4
    %pushi/vec4 1028546894, 0, 32; draw_string_vec4
    %concat/vec4; draw_string_vec4
    %store/vec4 v000001ad364ca920_0, 0, 1600;
    %fork TD_Tb_Fp_multiplier.check, S_000001ad364ebbc0;
    %join;
    %load/vec4 v000001ad364edf60_0;
    %cmpi/e 0, 0, 32;
    %jmp/0xz  T_4.0, 4;
    %vpi_call 2 45 "$display", "\012*** ALL TESTS PASSED ***" {0 0 0};
    %jmp T_4.1;
T_4.0 ;
    %vpi_call 2 47 "$display", "\012*** %0d TEST(S) FAILED ***", v000001ad364edf60_0 {0 0 0};
T_4.1 ;
    %vpi_call 2 49 "$finish" {0 0 0};
    %end;
    .thread T_4;
# The file index is used to find the file name in the following table.
:file_names 4;
    "N/A";
    "<interactive>";
    "Tb_Fp_multiplier.v";
    "./Fp_multiplier.v";
