#! /c/Source/iverilog-install/bin/vvp
:ivl_version "12.0 (devel)" "(s20150603-1539-g2693dd32b)";
:ivl_delay_selection "TYPICAL";
:vpi_time_precision - 12;
:vpi_module "C:\iverilog\lib\ivl\system.vpi";
:vpi_module "C:\iverilog\lib\ivl\vhdl_sys.vpi";
:vpi_module "C:\iverilog\lib\ivl\vhdl_textio.vpi";
:vpi_module "C:\iverilog\lib\ivl\v2005_math.vpi";
:vpi_module "C:\iverilog\lib\ivl\va_math.vpi";
S_000002a730cd07a0 .scope module, "Tb_dump_approx_mul" "Tb_dump_approx_mul" 2 4;
 .timescale -9 -12;
v000002a730d58730_0 .var "a", 31 0;
v000002a730d59950_0 .var "b", 31 0;
v000002a730d59b30_0 .var "expected", 31 0;
v000002a730d59bd0_0 .var/i "fd_in", 31 0;
v000002a730d59c70_0 .var/i "fd_out", 31 0;
v000002a730d59d10_0 .net "inv12", 0 0, v000002a730d48eb0_0;  1 drivers
v000002a730d59db0_0 .net "inv16", 0 0, v000002a730d541c0_0;  1 drivers
v000002a730d5e350_0 .net "inv8", 0 0, v000002a730d58e10_0;  1 drivers
v000002a730d5dbd0_0 .net "ov12", 0 0, v000002a730d52c50_0;  1 drivers
v000002a730d5e030_0 .net "ov16", 0 0, v000002a730d550c0_0;  1 drivers
v000002a730d5d9f0_0 .net "ov8", 0 0, v000002a730d58eb0_0;  1 drivers
v000002a730d5cf50_0 .var/i "r", 31 0;
v000002a730d5d4f0_0 .net "r12", 31 0, v000002a730d53ab0_0;  1 drivers
v000002a730d5e2b0_0 .net "r16", 31 0, v000002a730d54f80_0;  1 drivers
v000002a730d5d130_0 .net "r8", 31 0, v000002a730d5a210_0;  1 drivers
v000002a730d5d810_0 .var/i "total", 31 0;
v000002a730d5cd70_0 .net "un12", 0 0, v000002a730d52110_0;  1 drivers
v000002a730d5d8b0_0 .net "un16", 0 0, v000002a730d579e0_0;  1 drivers
v000002a730d5d590_0 .net "un8", 0 0, v000002a730d59810_0;  1 drivers
S_000002a730cd0e40 .scope module, "dut12" "fp_multiplier_approx" 2 15, 3 19 0, S_000002a730cd07a0;
 .timescale -9 -12;
    .port_info 0 /INPUT 32 "a";
    .port_info 1 /INPUT 32 "b";
    .port_info 2 /OUTPUT 32 "result";
    .port_info 3 /OUTPUT 1 "overflow";
    .port_info 4 /OUTPUT 1 "underflow";
    .port_info 5 /OUTPUT 1 "invalid";
P_000002a730c64780 .param/l "DROP" 1 3 31, +C4<000000000000000000000000000001100>;
P_000002a730c647b8 .param/l "MANT_BITS" 0 3 20, +C4<00000000000000000000000000001100>;
L_000002a730d1ead0 .functor XOR 1, L_000002a730d5be70, L_000002a730d5ac50, C4<0>, C4<0>;
L_000002a730d1de90 .functor AND 1, L_000002a730d5b290, L_000002a730d5a6b0, C4<1>, C4<1>;
L_000002a730d1df00 .functor AND 1, L_000002a730d5c730, L_000002a730d5b1f0, C4<1>, C4<1>;
L_000002a730d1ec90 .functor AND 1, L_000002a730d5ba10, L_000002a730d5b5b0, C4<1>, C4<1>;
L_000002a730d1e7c0 .functor AND 1, L_000002a730d5c7d0, L_000002a730d5b330, C4<1>, C4<1>;
L_000002a730d1e3d0 .functor OR 1, L_000002a730d5b650, L_000002a730d5b830, C4<0>, C4<0>;
L_000002a730d1ed00 .functor OR 1, L_000002a730d1e3d0, L_000002a730d5b970, C4<0>, C4<0>;
L_000002a730d1e440 .functor AND 1, L_000002a730d5acf0, L_000002a730d1ed00, C4<1>, C4<1>;
v000002a730cc60d0_0 .net *"_ivl_107", 21 0, L_000002a730d5b6f0;  1 drivers
v000002a730cc5e50_0 .net *"_ivl_112", 0 0, L_000002a730d1e3d0;  1 drivers
v000002a730cc6e90_0 .net *"_ivl_115", 0 0, L_000002a730d5b970;  1 drivers
v000002a730cc6f30_0 .net *"_ivl_116", 0 0, L_000002a730d1ed00;  1 drivers
v000002a730cc5ef0_0 .net *"_ivl_120", 24 0, L_000002a730d5ad90;  1 drivers
L_000002a730d5f188 .functor BUFT 1, C4<0>, C4<0>, C4<0>, C4<0>;
v000002a730cc6170_0 .net *"_ivl_123", 0 0, L_000002a730d5f188;  1 drivers
v000002a730cc6fd0_0 .net *"_ivl_124", 24 0, L_000002a730d5bc90;  1 drivers
L_000002a730d5f1d0 .functor BUFT 1, C4<000000000000000000000000>, C4<0>, C4<0>, C4<0>;
v000002a730cc7250_0 .net *"_ivl_127", 23 0, L_000002a730d5f1d0;  1 drivers
L_000002a730d5f218 .functor BUFT 1, C4<0011111111>, C4<0>, C4<0>, C4<0>;
v000002a730cc6210_0 .net/2s *"_ivl_130", 9 0, L_000002a730d5f218;  1 drivers
L_000002a730d5f260 .functor BUFT 1, C4<0000000000>, C4<0>, C4<0>, C4<0>;
v000002a730cc6a30_0 .net/2s *"_ivl_134", 9 0, L_000002a730d5f260;  1 drivers
L_000002a730d5f2a8 .functor BUFT 1, C4<11111111>, C4<0>, C4<0>, C4<0>;
v000002a730cc6ad0_0 .net/2u *"_ivl_138", 7 0, L_000002a730d5f2a8;  1 drivers
L_000002a730d5ec78 .functor BUFT 1, C4<11111111>, C4<0>, C4<0>, C4<0>;
v000002a730cc72f0_0 .net/2u *"_ivl_14", 7 0, L_000002a730d5ec78;  1 drivers
L_000002a730d5f2f0 .functor BUFT 1, C4<00000000000000000000000>, C4<0>, C4<0>, C4<0>;
v000002a730cc7390_0 .net/2u *"_ivl_140", 22 0, L_000002a730d5f2f0;  1 drivers
v000002a730cc7430_0 .net *"_ivl_142", 31 0, L_000002a730d5bbf0;  1 drivers
L_000002a730d5f338 .functor BUFT 1, C4<0000000000000000000000000000000>, C4<0>, C4<0>, C4<0>;
v000002a730cc6b70_0 .net/2u *"_ivl_144", 30 0, L_000002a730d5f338;  1 drivers
v000002a730cc59f0_0 .net *"_ivl_146", 31 0, L_000002a730d5bdd0;  1 drivers
v000002a730cc74d0_0 .net *"_ivl_149", 7 0, L_000002a730d5bf10;  1 drivers
v000002a730cc5630_0 .net *"_ivl_151", 22 0, L_000002a730d5c0f0;  1 drivers
v000002a730cc63f0_0 .net *"_ivl_152", 31 0, L_000002a730dbbba0;  1 drivers
v000002a730cc6670_0 .net *"_ivl_154", 31 0, L_000002a730dbc5a0;  1 drivers
v000002a730cc65d0_0 .net *"_ivl_16", 0 0, L_000002a730d5b290;  1 drivers
L_000002a730d5ecc0 .functor BUFT 1, C4<00000000000000000000000>, C4<0>, C4<0>, C4<0>;
v000002a730cc6490_0 .net/2u *"_ivl_18", 22 0, L_000002a730d5ecc0;  1 drivers
v000002a730cc5a90_0 .net *"_ivl_20", 0 0, L_000002a730d5a6b0;  1 drivers
L_000002a730d5ed08 .functor BUFT 1, C4<11111111>, C4<0>, C4<0>, C4<0>;
v000002a730cc6530_0 .net/2u *"_ivl_24", 7 0, L_000002a730d5ed08;  1 drivers
v000002a730cc6990_0 .net *"_ivl_26", 0 0, L_000002a730d5c730;  1 drivers
L_000002a730d5ed50 .functor BUFT 1, C4<00000000000000000000000>, C4<0>, C4<0>, C4<0>;
v000002a730cc6710_0 .net/2u *"_ivl_28", 22 0, L_000002a730d5ed50;  1 drivers
v000002a730cc68f0_0 .net *"_ivl_30", 0 0, L_000002a730d5b1f0;  1 drivers
L_000002a730d5ed98 .functor BUFT 1, C4<11111111>, C4<0>, C4<0>, C4<0>;
v000002a730d48730_0 .net/2u *"_ivl_34", 7 0, L_000002a730d5ed98;  1 drivers
v000002a730d487d0_0 .net *"_ivl_36", 0 0, L_000002a730d5ba10;  1 drivers
L_000002a730d5ede0 .functor BUFT 1, C4<00000000000000000000000>, C4<0>, C4<0>, C4<0>;
v000002a730d49950_0 .net/2u *"_ivl_38", 22 0, L_000002a730d5ede0;  1 drivers
v000002a730d48870_0 .net *"_ivl_40", 0 0, L_000002a730d5b5b0;  1 drivers
L_000002a730d5ee28 .functor BUFT 1, C4<11111111>, C4<0>, C4<0>, C4<0>;
v000002a730d49770_0 .net/2u *"_ivl_44", 7 0, L_000002a730d5ee28;  1 drivers
v000002a730d480f0_0 .net *"_ivl_46", 0 0, L_000002a730d5c7d0;  1 drivers
L_000002a730d5ee70 .functor BUFT 1, C4<00000000000000000000000>, C4<0>, C4<0>, C4<0>;
v000002a730d49d10_0 .net/2u *"_ivl_48", 22 0, L_000002a730d5ee70;  1 drivers
v000002a730d48b90_0 .net *"_ivl_50", 0 0, L_000002a730d5b330;  1 drivers
L_000002a730d5eeb8 .functor BUFT 1, C4<00000000>, C4<0>, C4<0>, C4<0>;
v000002a730d499f0_0 .net/2u *"_ivl_54", 7 0, L_000002a730d5eeb8;  1 drivers
L_000002a730d5ef00 .functor BUFT 1, C4<00000000>, C4<0>, C4<0>, C4<0>;
v000002a730d49a90_0 .net/2u *"_ivl_58", 7 0, L_000002a730d5ef00;  1 drivers
L_000002a730d5ef48 .functor BUFT 1, C4<1>, C4<0>, C4<0>, C4<0>;
v000002a730d48ff0_0 .net/2u *"_ivl_62", 0 0, L_000002a730d5ef48;  1 drivers
L_000002a730d5ef90 .functor BUFT 1, C4<1>, C4<0>, C4<0>, C4<0>;
v000002a730d49c70_0 .net/2u *"_ivl_66", 0 0, L_000002a730d5ef90;  1 drivers
v000002a730d48410_0 .net *"_ivl_74", 23 0, L_000002a730d5b510;  1 drivers
L_000002a730d5efd8 .functor BUFT 1, C4<000000000000>, C4<0>, C4<0>, C4<0>;
v000002a730d48c30_0 .net *"_ivl_77", 11 0, L_000002a730d5efd8;  1 drivers
v000002a730d49e50_0 .net *"_ivl_78", 23 0, L_000002a730d5abb0;  1 drivers
L_000002a730d5f020 .functor BUFT 1, C4<000000000000>, C4<0>, C4<0>, C4<0>;
v000002a730d48690_0 .net *"_ivl_81", 11 0, L_000002a730d5f020;  1 drivers
L_000002a730d5f068 .functor BUFT 1, C4<000000000000000000000000>, C4<0>, C4<0>, C4<0>;
v000002a730d49090_0 .net/2u *"_ivl_84", 23 0, L_000002a730d5f068;  1 drivers
L_000002a730d5f0b0 .functor BUFT 1, C4<00>, C4<0>, C4<0>, C4<0>;
v000002a730d48230_0 .net/2u *"_ivl_88", 1 0, L_000002a730d5f0b0;  1 drivers
v000002a730d49130_0 .net *"_ivl_90", 9 0, L_000002a730d5c410;  1 drivers
L_000002a730d5f0f8 .functor BUFT 1, C4<00>, C4<0>, C4<0>, C4<0>;
v000002a730d48190_0 .net/2u *"_ivl_92", 1 0, L_000002a730d5f0f8;  1 drivers
v000002a730d49bd0_0 .net *"_ivl_94", 9 0, L_000002a730d5c910;  1 drivers
v000002a730d49b30_0 .net/s *"_ivl_96", 9 0, L_000002a730d5c9b0;  1 drivers
L_000002a730d5f140 .functor BUFT 1, C4<0001111111>, C4<0>, C4<0>, C4<0>;
v000002a730d491d0_0 .net/2s *"_ivl_98", 9 0, L_000002a730d5f140;  1 drivers
v000002a730d49810_0 .net "a", 31 0, v000002a730d58730_0;  1 drivers
v000002a730d48cd0_0 .net "a_is_inf", 0 0, L_000002a730d1ec90;  1 drivers
v000002a730d48910_0 .net "a_is_nan", 0 0, L_000002a730d1de90;  1 drivers
v000002a730d498b0_0 .net "a_is_zero", 0 0, L_000002a730d5ab10;  1 drivers
v000002a730d489b0_0 .net "b", 31 0, v000002a730d59950_0;  1 drivers
v000002a730d49db0_0 .net "b_is_inf", 0 0, L_000002a730d1e7c0;  1 drivers
v000002a730d49590_0 .net "b_is_nan", 0 0, L_000002a730d1df00;  1 drivers
v000002a730d49ef0_0 .net "b_is_zero", 0 0, L_000002a730d5bd30;  1 drivers
v000002a730d49f90_0 .net "exp_a", 7 0, L_000002a730d5c690;  1 drivers
v000002a730d48d70_0 .net "exp_b", 7 0, L_000002a730d5b790;  1 drivers
v000002a730d48e10_0 .net/s "exp_sum", 9 0, L_000002a730d5a610;  1 drivers
v000002a730d482d0_0 .var/s "final_exp", 9 0;
v000002a730d48370_0 .var "final_mant", 23 0;
v000002a730d484b0_0 .net "frac_a", 22 0, L_000002a730d5ca50;  1 drivers
v000002a730d49630_0 .net "frac_b", 22 0, L_000002a730d5a9d0;  1 drivers
v000002a730d48550_0 .net "guard_bit", 0 0, L_000002a730d5acf0;  1 drivers
v000002a730d48eb0_0 .var "invalid", 0 0;
v000002a730d485f0_0 .net "mant_a", 23 0, L_000002a730d5c2d0;  1 drivers
v000002a730d48af0_0 .net "mant_a_trunc", 11 0, L_000002a730d5bfb0;  1 drivers
v000002a730d48f50_0 .net "mant_b", 23 0, L_000002a730d5b470;  1 drivers
v000002a730d49270_0 .net "mant_b_trunc", 11 0, L_000002a730d5b3d0;  1 drivers
v000002a730d48a50_0 .net "mant_rounded", 24 0, L_000002a730d5bab0;  1 drivers
v000002a730d49310_0 .net "mant_trunc", 23 0, L_000002a730d5b8d0;  1 drivers
v000002a730d493b0_0 .var/s "norm_exp", 9 0;
v000002a730d49450_0 .var "norm_product", 47 0;
v000002a730d494f0_0 .net "normal_overflow", 0 0, L_000002a730d5bb50;  1 drivers
v000002a730d496d0_0 .net "normal_result", 31 0, L_000002a730dbaf20;  1 drivers
v000002a730d52750_0 .net "normal_underflow", 0 0, L_000002a730d5c050;  1 drivers
v000002a730d52c50_0 .var "overflow", 0 0;
v000002a730d53790_0 .net "product", 47 0, L_000002a730d5cb90;  1 drivers
v000002a730d52610_0 .net "product_trunc", 23 0, L_000002a730d5caf0;  1 drivers
L_000002a730d5f380 .functor BUFT 1, C4<01111111110000000000000000000000>, C4<0>, C4<0>, C4<0>;
v000002a730d53c90_0 .net "qnan", 31 0, L_000002a730d5f380;  1 drivers
v000002a730d53ab0_0 .var "result", 31 0;
v000002a730d52f70_0 .net "result_sign", 0 0, L_000002a730d1ead0;  1 drivers
v000002a730d53bf0_0 .net "round_bit", 0 0, L_000002a730d5b650;  1 drivers
v000002a730d52430_0 .net "round_up", 0 0, L_000002a730d1e440;  1 drivers
v000002a730d53d30_0 .net "sign_a", 0 0, L_000002a730d5be70;  1 drivers
v000002a730d535b0_0 .net "sign_b", 0 0, L_000002a730d5ac50;  1 drivers
v000002a730d53dd0_0 .net "sticky_bit", 0 0, L_000002a730d5b830;  1 drivers
v000002a730d52110_0 .var "underflow", 0 0;
E_000002a730cbac00/0 .event anyedge, v000002a730d48910_0, v000002a730d49590_0, v000002a730d53c90_0, v000002a730d48cd0_0;
E_000002a730cbac00/1 .event anyedge, v000002a730d49ef0_0, v000002a730d498b0_0, v000002a730d49db0_0, v000002a730d52f70_0;
E_000002a730cbac00/2 .event anyedge, v000002a730d496d0_0, v000002a730d494f0_0, v000002a730d52750_0;
E_000002a730cbac00 .event/or E_000002a730cbac00/0, E_000002a730cbac00/1, E_000002a730cbac00/2;
E_000002a730cbacc0 .event anyedge, v000002a730d48a50_0, v000002a730d493b0_0;
E_000002a730cbb280 .event anyedge, v000002a730d53790_0, v000002a730d48e10_0;
L_000002a730d5be70 .part v000002a730d58730_0, 31, 1;
L_000002a730d5c690 .part v000002a730d58730_0, 23, 8;
L_000002a730d5ca50 .part v000002a730d58730_0, 0, 23;
L_000002a730d5ac50 .part v000002a730d59950_0, 31, 1;
L_000002a730d5b790 .part v000002a730d59950_0, 23, 8;
L_000002a730d5a9d0 .part v000002a730d59950_0, 0, 23;
L_000002a730d5b290 .cmp/eq 8, L_000002a730d5c690, L_000002a730d5ec78;
L_000002a730d5a6b0 .cmp/ne 23, L_000002a730d5ca50, L_000002a730d5ecc0;
L_000002a730d5c730 .cmp/eq 8, L_000002a730d5b790, L_000002a730d5ed08;
L_000002a730d5b1f0 .cmp/ne 23, L_000002a730d5a9d0, L_000002a730d5ed50;
L_000002a730d5ba10 .cmp/eq 8, L_000002a730d5c690, L_000002a730d5ed98;
L_000002a730d5b5b0 .cmp/eq 23, L_000002a730d5ca50, L_000002a730d5ede0;
L_000002a730d5c7d0 .cmp/eq 8, L_000002a730d5b790, L_000002a730d5ee28;
L_000002a730d5b330 .cmp/eq 23, L_000002a730d5a9d0, L_000002a730d5ee70;
L_000002a730d5ab10 .cmp/eq 8, L_000002a730d5c690, L_000002a730d5eeb8;
L_000002a730d5bd30 .cmp/eq 8, L_000002a730d5b790, L_000002a730d5ef00;
L_000002a730d5c2d0 .concat [ 23 1 0 0], L_000002a730d5ca50, L_000002a730d5ef48;
L_000002a730d5b470 .concat [ 23 1 0 0], L_000002a730d5a9d0, L_000002a730d5ef90;
L_000002a730d5bfb0 .part L_000002a730d5c2d0, 12, 12;
L_000002a730d5b3d0 .part L_000002a730d5b470, 12, 12;
L_000002a730d5b510 .concat [ 12 12 0 0], L_000002a730d5bfb0, L_000002a730d5efd8;
L_000002a730d5abb0 .concat [ 12 12 0 0], L_000002a730d5b3d0, L_000002a730d5f020;
L_000002a730d5caf0 .arith/mult 24, L_000002a730d5b510, L_000002a730d5abb0;
L_000002a730d5cb90 .concat [ 24 24 0 0], L_000002a730d5f068, L_000002a730d5caf0;
L_000002a730d5c410 .concat [ 8 2 0 0], L_000002a730d5c690, L_000002a730d5f0b0;
L_000002a730d5c910 .concat [ 8 2 0 0], L_000002a730d5b790, L_000002a730d5f0f8;
L_000002a730d5c9b0 .arith/sum 10, L_000002a730d5c410, L_000002a730d5c910;
L_000002a730d5a610 .arith/sub 10, L_000002a730d5c9b0, L_000002a730d5f140;
L_000002a730d5acf0 .part v000002a730d49450_0, 23, 1;
L_000002a730d5b650 .part v000002a730d49450_0, 22, 1;
L_000002a730d5b6f0 .part v000002a730d49450_0, 0, 22;
L_000002a730d5b830 .reduce/or L_000002a730d5b6f0;
L_000002a730d5b8d0 .part v000002a730d49450_0, 24, 24;
L_000002a730d5b970 .part L_000002a730d5b8d0, 0, 1;
L_000002a730d5ad90 .concat [ 24 1 0 0], L_000002a730d5b8d0, L_000002a730d5f188;
L_000002a730d5bc90 .concat [ 1 24 0 0], L_000002a730d1e440, L_000002a730d5f1d0;
L_000002a730d5bab0 .arith/sum 25, L_000002a730d5ad90, L_000002a730d5bc90;
L_000002a730d5bb50 .cmp/ge.s 10, v000002a730d482d0_0, L_000002a730d5f218;
L_000002a730d5c050 .cmp/ge.s 10, L_000002a730d5f260, v000002a730d482d0_0;
L_000002a730d5bbf0 .concat [ 23 8 1 0], L_000002a730d5f2f0, L_000002a730d5f2a8, L_000002a730d1ead0;
L_000002a730d5bdd0 .concat [ 31 1 0 0], L_000002a730d5f338, L_000002a730d1ead0;
L_000002a730d5bf10 .part v000002a730d482d0_0, 0, 8;
L_000002a730d5c0f0 .part v000002a730d48370_0, 0, 23;
L_000002a730dbbba0 .concat [ 23 8 1 0], L_000002a730d5c0f0, L_000002a730d5bf10, L_000002a730d1ead0;
L_000002a730dbc5a0 .functor MUXZ 32, L_000002a730dbbba0, L_000002a730d5bdd0, L_000002a730d5c050, C4<>;
L_000002a730dbaf20 .functor MUXZ 32, L_000002a730dbc5a0, L_000002a730d5bbf0, L_000002a730d5bb50, C4<>;
S_000002a730cd26f0 .scope module, "dut16" "fp_multiplier_approx" 2 14, 3 19 0, S_000002a730cd07a0;
 .timescale -9 -12;
    .port_info 0 /INPUT 32 "a";
    .port_info 1 /INPUT 32 "b";
    .port_info 2 /OUTPUT 32 "result";
    .port_info 3 /OUTPUT 1 "overflow";
    .port_info 4 /OUTPUT 1 "underflow";
    .port_info 5 /OUTPUT 1 "invalid";
P_000002a730c7c440 .param/l "DROP" 1 3 31, +C4<000000000000000000000000000001000>;
P_000002a730c7c478 .param/l "MANT_BITS" 0 3 20, +C4<00000000000000000000000000010000>;
L_000002a730cc1160 .functor XOR 1, L_000002a730d5d950, L_000002a730d5ceb0, C4<0>, C4<0>;
L_000002a730cc0e50 .functor AND 1, L_000002a730d5d770, L_000002a730d5da90, C4<1>, C4<1>;
L_000002a730cc1390 .functor AND 1, L_000002a730d5e3f0, L_000002a730d5db30, C4<1>, C4<1>;
L_000002a730cc1400 .functor AND 1, L_000002a730d5d450, L_000002a730d5dc70, C4<1>, C4<1>;
L_000002a730cc11d0 .functor AND 1, L_000002a730d5cff0, L_000002a730d5d090, C4<1>, C4<1>;
L_000002a730d1e8a0 .functor OR 1, L_000002a730d5b010, L_000002a730d5c550, C4<0>, C4<0>;
L_000002a730d1e750 .functor OR 1, L_000002a730d1e8a0, L_000002a730d5c230, C4<0>, C4<0>;
L_000002a730d1e910 .functor AND 1, L_000002a730d5c370, L_000002a730d1e750, C4<1>, C4<1>;
v000002a730d52390_0 .net *"_ivl_107", 21 0, L_000002a730d5af70;  1 drivers
v000002a730d53a10_0 .net *"_ivl_112", 0 0, L_000002a730d1e8a0;  1 drivers
v000002a730d53650_0 .net *"_ivl_115", 0 0, L_000002a730d5c230;  1 drivers
v000002a730d53b50_0 .net *"_ivl_116", 0 0, L_000002a730d1e750;  1 drivers
v000002a730d53510_0 .net *"_ivl_120", 24 0, L_000002a730d5a570;  1 drivers
L_000002a730d5ea38 .functor BUFT 1, C4<0>, C4<0>, C4<0>, C4<0>;
v000002a730d52bb0_0 .net *"_ivl_123", 0 0, L_000002a730d5ea38;  1 drivers
v000002a730d53e70_0 .net *"_ivl_124", 24 0, L_000002a730d5aed0;  1 drivers
L_000002a730d5ea80 .functor BUFT 1, C4<000000000000000000000000>, C4<0>, C4<0>, C4<0>;
v000002a730d526b0_0 .net *"_ivl_127", 23 0, L_000002a730d5ea80;  1 drivers
L_000002a730d5eac8 .functor BUFT 1, C4<0011111111>, C4<0>, C4<0>, C4<0>;
v000002a730d53010_0 .net/2s *"_ivl_130", 9 0, L_000002a730d5eac8;  1 drivers
L_000002a730d5eb10 .functor BUFT 1, C4<0000000000>, C4<0>, C4<0>, C4<0>;
v000002a730d522f0_0 .net/2s *"_ivl_134", 9 0, L_000002a730d5eb10;  1 drivers
L_000002a730d5eb58 .functor BUFT 1, C4<11111111>, C4<0>, C4<0>, C4<0>;
v000002a730d53f10_0 .net/2u *"_ivl_138", 7 0, L_000002a730d5eb58;  1 drivers
L_000002a730d5e528 .functor BUFT 1, C4<11111111>, C4<0>, C4<0>, C4<0>;
v000002a730d53150_0 .net/2u *"_ivl_14", 7 0, L_000002a730d5e528;  1 drivers
L_000002a730d5eba0 .functor BUFT 1, C4<00000000000000000000000>, C4<0>, C4<0>, C4<0>;
v000002a730d53fb0_0 .net/2u *"_ivl_140", 22 0, L_000002a730d5eba0;  1 drivers
v000002a730d524d0_0 .net *"_ivl_142", 31 0, L_000002a730d5c4b0;  1 drivers
L_000002a730d5ebe8 .functor BUFT 1, C4<0000000000000000000000000000000>, C4<0>, C4<0>, C4<0>;
v000002a730d536f0_0 .net/2u *"_ivl_144", 30 0, L_000002a730d5ebe8;  1 drivers
v000002a730d521b0_0 .net *"_ivl_146", 31 0, L_000002a730d5a7f0;  1 drivers
v000002a730d52250_0 .net *"_ivl_149", 7 0, L_000002a730d5a930;  1 drivers
v000002a730d52a70_0 .net *"_ivl_151", 22 0, L_000002a730d5ae30;  1 drivers
v000002a730d52570_0 .net *"_ivl_152", 31 0, L_000002a730d5ccd0;  1 drivers
v000002a730d527f0_0 .net *"_ivl_154", 31 0, L_000002a730d5b150;  1 drivers
v000002a730d530b0_0 .net *"_ivl_16", 0 0, L_000002a730d5d770;  1 drivers
L_000002a730d5e570 .functor BUFT 1, C4<00000000000000000000000>, C4<0>, C4<0>, C4<0>;
v000002a730d52890_0 .net/2u *"_ivl_18", 22 0, L_000002a730d5e570;  1 drivers
v000002a730d529d0_0 .net *"_ivl_20", 0 0, L_000002a730d5da90;  1 drivers
L_000002a730d5e5b8 .functor BUFT 1, C4<11111111>, C4<0>, C4<0>, C4<0>;
v000002a730d533d0_0 .net/2u *"_ivl_24", 7 0, L_000002a730d5e5b8;  1 drivers
v000002a730d52930_0 .net *"_ivl_26", 0 0, L_000002a730d5e3f0;  1 drivers
L_000002a730d5e600 .functor BUFT 1, C4<00000000000000000000000>, C4<0>, C4<0>, C4<0>;
v000002a730d52b10_0 .net/2u *"_ivl_28", 22 0, L_000002a730d5e600;  1 drivers
v000002a730d52ed0_0 .net *"_ivl_30", 0 0, L_000002a730d5db30;  1 drivers
L_000002a730d5e648 .functor BUFT 1, C4<11111111>, C4<0>, C4<0>, C4<0>;
v000002a730d53970_0 .net/2u *"_ivl_34", 7 0, L_000002a730d5e648;  1 drivers
v000002a730d52cf0_0 .net *"_ivl_36", 0 0, L_000002a730d5d450;  1 drivers
L_000002a730d5e690 .functor BUFT 1, C4<00000000000000000000000>, C4<0>, C4<0>, C4<0>;
v000002a730d52d90_0 .net/2u *"_ivl_38", 22 0, L_000002a730d5e690;  1 drivers
v000002a730d52e30_0 .net *"_ivl_40", 0 0, L_000002a730d5dc70;  1 drivers
L_000002a730d5e6d8 .functor BUFT 1, C4<11111111>, C4<0>, C4<0>, C4<0>;
v000002a730d531f0_0 .net/2u *"_ivl_44", 7 0, L_000002a730d5e6d8;  1 drivers
v000002a730d53290_0 .net *"_ivl_46", 0 0, L_000002a730d5cff0;  1 drivers
L_000002a730d5e720 .functor BUFT 1, C4<00000000000000000000000>, C4<0>, C4<0>, C4<0>;
v000002a730d53830_0 .net/2u *"_ivl_48", 22 0, L_000002a730d5e720;  1 drivers
v000002a730d538d0_0 .net *"_ivl_50", 0 0, L_000002a730d5d090;  1 drivers
L_000002a730d5e768 .functor BUFT 1, C4<00000000>, C4<0>, C4<0>, C4<0>;
v000002a730d53330_0 .net/2u *"_ivl_54", 7 0, L_000002a730d5e768;  1 drivers
L_000002a730d5e7b0 .functor BUFT 1, C4<00000000>, C4<0>, C4<0>, C4<0>;
v000002a730d53470_0 .net/2u *"_ivl_58", 7 0, L_000002a730d5e7b0;  1 drivers
L_000002a730d5e7f8 .functor BUFT 1, C4<1>, C4<0>, C4<0>, C4<0>;
v000002a730d54800_0 .net/2u *"_ivl_62", 0 0, L_000002a730d5e7f8;  1 drivers
L_000002a730d5e840 .functor BUFT 1, C4<1>, C4<0>, C4<0>, C4<0>;
v000002a730d549e0_0 .net/2u *"_ivl_66", 0 0, L_000002a730d5e840;  1 drivers
v000002a730d55ac0_0 .net *"_ivl_74", 31 0, L_000002a730d5e210;  1 drivers
L_000002a730d5e888 .functor BUFT 1, C4<0000000000000000>, C4<0>, C4<0>, C4<0>;
v000002a730d54940_0 .net *"_ivl_77", 15 0, L_000002a730d5e888;  1 drivers
v000002a730d55020_0 .net *"_ivl_78", 31 0, L_000002a730d5ddb0;  1 drivers
L_000002a730d5e8d0 .functor BUFT 1, C4<0000000000000000>, C4<0>, C4<0>, C4<0>;
v000002a730d54c60_0 .net *"_ivl_81", 15 0, L_000002a730d5e8d0;  1 drivers
L_000002a730d5e918 .functor BUFT 1, C4<0000000000000000>, C4<0>, C4<0>, C4<0>;
v000002a730d55d40_0 .net/2u *"_ivl_84", 15 0, L_000002a730d5e918;  1 drivers
L_000002a730d5e960 .functor BUFT 1, C4<00>, C4<0>, C4<0>, C4<0>;
v000002a730d555c0_0 .net/2u *"_ivl_88", 1 0, L_000002a730d5e960;  1 drivers
v000002a730d54a80_0 .net *"_ivl_90", 9 0, L_000002a730d5df90;  1 drivers
L_000002a730d5e9a8 .functor BUFT 1, C4<00>, C4<0>, C4<0>, C4<0>;
v000002a730d54d00_0 .net/2u *"_ivl_92", 1 0, L_000002a730d5e9a8;  1 drivers
v000002a730d55e80_0 .net *"_ivl_94", 9 0, L_000002a730d5aa70;  1 drivers
v000002a730d54440_0 .net/s *"_ivl_96", 9 0, L_000002a730d5c190;  1 drivers
L_000002a730d5e9f0 .functor BUFT 1, C4<0001111111>, C4<0>, C4<0>, C4<0>;
v000002a730d548a0_0 .net/2s *"_ivl_98", 9 0, L_000002a730d5e9f0;  1 drivers
v000002a730d55de0_0 .net "a", 31 0, v000002a730d58730_0;  alias, 1 drivers
v000002a730d54620_0 .net "a_is_inf", 0 0, L_000002a730cc1400;  1 drivers
v000002a730d55700_0 .net "a_is_nan", 0 0, L_000002a730cc0e50;  1 drivers
v000002a730d55840_0 .net "a_is_zero", 0 0, L_000002a730d5dd10;  1 drivers
v000002a730d54b20_0 .net "b", 31 0, v000002a730d59950_0;  alias, 1 drivers
v000002a730d54760_0 .net "b_is_inf", 0 0, L_000002a730cc11d0;  1 drivers
v000002a730d55ca0_0 .net "b_is_nan", 0 0, L_000002a730cc1390;  1 drivers
v000002a730d558e0_0 .net "b_is_zero", 0 0, L_000002a730d5d3b0;  1 drivers
v000002a730d55200_0 .net "exp_a", 7 0, L_000002a730d5d630;  1 drivers
v000002a730d55b60_0 .net "exp_b", 7 0, L_000002a730d5d6d0;  1 drivers
v000002a730d544e0_0 .net/s "exp_sum", 9 0, L_000002a730d5c870;  1 drivers
v000002a730d552a0_0 .var/s "final_exp", 9 0;
v000002a730d557a0_0 .var "final_mant", 23 0;
v000002a730d54260_0 .net "frac_a", 22 0, L_000002a730d5e0d0;  1 drivers
v000002a730d55480_0 .net "frac_b", 22 0, L_000002a730d5ce10;  1 drivers
v000002a730d55520_0 .net "guard_bit", 0 0, L_000002a730d5c370;  1 drivers
v000002a730d541c0_0 .var "invalid", 0 0;
v000002a730d54300_0 .net "mant_a", 23 0, L_000002a730d5d1d0;  1 drivers
v000002a730d54580_0 .net "mant_a_trunc", 15 0, L_000002a730d5d270;  1 drivers
v000002a730d55f20_0 .net "mant_b", 23 0, L_000002a730d5e170;  1 drivers
v000002a730d54120_0 .net "mant_b_trunc", 15 0, L_000002a730d5d310;  1 drivers
v000002a730d54da0_0 .net "mant_rounded", 24 0, L_000002a730d5c5f0;  1 drivers
v000002a730d55340_0 .net "mant_trunc", 23 0, L_000002a730d5a890;  1 drivers
v000002a730d54bc0_0 .var/s "norm_exp", 9 0;
v000002a730d55a20_0 .var "norm_product", 47 0;
v000002a730d546c0_0 .net "normal_overflow", 0 0, L_000002a730d5a750;  1 drivers
v000002a730d54e40_0 .net "normal_result", 31 0, L_000002a730d5cc30;  1 drivers
v000002a730d543a0_0 .net "normal_underflow", 0 0, L_000002a730d5b0b0;  1 drivers
v000002a730d550c0_0 .var "overflow", 0 0;
v000002a730d55660_0 .net "product", 47 0, L_000002a730d5def0;  1 drivers
v000002a730d55980_0 .net "product_trunc", 31 0, L_000002a730d5de50;  1 drivers
L_000002a730d5ec30 .functor BUFT 1, C4<01111111110000000000000000000000>, C4<0>, C4<0>, C4<0>;
v000002a730d54ee0_0 .net "qnan", 31 0, L_000002a730d5ec30;  1 drivers
v000002a730d54f80_0 .var "result", 31 0;
v000002a730d55c00_0 .net "result_sign", 0 0, L_000002a730cc1160;  1 drivers
v000002a730d55160_0 .net "round_bit", 0 0, L_000002a730d5b010;  1 drivers
v000002a730d55fc0_0 .net "round_up", 0 0, L_000002a730d1e910;  1 drivers
v000002a730d553e0_0 .net "sign_a", 0 0, L_000002a730d5d950;  1 drivers
v000002a730d56680_0 .net "sign_b", 0 0, L_000002a730d5ceb0;  1 drivers
v000002a730d56c20_0 .net "sticky_bit", 0 0, L_000002a730d5c550;  1 drivers
v000002a730d579e0_0 .var "underflow", 0 0;
E_000002a730cbb540/0 .event anyedge, v000002a730d55700_0, v000002a730d55ca0_0, v000002a730d54ee0_0, v000002a730d54620_0;
E_000002a730cbb540/1 .event anyedge, v000002a730d558e0_0, v000002a730d55840_0, v000002a730d54760_0, v000002a730d55c00_0;
E_000002a730cbb540/2 .event anyedge, v000002a730d54e40_0, v000002a730d546c0_0, v000002a730d543a0_0;
E_000002a730cbb540 .event/or E_000002a730cbb540/0, E_000002a730cbb540/1, E_000002a730cbb540/2;
E_000002a730cba640 .event anyedge, v000002a730d54da0_0, v000002a730d54bc0_0;
E_000002a730cba740 .event anyedge, v000002a730d55660_0, v000002a730d544e0_0;
L_000002a730d5d950 .part v000002a730d58730_0, 31, 1;
L_000002a730d5d630 .part v000002a730d58730_0, 23, 8;
L_000002a730d5e0d0 .part v000002a730d58730_0, 0, 23;
L_000002a730d5ceb0 .part v000002a730d59950_0, 31, 1;
L_000002a730d5d6d0 .part v000002a730d59950_0, 23, 8;
L_000002a730d5ce10 .part v000002a730d59950_0, 0, 23;
L_000002a730d5d770 .cmp/eq 8, L_000002a730d5d630, L_000002a730d5e528;
L_000002a730d5da90 .cmp/ne 23, L_000002a730d5e0d0, L_000002a730d5e570;
L_000002a730d5e3f0 .cmp/eq 8, L_000002a730d5d6d0, L_000002a730d5e5b8;
L_000002a730d5db30 .cmp/ne 23, L_000002a730d5ce10, L_000002a730d5e600;
L_000002a730d5d450 .cmp/eq 8, L_000002a730d5d630, L_000002a730d5e648;
L_000002a730d5dc70 .cmp/eq 23, L_000002a730d5e0d0, L_000002a730d5e690;
L_000002a730d5cff0 .cmp/eq 8, L_000002a730d5d6d0, L_000002a730d5e6d8;
L_000002a730d5d090 .cmp/eq 23, L_000002a730d5ce10, L_000002a730d5e720;
L_000002a730d5dd10 .cmp/eq 8, L_000002a730d5d630, L_000002a730d5e768;
L_000002a730d5d3b0 .cmp/eq 8, L_000002a730d5d6d0, L_000002a730d5e7b0;
L_000002a730d5d1d0 .concat [ 23 1 0 0], L_000002a730d5e0d0, L_000002a730d5e7f8;
L_000002a730d5e170 .concat [ 23 1 0 0], L_000002a730d5ce10, L_000002a730d5e840;
L_000002a730d5d270 .part L_000002a730d5d1d0, 8, 16;
L_000002a730d5d310 .part L_000002a730d5e170, 8, 16;
L_000002a730d5e210 .concat [ 16 16 0 0], L_000002a730d5d270, L_000002a730d5e888;
L_000002a730d5ddb0 .concat [ 16 16 0 0], L_000002a730d5d310, L_000002a730d5e8d0;
L_000002a730d5de50 .arith/mult 32, L_000002a730d5e210, L_000002a730d5ddb0;
L_000002a730d5def0 .concat [ 16 32 0 0], L_000002a730d5e918, L_000002a730d5de50;
L_000002a730d5df90 .concat [ 8 2 0 0], L_000002a730d5d630, L_000002a730d5e960;
L_000002a730d5aa70 .concat [ 8 2 0 0], L_000002a730d5d6d0, L_000002a730d5e9a8;
L_000002a730d5c190 .arith/sum 10, L_000002a730d5df90, L_000002a730d5aa70;
L_000002a730d5c870 .arith/sub 10, L_000002a730d5c190, L_000002a730d5e9f0;
L_000002a730d5c370 .part v000002a730d55a20_0, 23, 1;
L_000002a730d5b010 .part v000002a730d55a20_0, 22, 1;
L_000002a730d5af70 .part v000002a730d55a20_0, 0, 22;
L_000002a730d5c550 .reduce/or L_000002a730d5af70;
L_000002a730d5a890 .part v000002a730d55a20_0, 24, 24;
L_000002a730d5c230 .part L_000002a730d5a890, 0, 1;
L_000002a730d5a570 .concat [ 24 1 0 0], L_000002a730d5a890, L_000002a730d5ea38;
L_000002a730d5aed0 .concat [ 1 24 0 0], L_000002a730d1e910, L_000002a730d5ea80;
L_000002a730d5c5f0 .arith/sum 25, L_000002a730d5a570, L_000002a730d5aed0;
L_000002a730d5a750 .cmp/ge.s 10, v000002a730d552a0_0, L_000002a730d5eac8;
L_000002a730d5b0b0 .cmp/ge.s 10, L_000002a730d5eb10, v000002a730d552a0_0;
L_000002a730d5c4b0 .concat [ 23 8 1 0], L_000002a730d5eba0, L_000002a730d5eb58, L_000002a730cc1160;
L_000002a730d5a7f0 .concat [ 31 1 0 0], L_000002a730d5ebe8, L_000002a730cc1160;
L_000002a730d5a930 .part v000002a730d552a0_0, 0, 8;
L_000002a730d5ae30 .part v000002a730d557a0_0, 0, 23;
L_000002a730d5ccd0 .concat [ 23 8 1 0], L_000002a730d5ae30, L_000002a730d5a930, L_000002a730cc1160;
L_000002a730d5b150 .functor MUXZ 32, L_000002a730d5ccd0, L_000002a730d5a7f0, L_000002a730d5b0b0, C4<>;
L_000002a730d5cc30 .functor MUXZ 32, L_000002a730d5b150, L_000002a730d5c4b0, L_000002a730d5a750, C4<>;
S_000002a730cd2880 .scope module, "dut8" "fp_multiplier_approx" 2 16, 3 19 0, S_000002a730cd07a0;
 .timescale -9 -12;
    .port_info 0 /INPUT 32 "a";
    .port_info 1 /INPUT 32 "b";
    .port_info 2 /OUTPUT 32 "result";
    .port_info 3 /OUTPUT 1 "overflow";
    .port_info 4 /OUTPUT 1 "underflow";
    .port_info 5 /OUTPUT 1 "invalid";
P_000002a730d3bf10 .param/l "DROP" 1 3 31, +C4<000000000000000000000000000010000>;
P_000002a730d3bf48 .param/l "MANT_BITS" 0 3 20, +C4<00000000000000000000000000001000>;
L_000002a730d1e4b0 .functor XOR 1, L_000002a730dbba60, L_000002a730dbb240, C4<0>, C4<0>;
L_000002a730d1e600 .functor AND 1, L_000002a730dbb600, L_000002a730dbc000, C4<1>, C4<1>;
L_000002a730d1e130 .functor AND 1, L_000002a730dbb7e0, L_000002a730dbbb00, C4<1>, C4<1>;
L_000002a730d1e9f0 .functor AND 1, L_000002a730dbb380, L_000002a730dbc460, C4<1>, C4<1>;
L_000002a730d1e670 .functor AND 1, L_000002a730dbb100, L_000002a730dbb4c0, C4<1>, C4<1>;
L_000002a730d1df70 .functor OR 1, L_000002a730dbbe20, L_000002a730dbc320, C4<0>, C4<0>;
L_000002a730d1e830 .functor OR 1, L_000002a730d1df70, L_000002a730dbc1e0, C4<0>, C4<0>;
L_000002a730d1ea60 .functor AND 1, L_000002a730dbb9c0, L_000002a730d1e830, C4<1>, C4<1>;
v000002a730d583e0_0 .net *"_ivl_107", 21 0, L_000002a730dbbf60;  1 drivers
v000002a730d57da0_0 .net *"_ivl_112", 0 0, L_000002a730d1df70;  1 drivers
v000002a730d57260_0 .net *"_ivl_115", 0 0, L_000002a730dbc1e0;  1 drivers
v000002a730d56540_0 .net *"_ivl_116", 0 0, L_000002a730d1e830;  1 drivers
v000002a730d567c0_0 .net *"_ivl_120", 24 0, L_000002a730db96c0;  1 drivers
L_000002a730d5f8d8 .functor BUFT 1, C4<0>, C4<0>, C4<0>, C4<0>;
v000002a730d57e40_0 .net *"_ivl_123", 0 0, L_000002a730d5f8d8;  1 drivers
v000002a730d57ee0_0 .net *"_ivl_124", 24 0, L_000002a730db8f40;  1 drivers
L_000002a730d5f920 .functor BUFT 1, C4<000000000000000000000000>, C4<0>, C4<0>, C4<0>;
v000002a730d57440_0 .net *"_ivl_127", 23 0, L_000002a730d5f920;  1 drivers
L_000002a730d5f968 .functor BUFT 1, C4<0011111111>, C4<0>, C4<0>, C4<0>;
v000002a730d580c0_0 .net/2s *"_ivl_130", 9 0, L_000002a730d5f968;  1 drivers
L_000002a730d5f9b0 .functor BUFT 1, C4<0000000000>, C4<0>, C4<0>, C4<0>;
v000002a730d565e0_0 .net/2s *"_ivl_134", 9 0, L_000002a730d5f9b0;  1 drivers
L_000002a730d5f9f8 .functor BUFT 1, C4<11111111>, C4<0>, C4<0>, C4<0>;
v000002a730d56cc0_0 .net/2u *"_ivl_138", 7 0, L_000002a730d5f9f8;  1 drivers
L_000002a730d5f3c8 .functor BUFT 1, C4<11111111>, C4<0>, C4<0>, C4<0>;
v000002a730d56f40_0 .net/2u *"_ivl_14", 7 0, L_000002a730d5f3c8;  1 drivers
L_000002a730d5fa40 .functor BUFT 1, C4<00000000000000000000000>, C4<0>, C4<0>, C4<0>;
v000002a730d56ea0_0 .net/2u *"_ivl_140", 22 0, L_000002a730d5fa40;  1 drivers
v000002a730d58020_0 .net *"_ivl_142", 31 0, L_000002a730dba3e0;  1 drivers
L_000002a730d5fa88 .functor BUFT 1, C4<0000000000000000000000000000000>, C4<0>, C4<0>, C4<0>;
v000002a730d56860_0 .net/2u *"_ivl_144", 30 0, L_000002a730d5fa88;  1 drivers
v000002a730d58160_0 .net *"_ivl_146", 31 0, L_000002a730db8fe0;  1 drivers
v000002a730d576c0_0 .net *"_ivl_149", 7 0, L_000002a730db8ea0;  1 drivers
v000002a730d57120_0 .net *"_ivl_151", 22 0, L_000002a730db9620;  1 drivers
v000002a730d58200_0 .net *"_ivl_152", 31 0, L_000002a730dba200;  1 drivers
v000002a730d56900_0 .net *"_ivl_154", 31 0, L_000002a730db9d00;  1 drivers
v000002a730d56720_0 .net *"_ivl_16", 0 0, L_000002a730dbb600;  1 drivers
L_000002a730d5f410 .functor BUFT 1, C4<00000000000000000000000>, C4<0>, C4<0>, C4<0>;
v000002a730d569a0_0 .net/2u *"_ivl_18", 22 0, L_000002a730d5f410;  1 drivers
v000002a730d57f80_0 .net *"_ivl_20", 0 0, L_000002a730dbc000;  1 drivers
L_000002a730d5f458 .functor BUFT 1, C4<11111111>, C4<0>, C4<0>, C4<0>;
v000002a730d56e00_0 .net/2u *"_ivl_24", 7 0, L_000002a730d5f458;  1 drivers
v000002a730d582a0_0 .net *"_ivl_26", 0 0, L_000002a730dbb7e0;  1 drivers
L_000002a730d5f4a0 .functor BUFT 1, C4<00000000000000000000000>, C4<0>, C4<0>, C4<0>;
v000002a730d57d00_0 .net/2u *"_ivl_28", 22 0, L_000002a730d5f4a0;  1 drivers
v000002a730d571c0_0 .net *"_ivl_30", 0 0, L_000002a730dbbb00;  1 drivers
L_000002a730d5f4e8 .functor BUFT 1, C4<11111111>, C4<0>, C4<0>, C4<0>;
v000002a730d58340_0 .net/2u *"_ivl_34", 7 0, L_000002a730d5f4e8;  1 drivers
v000002a730d56ae0_0 .net *"_ivl_36", 0 0, L_000002a730dbb380;  1 drivers
L_000002a730d5f530 .functor BUFT 1, C4<00000000000000000000000>, C4<0>, C4<0>, C4<0>;
v000002a730d574e0_0 .net/2u *"_ivl_38", 22 0, L_000002a730d5f530;  1 drivers
v000002a730d56a40_0 .net *"_ivl_40", 0 0, L_000002a730dbc460;  1 drivers
L_000002a730d5f578 .functor BUFT 1, C4<11111111>, C4<0>, C4<0>, C4<0>;
v000002a730d57b20_0 .net/2u *"_ivl_44", 7 0, L_000002a730d5f578;  1 drivers
v000002a730d56d60_0 .net *"_ivl_46", 0 0, L_000002a730dbb100;  1 drivers
L_000002a730d5f5c0 .functor BUFT 1, C4<00000000000000000000000>, C4<0>, C4<0>, C4<0>;
v000002a730d57800_0 .net/2u *"_ivl_48", 22 0, L_000002a730d5f5c0;  1 drivers
v000002a730d56b80_0 .net *"_ivl_50", 0 0, L_000002a730dbb4c0;  1 drivers
L_000002a730d5f608 .functor BUFT 1, C4<00000000>, C4<0>, C4<0>, C4<0>;
v000002a730d56fe0_0 .net/2u *"_ivl_54", 7 0, L_000002a730d5f608;  1 drivers
L_000002a730d5f650 .functor BUFT 1, C4<00000000>, C4<0>, C4<0>, C4<0>;
v000002a730d57080_0 .net/2u *"_ivl_58", 7 0, L_000002a730d5f650;  1 drivers
L_000002a730d5f698 .functor BUFT 1, C4<1>, C4<0>, C4<0>, C4<0>;
v000002a730d57300_0 .net/2u *"_ivl_62", 0 0, L_000002a730d5f698;  1 drivers
L_000002a730d5f6e0 .functor BUFT 1, C4<1>, C4<0>, C4<0>, C4<0>;
v000002a730d573a0_0 .net/2u *"_ivl_66", 0 0, L_000002a730d5f6e0;  1 drivers
v000002a730d57580_0 .net *"_ivl_74", 15 0, L_000002a730dbb920;  1 drivers
L_000002a730d5f728 .functor BUFT 1, C4<00000000>, C4<0>, C4<0>, C4<0>;
v000002a730d57620_0 .net *"_ivl_77", 7 0, L_000002a730d5f728;  1 drivers
v000002a730d57760_0 .net *"_ivl_78", 15 0, L_000002a730dbbc40;  1 drivers
L_000002a730d5f770 .functor BUFT 1, C4<00000000>, C4<0>, C4<0>, C4<0>;
v000002a730d578a0_0 .net *"_ivl_81", 7 0, L_000002a730d5f770;  1 drivers
L_000002a730d5f7b8 .functor BUFT 1, C4<00000000000000000000000000000000>, C4<0>, C4<0>, C4<0>;
v000002a730d57940_0 .net/2u *"_ivl_84", 31 0, L_000002a730d5f7b8;  1 drivers
L_000002a730d5f800 .functor BUFT 1, C4<00>, C4<0>, C4<0>, C4<0>;
v000002a730d57a80_0 .net/2u *"_ivl_88", 1 0, L_000002a730d5f800;  1 drivers
v000002a730d57bc0_0 .net *"_ivl_90", 9 0, L_000002a730dbbce0;  1 drivers
L_000002a730d5f848 .functor BUFT 1, C4<00>, C4<0>, C4<0>, C4<0>;
v000002a730d57c60_0 .net/2u *"_ivl_92", 1 0, L_000002a730d5f848;  1 drivers
v000002a730d59090_0 .net *"_ivl_94", 9 0, L_000002a730dbb740;  1 drivers
v000002a730d5a170_0 .net/s *"_ivl_96", 9 0, L_000002a730dbbd80;  1 drivers
L_000002a730d5f890 .functor BUFT 1, C4<0001111111>, C4<0>, C4<0>, C4<0>;
v000002a730d599f0_0 .net/2s *"_ivl_98", 9 0, L_000002a730d5f890;  1 drivers
v000002a730d58d70_0 .net "a", 31 0, v000002a730d58730_0;  alias, 1 drivers
v000002a730d59130_0 .net "a_is_inf", 0 0, L_000002a730d1e9f0;  1 drivers
v000002a730d593b0_0 .net "a_is_nan", 0 0, L_000002a730d1e600;  1 drivers
v000002a730d5a030_0 .net "a_is_zero", 0 0, L_000002a730dbc280;  1 drivers
v000002a730d58870_0 .net "b", 31 0, v000002a730d59950_0;  alias, 1 drivers
v000002a730d58c30_0 .net "b_is_inf", 0 0, L_000002a730d1e670;  1 drivers
v000002a730d58550_0 .net "b_is_nan", 0 0, L_000002a730d1e130;  1 drivers
v000002a730d589b0_0 .net "b_is_zero", 0 0, L_000002a730dbb560;  1 drivers
v000002a730d58af0_0 .net "exp_a", 7 0, L_000002a730dbc3c0;  1 drivers
v000002a730d598b0_0 .net "exp_b", 7 0, L_000002a730dbb420;  1 drivers
v000002a730d58f50_0 .net/s "exp_sum", 9 0, L_000002a730dbb880;  1 drivers
v000002a730d58cd0_0 .var/s "final_exp", 9 0;
v000002a730d59e50_0 .var "final_mant", 23 0;
v000002a730d596d0_0 .net "frac_a", 22 0, L_000002a730dbb060;  1 drivers
v000002a730d5a0d0_0 .net "frac_b", 22 0, L_000002a730dbb2e0;  1 drivers
v000002a730d58a50_0 .net "guard_bit", 0 0, L_000002a730dbb9c0;  1 drivers
v000002a730d58e10_0 .var "invalid", 0 0;
v000002a730d59ef0_0 .net "mant_a", 23 0, L_000002a730dbc500;  1 drivers
v000002a730d587d0_0 .net "mant_a_trunc", 7 0, L_000002a730dbbec0;  1 drivers
v000002a730d591d0_0 .net "mant_b", 23 0, L_000002a730dbc0a0;  1 drivers
v000002a730d59a90_0 .net "mant_b_trunc", 7 0, L_000002a730dbafc0;  1 drivers
v000002a730d59270_0 .net "mant_rounded", 24 0, L_000002a730dba8e0;  1 drivers
v000002a730d58910_0 .net "mant_trunc", 23 0, L_000002a730dbc140;  1 drivers
v000002a730d58b90_0 .var/s "norm_exp", 9 0;
v000002a730d5a3f0_0 .var "norm_product", 47 0;
v000002a730d585f0_0 .net "normal_overflow", 0 0, L_000002a730dba020;  1 drivers
v000002a730d58690_0 .net "normal_result", 31 0, L_000002a730db8d60;  1 drivers
v000002a730d59310_0 .net "normal_underflow", 0 0, L_000002a730dbae80;  1 drivers
v000002a730d58eb0_0 .var "overflow", 0 0;
v000002a730d59450_0 .net "product", 47 0, L_000002a730dbb6a0;  1 drivers
v000002a730d58ff0_0 .net "product_trunc", 15 0, L_000002a730dbb1a0;  1 drivers
L_000002a730d5fad0 .functor BUFT 1, C4<01111111110000000000000000000000>, C4<0>, C4<0>, C4<0>;
v000002a730d594f0_0 .net "qnan", 31 0, L_000002a730d5fad0;  1 drivers
v000002a730d5a210_0 .var "result", 31 0;
v000002a730d5a2b0_0 .net "result_sign", 0 0, L_000002a730d1e4b0;  1 drivers
v000002a730d59590_0 .net "round_bit", 0 0, L_000002a730dbbe20;  1 drivers
v000002a730d59630_0 .net "round_up", 0 0, L_000002a730d1ea60;  1 drivers
v000002a730d59f90_0 .net "sign_a", 0 0, L_000002a730dbba60;  1 drivers
v000002a730d59770_0 .net "sign_b", 0 0, L_000002a730dbb240;  1 drivers
v000002a730d5a350_0 .net "sticky_bit", 0 0, L_000002a730dbc320;  1 drivers
v000002a730d59810_0 .var "underflow", 0 0;
E_000002a730cba7c0/0 .event anyedge, v000002a730d593b0_0, v000002a730d58550_0, v000002a730d594f0_0, v000002a730d59130_0;
E_000002a730cba7c0/1 .event anyedge, v000002a730d589b0_0, v000002a730d5a030_0, v000002a730d58c30_0, v000002a730d5a2b0_0;
E_000002a730cba7c0/2 .event anyedge, v000002a730d58690_0, v000002a730d585f0_0, v000002a730d59310_0;
E_000002a730cba7c0 .event/or E_000002a730cba7c0/0, E_000002a730cba7c0/1, E_000002a730cba7c0/2;
E_000002a730cba800 .event anyedge, v000002a730d59270_0, v000002a730d58b90_0;
E_000002a730cbb000 .event anyedge, v000002a730d59450_0, v000002a730d58f50_0;
L_000002a730dbba60 .part v000002a730d58730_0, 31, 1;
L_000002a730dbc3c0 .part v000002a730d58730_0, 23, 8;
L_000002a730dbb060 .part v000002a730d58730_0, 0, 23;
L_000002a730dbb240 .part v000002a730d59950_0, 31, 1;
L_000002a730dbb420 .part v000002a730d59950_0, 23, 8;
L_000002a730dbb2e0 .part v000002a730d59950_0, 0, 23;
L_000002a730dbb600 .cmp/eq 8, L_000002a730dbc3c0, L_000002a730d5f3c8;
L_000002a730dbc000 .cmp/ne 23, L_000002a730dbb060, L_000002a730d5f410;
L_000002a730dbb7e0 .cmp/eq 8, L_000002a730dbb420, L_000002a730d5f458;
L_000002a730dbbb00 .cmp/ne 23, L_000002a730dbb2e0, L_000002a730d5f4a0;
L_000002a730dbb380 .cmp/eq 8, L_000002a730dbc3c0, L_000002a730d5f4e8;
L_000002a730dbc460 .cmp/eq 23, L_000002a730dbb060, L_000002a730d5f530;
L_000002a730dbb100 .cmp/eq 8, L_000002a730dbb420, L_000002a730d5f578;
L_000002a730dbb4c0 .cmp/eq 23, L_000002a730dbb2e0, L_000002a730d5f5c0;
L_000002a730dbc280 .cmp/eq 8, L_000002a730dbc3c0, L_000002a730d5f608;
L_000002a730dbb560 .cmp/eq 8, L_000002a730dbb420, L_000002a730d5f650;
L_000002a730dbc500 .concat [ 23 1 0 0], L_000002a730dbb060, L_000002a730d5f698;
L_000002a730dbc0a0 .concat [ 23 1 0 0], L_000002a730dbb2e0, L_000002a730d5f6e0;
L_000002a730dbbec0 .part L_000002a730dbc500, 16, 8;
L_000002a730dbafc0 .part L_000002a730dbc0a0, 16, 8;
L_000002a730dbb920 .concat [ 8 8 0 0], L_000002a730dbbec0, L_000002a730d5f728;
L_000002a730dbbc40 .concat [ 8 8 0 0], L_000002a730dbafc0, L_000002a730d5f770;
L_000002a730dbb1a0 .arith/mult 16, L_000002a730dbb920, L_000002a730dbbc40;
L_000002a730dbb6a0 .concat [ 32 16 0 0], L_000002a730d5f7b8, L_000002a730dbb1a0;
L_000002a730dbbce0 .concat [ 8 2 0 0], L_000002a730dbc3c0, L_000002a730d5f800;
L_000002a730dbb740 .concat [ 8 2 0 0], L_000002a730dbb420, L_000002a730d5f848;
L_000002a730dbbd80 .arith/sum 10, L_000002a730dbbce0, L_000002a730dbb740;
L_000002a730dbb880 .arith/sub 10, L_000002a730dbbd80, L_000002a730d5f890;
L_000002a730dbb9c0 .part v000002a730d5a3f0_0, 23, 1;
L_000002a730dbbe20 .part v000002a730d5a3f0_0, 22, 1;
L_000002a730dbbf60 .part v000002a730d5a3f0_0, 0, 22;
L_000002a730dbc320 .reduce/or L_000002a730dbbf60;
L_000002a730dbc140 .part v000002a730d5a3f0_0, 24, 24;
L_000002a730dbc1e0 .part L_000002a730dbc140, 0, 1;
L_000002a730db96c0 .concat [ 24 1 0 0], L_000002a730dbc140, L_000002a730d5f8d8;
L_000002a730db8f40 .concat [ 1 24 0 0], L_000002a730d1ea60, L_000002a730d5f920;
L_000002a730dba8e0 .arith/sum 25, L_000002a730db96c0, L_000002a730db8f40;
L_000002a730dba020 .cmp/ge.s 10, v000002a730d58cd0_0, L_000002a730d5f968;
L_000002a730dbae80 .cmp/ge.s 10, L_000002a730d5f9b0, v000002a730d58cd0_0;
L_000002a730dba3e0 .concat [ 23 8 1 0], L_000002a730d5fa40, L_000002a730d5f9f8, L_000002a730d1e4b0;
L_000002a730db8fe0 .concat [ 31 1 0 0], L_000002a730d5fa88, L_000002a730d1e4b0;
L_000002a730db8ea0 .part v000002a730d58cd0_0, 0, 8;
L_000002a730db9620 .part v000002a730d59e50_0, 0, 23;
L_000002a730dba200 .concat [ 23 8 1 0], L_000002a730db9620, L_000002a730db8ea0, L_000002a730d1e4b0;
L_000002a730db9d00 .functor MUXZ 32, L_000002a730dba200, L_000002a730db8fe0, L_000002a730dbae80, C4<>;
L_000002a730db8d60 .functor MUXZ 32, L_000002a730db9d00, L_000002a730dba3e0, L_000002a730dba020, C4<>;
    .scope S_000002a730cd26f0;
T_0 ;
    %wait E_000002a730cba740;
    %load/vec4 v000002a730d55660_0;
    %parti/s 1, 47, 7;
    %flag_set/vec4 8;
    %jmp/0xz  T_0.0, 8;
    %load/vec4 v000002a730d55660_0;
    %store/vec4 v000002a730d55a20_0, 0, 48;
    %load/vec4 v000002a730d544e0_0;
    %addi 1, 0, 10;
    %store/vec4 v000002a730d54bc0_0, 0, 10;
    %jmp T_0.1;
T_0.0 ;
    %load/vec4 v000002a730d55660_0;
    %ix/load 4, 1, 0;
    %flag_set/imm 4, 0;
    %shiftl 4;
    %store/vec4 v000002a730d55a20_0, 0, 48;
    %load/vec4 v000002a730d544e0_0;
    %store/vec4 v000002a730d54bc0_0, 0, 10;
T_0.1 ;
    %jmp T_0;
    .thread T_0, $push;
    .scope S_000002a730cd26f0;
T_1 ;
    %wait E_000002a730cba640;
    %load/vec4 v000002a730d54da0_0;
    %parti/s 1, 24, 6;
    %flag_set/vec4 8;
    %jmp/0xz  T_1.0, 8;
    %load/vec4 v000002a730d54da0_0;
    %parti/s 24, 1, 2;
    %store/vec4 v000002a730d557a0_0, 0, 24;
    %load/vec4 v000002a730d54bc0_0;
    %addi 1, 0, 10;
    %store/vec4 v000002a730d552a0_0, 0, 10;
    %jmp T_1.1;
T_1.0 ;
    %load/vec4 v000002a730d54da0_0;
    %parti/s 24, 0, 2;
    %store/vec4 v000002a730d557a0_0, 0, 24;
    %load/vec4 v000002a730d54bc0_0;
    %store/vec4 v000002a730d552a0_0, 0, 10;
T_1.1 ;
    %jmp T_1;
    .thread T_1, $push;
    .scope S_000002a730cd26f0;
T_2 ;
    %wait E_000002a730cbb540;
    %pushi/vec4 0, 0, 1;
    %store/vec4 v000002a730d550c0_0, 0, 1;
    %pushi/vec4 0, 0, 1;
    %store/vec4 v000002a730d579e0_0, 0, 1;
    %pushi/vec4 0, 0, 1;
    %store/vec4 v000002a730d541c0_0, 0, 1;
    %load/vec4 v000002a730d55700_0;
    %flag_set/vec4 8;
    %jmp/1 T_2.2, 8;
    %load/vec4 v000002a730d55ca0_0;
    %flag_set/vec4 9;
    %flag_or 8, 9;
T_2.2;
    %jmp/0xz  T_2.0, 8;
    %load/vec4 v000002a730d54ee0_0;
    %store/vec4 v000002a730d54f80_0, 0, 32;
    %pushi/vec4 1, 0, 1;
    %store/vec4 v000002a730d541c0_0, 0, 1;
    %jmp T_2.1;
T_2.0 ;
    %load/vec4 v000002a730d54620_0;
    %flag_set/vec4 9;
    %flag_get/vec4 9;
    %jmp/0 T_2.6, 9;
    %load/vec4 v000002a730d558e0_0;
    %and;
T_2.6;
    %flag_set/vec4 8;
    %jmp/1 T_2.5, 8;
    %load/vec4 v000002a730d55840_0;
    %flag_set/vec4 10;
    %flag_get/vec4 10;
    %jmp/0 T_2.7, 10;
    %load/vec4 v000002a730d54760_0;
    %and;
T_2.7;
    %flag_set/vec4 9;
    %flag_or 8, 9;
T_2.5;
    %jmp/0xz  T_2.3, 8;
    %load/vec4 v000002a730d54ee0_0;
    %store/vec4 v000002a730d54f80_0, 0, 32;
    %pushi/vec4 1, 0, 1;
    %store/vec4 v000002a730d541c0_0, 0, 1;
    %jmp T_2.4;
T_2.3 ;
    %load/vec4 v000002a730d54620_0;
    %flag_set/vec4 8;
    %jmp/1 T_2.10, 8;
    %load/vec4 v000002a730d54760_0;
    %flag_set/vec4 9;
    %flag_or 8, 9;
T_2.10;
    %jmp/0xz  T_2.8, 8;
    %load/vec4 v000002a730d55c00_0;
    %concati/vec4 255, 0, 8;
    %concati/vec4 0, 0, 23;
    %store/vec4 v000002a730d54f80_0, 0, 32;
    %jmp T_2.9;
T_2.8 ;
    %load/vec4 v000002a730d55840_0;
    %flag_set/vec4 8;
    %jmp/1 T_2.13, 8;
    %load/vec4 v000002a730d558e0_0;
    %flag_set/vec4 9;
    %flag_or 8, 9;
T_2.13;
    %jmp/0xz  T_2.11, 8;
    %load/vec4 v000002a730d55c00_0;
    %concati/vec4 0, 0, 31;
    %store/vec4 v000002a730d54f80_0, 0, 32;
    %jmp T_2.12;
T_2.11 ;
    %load/vec4 v000002a730d54e40_0;
    %store/vec4 v000002a730d54f80_0, 0, 32;
    %load/vec4 v000002a730d546c0_0;
    %store/vec4 v000002a730d550c0_0, 0, 1;
    %load/vec4 v000002a730d543a0_0;
    %flag_set/vec4 8;
    %flag_get/vec4 8;
    %jmp/0 T_2.14, 8;
    %load/vec4 v000002a730d546c0_0;
    %nor/r;
    %and;
T_2.14;
    %store/vec4 v000002a730d579e0_0, 0, 1;
T_2.12 ;
T_2.9 ;
T_2.4 ;
T_2.1 ;
    %jmp T_2;
    .thread T_2, $push;
    .scope S_000002a730cd0e40;
T_3 ;
    %wait E_000002a730cbb280;
    %load/vec4 v000002a730d53790_0;
    %parti/s 1, 47, 7;
    %flag_set/vec4 8;
    %jmp/0xz  T_3.0, 8;
    %load/vec4 v000002a730d53790_0;
    %store/vec4 v000002a730d49450_0, 0, 48;
    %load/vec4 v000002a730d48e10_0;
    %addi 1, 0, 10;
    %store/vec4 v000002a730d493b0_0, 0, 10;
    %jmp T_3.1;
T_3.0 ;
    %load/vec4 v000002a730d53790_0;
    %ix/load 4, 1, 0;
    %flag_set/imm 4, 0;
    %shiftl 4;
    %store/vec4 v000002a730d49450_0, 0, 48;
    %load/vec4 v000002a730d48e10_0;
    %store/vec4 v000002a730d493b0_0, 0, 10;
T_3.1 ;
    %jmp T_3;
    .thread T_3, $push;
    .scope S_000002a730cd0e40;
T_4 ;
    %wait E_000002a730cbacc0;
    %load/vec4 v000002a730d48a50_0;
    %parti/s 1, 24, 6;
    %flag_set/vec4 8;
    %jmp/0xz  T_4.0, 8;
    %load/vec4 v000002a730d48a50_0;
    %parti/s 24, 1, 2;
    %store/vec4 v000002a730d48370_0, 0, 24;
    %load/vec4 v000002a730d493b0_0;
    %addi 1, 0, 10;
    %store/vec4 v000002a730d482d0_0, 0, 10;
    %jmp T_4.1;
T_4.0 ;
    %load/vec4 v000002a730d48a50_0;
    %parti/s 24, 0, 2;
    %store/vec4 v000002a730d48370_0, 0, 24;
    %load/vec4 v000002a730d493b0_0;
    %store/vec4 v000002a730d482d0_0, 0, 10;
T_4.1 ;
    %jmp T_4;
    .thread T_4, $push;
    .scope S_000002a730cd0e40;
T_5 ;
    %wait E_000002a730cbac00;
    %pushi/vec4 0, 0, 1;
    %store/vec4 v000002a730d52c50_0, 0, 1;
    %pushi/vec4 0, 0, 1;
    %store/vec4 v000002a730d52110_0, 0, 1;
    %pushi/vec4 0, 0, 1;
    %store/vec4 v000002a730d48eb0_0, 0, 1;
    %load/vec4 v000002a730d48910_0;
    %flag_set/vec4 8;
    %jmp/1 T_5.2, 8;
    %load/vec4 v000002a730d49590_0;
    %flag_set/vec4 9;
    %flag_or 8, 9;
T_5.2;
    %jmp/0xz  T_5.0, 8;
    %load/vec4 v000002a730d53c90_0;
    %store/vec4 v000002a730d53ab0_0, 0, 32;
    %pushi/vec4 1, 0, 1;
    %store/vec4 v000002a730d48eb0_0, 0, 1;
    %jmp T_5.1;
T_5.0 ;
    %load/vec4 v000002a730d48cd0_0;
    %flag_set/vec4 9;
    %flag_get/vec4 9;
    %jmp/0 T_5.6, 9;
    %load/vec4 v000002a730d49ef0_0;
    %and;
T_5.6;
    %flag_set/vec4 8;
    %jmp/1 T_5.5, 8;
    %load/vec4 v000002a730d498b0_0;
    %flag_set/vec4 10;
    %flag_get/vec4 10;
    %jmp/0 T_5.7, 10;
    %load/vec4 v000002a730d49db0_0;
    %and;
T_5.7;
    %flag_set/vec4 9;
    %flag_or 8, 9;
T_5.5;
    %jmp/0xz  T_5.3, 8;
    %load/vec4 v000002a730d53c90_0;
    %store/vec4 v000002a730d53ab0_0, 0, 32;
    %pushi/vec4 1, 0, 1;
    %store/vec4 v000002a730d48eb0_0, 0, 1;
    %jmp T_5.4;
T_5.3 ;
    %load/vec4 v000002a730d48cd0_0;
    %flag_set/vec4 8;
    %jmp/1 T_5.10, 8;
    %load/vec4 v000002a730d49db0_0;
    %flag_set/vec4 9;
    %flag_or 8, 9;
T_5.10;
    %jmp/0xz  T_5.8, 8;
    %load/vec4 v000002a730d52f70_0;
    %concati/vec4 255, 0, 8;
    %concati/vec4 0, 0, 23;
    %store/vec4 v000002a730d53ab0_0, 0, 32;
    %jmp T_5.9;
T_5.8 ;
    %load/vec4 v000002a730d498b0_0;
    %flag_set/vec4 8;
    %jmp/1 T_5.13, 8;
    %load/vec4 v000002a730d49ef0_0;
    %flag_set/vec4 9;
    %flag_or 8, 9;
T_5.13;
    %jmp/0xz  T_5.11, 8;
    %load/vec4 v000002a730d52f70_0;
    %concati/vec4 0, 0, 31;
    %store/vec4 v000002a730d53ab0_0, 0, 32;
    %jmp T_5.12;
T_5.11 ;
    %load/vec4 v000002a730d496d0_0;
    %store/vec4 v000002a730d53ab0_0, 0, 32;
    %load/vec4 v000002a730d494f0_0;
    %store/vec4 v000002a730d52c50_0, 0, 1;
    %load/vec4 v000002a730d52750_0;
    %flag_set/vec4 8;
    %flag_get/vec4 8;
    %jmp/0 T_5.14, 8;
    %load/vec4 v000002a730d494f0_0;
    %nor/r;
    %and;
T_5.14;
    %store/vec4 v000002a730d52110_0, 0, 1;
T_5.12 ;
T_5.9 ;
T_5.4 ;
T_5.1 ;
    %jmp T_5;
    .thread T_5, $push;
    .scope S_000002a730cd2880;
T_6 ;
    %wait E_000002a730cbb000;
    %load/vec4 v000002a730d59450_0;
    %parti/s 1, 47, 7;
    %flag_set/vec4 8;
    %jmp/0xz  T_6.0, 8;
    %load/vec4 v000002a730d59450_0;
    %store/vec4 v000002a730d5a3f0_0, 0, 48;
    %load/vec4 v000002a730d58f50_0;
    %addi 1, 0, 10;
    %store/vec4 v000002a730d58b90_0, 0, 10;
    %jmp T_6.1;
T_6.0 ;
    %load/vec4 v000002a730d59450_0;
    %ix/load 4, 1, 0;
    %flag_set/imm 4, 0;
    %shiftl 4;
    %store/vec4 v000002a730d5a3f0_0, 0, 48;
    %load/vec4 v000002a730d58f50_0;
    %store/vec4 v000002a730d58b90_0, 0, 10;
T_6.1 ;
    %jmp T_6;
    .thread T_6, $push;
    .scope S_000002a730cd2880;
T_7 ;
    %wait E_000002a730cba800;
    %load/vec4 v000002a730d59270_0;
    %parti/s 1, 24, 6;
    %flag_set/vec4 8;
    %jmp/0xz  T_7.0, 8;
    %load/vec4 v000002a730d59270_0;
    %parti/s 24, 1, 2;
    %store/vec4 v000002a730d59e50_0, 0, 24;
    %load/vec4 v000002a730d58b90_0;
    %addi 1, 0, 10;
    %store/vec4 v000002a730d58cd0_0, 0, 10;
    %jmp T_7.1;
T_7.0 ;
    %load/vec4 v000002a730d59270_0;
    %parti/s 24, 0, 2;
    %store/vec4 v000002a730d59e50_0, 0, 24;
    %load/vec4 v000002a730d58b90_0;
    %store/vec4 v000002a730d58cd0_0, 0, 10;
T_7.1 ;
    %jmp T_7;
    .thread T_7, $push;
    .scope S_000002a730cd2880;
T_8 ;
    %wait E_000002a730cba7c0;
    %pushi/vec4 0, 0, 1;
    %store/vec4 v000002a730d58eb0_0, 0, 1;
    %pushi/vec4 0, 0, 1;
    %store/vec4 v000002a730d59810_0, 0, 1;
    %pushi/vec4 0, 0, 1;
    %store/vec4 v000002a730d58e10_0, 0, 1;
    %load/vec4 v000002a730d593b0_0;
    %flag_set/vec4 8;
    %jmp/1 T_8.2, 8;
    %load/vec4 v000002a730d58550_0;
    %flag_set/vec4 9;
    %flag_or 8, 9;
T_8.2;
    %jmp/0xz  T_8.0, 8;
    %load/vec4 v000002a730d594f0_0;
    %store/vec4 v000002a730d5a210_0, 0, 32;
    %pushi/vec4 1, 0, 1;
    %store/vec4 v000002a730d58e10_0, 0, 1;
    %jmp T_8.1;
T_8.0 ;
    %load/vec4 v000002a730d59130_0;
    %flag_set/vec4 9;
    %flag_get/vec4 9;
    %jmp/0 T_8.6, 9;
    %load/vec4 v000002a730d589b0_0;
    %and;
T_8.6;
    %flag_set/vec4 8;
    %jmp/1 T_8.5, 8;
    %load/vec4 v000002a730d5a030_0;
    %flag_set/vec4 10;
    %flag_get/vec4 10;
    %jmp/0 T_8.7, 10;
    %load/vec4 v000002a730d58c30_0;
    %and;
T_8.7;
    %flag_set/vec4 9;
    %flag_or 8, 9;
T_8.5;
    %jmp/0xz  T_8.3, 8;
    %load/vec4 v000002a730d594f0_0;
    %store/vec4 v000002a730d5a210_0, 0, 32;
    %pushi/vec4 1, 0, 1;
    %store/vec4 v000002a730d58e10_0, 0, 1;
    %jmp T_8.4;
T_8.3 ;
    %load/vec4 v000002a730d59130_0;
    %flag_set/vec4 8;
    %jmp/1 T_8.10, 8;
    %load/vec4 v000002a730d58c30_0;
    %flag_set/vec4 9;
    %flag_or 8, 9;
T_8.10;
    %jmp/0xz  T_8.8, 8;
    %load/vec4 v000002a730d5a2b0_0;
    %concati/vec4 255, 0, 8;
    %concati/vec4 0, 0, 23;
    %store/vec4 v000002a730d5a210_0, 0, 32;
    %jmp T_8.9;
T_8.8 ;
    %load/vec4 v000002a730d5a030_0;
    %flag_set/vec4 8;
    %jmp/1 T_8.13, 8;
    %load/vec4 v000002a730d589b0_0;
    %flag_set/vec4 9;
    %flag_or 8, 9;
T_8.13;
    %jmp/0xz  T_8.11, 8;
    %load/vec4 v000002a730d5a2b0_0;
    %concati/vec4 0, 0, 31;
    %store/vec4 v000002a730d5a210_0, 0, 32;
    %jmp T_8.12;
T_8.11 ;
    %load/vec4 v000002a730d58690_0;
    %store/vec4 v000002a730d5a210_0, 0, 32;
    %load/vec4 v000002a730d585f0_0;
    %store/vec4 v000002a730d58eb0_0, 0, 1;
    %load/vec4 v000002a730d59310_0;
    %flag_set/vec4 8;
    %flag_get/vec4 8;
    %jmp/0 T_8.14, 8;
    %load/vec4 v000002a730d585f0_0;
    %nor/r;
    %and;
T_8.14;
    %store/vec4 v000002a730d59810_0, 0, 1;
T_8.12 ;
T_8.9 ;
T_8.4 ;
T_8.1 ;
    %jmp T_8;
    .thread T_8, $push;
    .scope S_000002a730cd07a0;
T_9 ;
    %pushi/vec4 0, 0, 32;
    %store/vec4 v000002a730d5d810_0, 0, 32;
    %vpi_func 2 20 "$fopen" 32, "Vector_mul.txt", "r" {0 0 0};
    %store/vec4 v000002a730d59bd0_0, 0, 32;
    %vpi_func 2 21 "$fopen" 32, "Approx_mul.txt", "w" {0 0 0};
    %store/vec4 v000002a730d59c70_0, 0, 32;
T_9.0 ;
    %vpi_func 2 23 "$feof" 32, v000002a730d59bd0_0 {0 0 0};
    %nor/r;
    %flag_set/vec4 8;
    %jmp/0xz T_9.1, 8;
    %vpi_func 2 24 "$fscanf" 32, v000002a730d59bd0_0, "%h %h %h\012", v000002a730d58730_0, v000002a730d59950_0, v000002a730d59b30_0 {0 0 0};
    %store/vec4 v000002a730d5cf50_0, 0, 32;
    %load/vec4 v000002a730d5cf50_0;
    %cmpi/e 3, 0, 32;
    %jmp/0xz  T_9.2, 4;
    %load/vec4 v000002a730d5d810_0;
    %addi 1, 0, 32;
    %store/vec4 v000002a730d5d810_0, 0, 32;
    %delay 1000, 0;
    %vpi_call 2 28 "$fwrite", v000002a730d59c70_0, "%h %h %h %h %h %h\012", v000002a730d58730_0, v000002a730d59950_0, v000002a730d59b30_0, v000002a730d5e2b0_0, v000002a730d5d4f0_0, v000002a730d5d130_0 {0 0 0};
T_9.2 ;
    %jmp T_9.0;
T_9.1 ;
    %vpi_call 2 32 "$fclose", v000002a730d59bd0_0 {0 0 0};
    %vpi_call 2 33 "$fclose", v000002a730d59c70_0 {0 0 0};
    %vpi_call 2 34 "$display", "Dumped %0d rows to approx_mul_results.txt", v000002a730d5d810_0 {0 0 0};
    %vpi_call 2 35 "$finish" {0 0 0};
    %end;
    .thread T_9;
# The file index is used to find the file name in the following table.
:file_names 4;
    "N/A";
    "<interactive>";
    "Tb_dump_approx_mul.v";
    "./FP_multiplier_approx.v";
