#! /c/Source/iverilog-install/bin/vvp
:ivl_version "12.0 (devel)" "(s20150603-1539-g2693dd32b)";
:ivl_delay_selection "TYPICAL";
:vpi_time_precision - 12;
:vpi_module "C:\iverilog\lib\ivl\system.vpi";
:vpi_module "C:\iverilog\lib\ivl\vhdl_sys.vpi";
:vpi_module "C:\iverilog\lib\ivl\vhdl_textio.vpi";
:vpi_module "C:\iverilog\lib\ivl\v2005_math.vpi";
:vpi_module "C:\iverilog\lib\ivl\va_math.vpi";
S_000001896ecadb40 .scope module, "Tb_bulk_add" "Tb_bulk_add" 2 4;
 .timescale -9 -12;
v000001896ed0b4f0_0 .var "a", 31 0;
v000001896ed0c350_0 .var "b", 31 0;
v000001896ed0ac30_0 .var/i "errors", 31 0;
v000001896ed0acd0_0 .var "expected", 31 0;
v000001896ed0b630_0 .var/i "fd", 31 0;
v000001896ed0c490_0 .net "invalid", 0 0, v000001896ed0bd10_0;  1 drivers
v000001896ed0c5d0_0 .net "overflow", 0 0, v000001896ed0c3f0_0;  1 drivers
v000001896ed0b950_0 .var/i "r", 31 0;
v000001896ed0c670_0 .net "result", 31 0, v000001896ed0b090_0;  1 drivers
v000001896ed0aa50_0 .var "sub", 0 0;
v000001896ed0ef10_0 .var/i "total", 31 0;
v000001896ed0fe10_0 .net "underflow", 0 0, v000001896ed0b450_0;  1 drivers
S_000001896ecae070 .scope module, "dut" "fp_adder_subtractor" 2 13, 3 17 0, S_000001896ecadb40;
 .timescale -9 -12;
    .port_info 0 /INPUT 32 "a";
    .port_info 1 /INPUT 32 "b";
    .port_info 2 /INPUT 1 "sub";
    .port_info 3 /OUTPUT 32 "result";
    .port_info 4 /OUTPUT 1 "overflow";
    .port_info 5 /OUTPUT 1 "underflow";
    .port_info 6 /OUTPUT 1 "invalid";
L_000001896ec99130 .functor XOR 1, L_000001896ed0f410, v000001896ed0aa50_0, C4<0>, C4<0>;
L_000001896ec99280 .functor AND 1, L_000001896ed108b0, L_000001896ed0f9b0, C4<1>, C4<1>;
L_000001896ec992f0 .functor AND 1, L_000001896ed10810, L_000001896ed10d10, C4<1>, C4<1>;
L_000001896ec98720 .functor AND 1, L_000001896ed0f870, L_000001896ed101d0, C4<1>, C4<1>;
L_000001896ec98410 .functor AND 1, L_000001896ed10090, L_000001896ed10bd0, C4<1>, C4<1>;
L_000001896ec988e0 .functor OR 1, L_000001896ed0f230, v000001896ed0c030_0, C4<0>, C4<0>;
L_000001896edb8710 .functor XNOR 1, v000001896ed0b1d0_0, v000001896ed0c210_0, C4<0>, C4<0>;
L_000001896edb8390 .functor AND 1, L_000001896ed109f0, L_000001896ed0fcd0, C4<1>, C4<1>;
L_000001896edb80f0 .functor OR 1, L_000001896ed0fff0, L_000001896ed103b0, C4<0>, C4<0>;
L_000001896edb82b0 .functor OR 1, L_000001896edb80f0, L_000001896ed104f0, C4<0>, C4<0>;
L_000001896edb8400 .functor AND 1, L_000001896ed0feb0, L_000001896edb82b0, C4<1>, C4<1>;
L_000001896edb81d0 .functor OR 1, L_000001896ed10770, v000001896ed0ae10_0, C4<0>, C4<0>;
v000001896ec9cdd0_0 .net *"_ivl_100", 27 0, L_000001896ed0f730;  1 drivers
L_000001896ed60550 .functor BUFT 1, C4<0>, C4<0>, C4<0>, C4<0>;
v000001896ec9c1f0_0 .net/2u *"_ivl_104", 0 0, L_000001896ed60550;  1 drivers
v000001896ec9da50_0 .net *"_ivl_106", 27 0, L_000001896ed0ee70;  1 drivers
L_000001896ed60598 .functor BUFT 1, C4<0>, C4<0>, C4<0>, C4<0>;
v000001896ec9c290_0 .net/2u *"_ivl_108", 0 0, L_000001896ed60598;  1 drivers
v000001896ec9c5b0_0 .net *"_ivl_110", 27 0, L_000001896ed0f7d0;  1 drivers
v000001896ec9d410_0 .net *"_ivl_117", 0 0, L_000001896ed109f0;  1 drivers
L_000001896ed605e0 .functor BUFT 1, C4<0000000000000000000000000000>, C4<0>, C4<0>, C4<0>;
v000001896ec9c470_0 .net/2u *"_ivl_118", 27 0, L_000001896ed605e0;  1 drivers
v000001896ec9c150_0 .net *"_ivl_120", 0 0, L_000001896ed0fcd0;  1 drivers
v000001896ec9bd90_0 .net *"_ivl_123", 0 0, L_000001896edb8390;  1 drivers
L_000001896ed60628 .functor BUFT 1, C4<0>, C4<0>, C4<0>, C4<0>;
v000001896ec9d4b0_0 .net/2u *"_ivl_124", 0 0, L_000001896ed60628;  1 drivers
v000001896ec9d370_0 .net *"_ivl_136", 0 0, L_000001896edb80f0;  1 drivers
v000001896ec9d5f0_0 .net *"_ivl_139", 0 0, L_000001896ed104f0;  1 drivers
L_000001896ed60088 .functor BUFT 1, C4<11111111>, C4<0>, C4<0>, C4<0>;
v000001896ec9be30_0 .net/2u *"_ivl_14", 7 0, L_000001896ed60088;  1 drivers
v000001896ec9cd30_0 .net *"_ivl_140", 0 0, L_000001896edb82b0;  1 drivers
v000001896ec9c510_0 .net *"_ivl_144", 24 0, L_000001896ed106d0;  1 drivers
L_000001896ed60670 .functor BUFT 1, C4<0>, C4<0>, C4<0>, C4<0>;
v000001896ec9c970_0 .net *"_ivl_147", 0 0, L_000001896ed60670;  1 drivers
v000001896ec9ca10_0 .net *"_ivl_148", 24 0, L_000001896ed10590;  1 drivers
L_000001896ed606b8 .functor BUFT 1, C4<000000000000000000000000>, C4<0>, C4<0>, C4<0>;
v000001896ec9cb50_0 .net *"_ivl_151", 23 0, L_000001896ed606b8;  1 drivers
L_000001896ed60700 .functor BUFT 1, C4<011111111>, C4<0>, C4<0>, C4<0>;
v000001896ec9cf10_0 .net/2u *"_ivl_154", 8 0, L_000001896ed60700;  1 drivers
L_000001896ed60748 .functor BUFT 1, C4<000000000>, C4<0>, C4<0>, C4<0>;
v000001896ec9ce70_0 .net/2u *"_ivl_158", 8 0, L_000001896ed60748;  1 drivers
v000001896ec9d050_0 .net *"_ivl_16", 0 0, L_000001896ed108b0;  1 drivers
v000001896ec9d0f0_0 .net *"_ivl_160", 0 0, L_000001896ed10770;  1 drivers
L_000001896ed60790 .functor BUFT 1, C4<11111111>, C4<0>, C4<0>, C4<0>;
v000001896ec9d550_0 .net/2u *"_ivl_164", 7 0, L_000001896ed60790;  1 drivers
L_000001896ed607d8 .functor BUFT 1, C4<00000000000000000000000>, C4<0>, C4<0>, C4<0>;
v000001896ec9d690_0 .net/2u *"_ivl_166", 22 0, L_000001896ed607d8;  1 drivers
v000001896ed08cc0_0 .net *"_ivl_168", 31 0, L_000001896ed10a90;  1 drivers
L_000001896ed60820 .functor BUFT 1, C4<0000000000000000000000000000000>, C4<0>, C4<0>, C4<0>;
v000001896ed08a40_0 .net/2u *"_ivl_170", 30 0, L_000001896ed60820;  1 drivers
v000001896ed09580_0 .net *"_ivl_172", 31 0, L_000001896ed10b30;  1 drivers
v000001896ed09620_0 .net *"_ivl_175", 7 0, L_000001896ed10c70;  1 drivers
v000001896ed08d60_0 .net *"_ivl_177", 22 0, L_000001896ed137a0;  1 drivers
v000001896ed09f80_0 .net *"_ivl_178", 31 0, L_000001896ed13980;  1 drivers
L_000001896ed600d0 .functor BUFT 1, C4<00000000000000000000000>, C4<0>, C4<0>, C4<0>;
v000001896ed08fe0_0 .net/2u *"_ivl_18", 22 0, L_000001896ed600d0;  1 drivers
v000001896ed08e00_0 .net *"_ivl_180", 31 0, L_000001896ed13700;  1 drivers
v000001896ed0a160_0 .net *"_ivl_20", 0 0, L_000001896ed0f9b0;  1 drivers
L_000001896ed60118 .functor BUFT 1, C4<11111111>, C4<0>, C4<0>, C4<0>;
v000001896ed08ea0_0 .net/2u *"_ivl_24", 7 0, L_000001896ed60118;  1 drivers
v000001896ed09ee0_0 .net *"_ivl_26", 0 0, L_000001896ed10810;  1 drivers
L_000001896ed60160 .functor BUFT 1, C4<00000000000000000000000>, C4<0>, C4<0>, C4<0>;
v000001896ed098a0_0 .net/2u *"_ivl_28", 22 0, L_000001896ed60160;  1 drivers
v000001896ed08ae0_0 .net *"_ivl_30", 0 0, L_000001896ed10d10;  1 drivers
L_000001896ed601a8 .functor BUFT 1, C4<11111111>, C4<0>, C4<0>, C4<0>;
v000001896ed0a520_0 .net/2u *"_ivl_34", 7 0, L_000001896ed601a8;  1 drivers
v000001896ed09260_0 .net *"_ivl_36", 0 0, L_000001896ed0f870;  1 drivers
L_000001896ed601f0 .functor BUFT 1, C4<00000000000000000000000>, C4<0>, C4<0>, C4<0>;
v000001896ed0a020_0 .net/2u *"_ivl_38", 22 0, L_000001896ed601f0;  1 drivers
v000001896ed0a700_0 .net *"_ivl_40", 0 0, L_000001896ed101d0;  1 drivers
L_000001896ed60238 .functor BUFT 1, C4<11111111>, C4<0>, C4<0>, C4<0>;
v000001896ed096c0_0 .net/2u *"_ivl_44", 7 0, L_000001896ed60238;  1 drivers
v000001896ed0a200_0 .net *"_ivl_46", 0 0, L_000001896ed10090;  1 drivers
L_000001896ed60280 .functor BUFT 1, C4<00000000000000000000000>, C4<0>, C4<0>, C4<0>;
v000001896ed09940_0 .net/2u *"_ivl_48", 22 0, L_000001896ed60280;  1 drivers
v000001896ed0a340_0 .net *"_ivl_50", 0 0, L_000001896ed10bd0;  1 drivers
L_000001896ed602c8 .functor BUFT 1, C4<00000000>, C4<0>, C4<0>, C4<0>;
v000001896ed09da0_0 .net/2u *"_ivl_54", 7 0, L_000001896ed602c8;  1 drivers
L_000001896ed60310 .functor BUFT 1, C4<00000000>, C4<0>, C4<0>, C4<0>;
v000001896ed0a840_0 .net/2u *"_ivl_58", 7 0, L_000001896ed60310;  1 drivers
L_000001896ed60358 .functor BUFT 1, C4<1>, C4<0>, C4<0>, C4<0>;
v000001896ed09760_0 .net/2u *"_ivl_62", 0 0, L_000001896ed60358;  1 drivers
L_000001896ed603a0 .functor BUFT 1, C4<1>, C4<0>, C4<0>, C4<0>;
v000001896ed09e40_0 .net/2u *"_ivl_66", 0 0, L_000001896ed603a0;  1 drivers
v000001896ed09b20_0 .net *"_ivl_7", 0 0, L_000001896ed0f410;  1 drivers
L_000001896ed603e8 .functor BUFT 1, C4<0>, C4<0>, C4<0>, C4<0>;
v000001896ed0a0c0_0 .net/2u *"_ivl_70", 0 0, L_000001896ed603e8;  1 drivers
v000001896ed0a2a0_0 .net *"_ivl_72", 8 0, L_000001896ed0f690;  1 drivers
L_000001896ed60430 .functor BUFT 1, C4<0>, C4<0>, C4<0>, C4<0>;
v000001896ed099e0_0 .net/2u *"_ivl_74", 0 0, L_000001896ed60430;  1 drivers
v000001896ed0a3e0_0 .net *"_ivl_76", 8 0, L_000001896ed0f4b0;  1 drivers
L_000001896ed60478 .functor BUFT 1, C4<000>, C4<0>, C4<0>, C4<0>;
v000001896ed0a480_0 .net/2u *"_ivl_80", 2 0, L_000001896ed60478;  1 drivers
v000001896ed09800_0 .net *"_ivl_85", 25 0, L_000001896ed0ff50;  1 drivers
v000001896ed09d00_0 .net *"_ivl_87", 0 0, L_000001896ed0f230;  1 drivers
v000001896ed08b80_0 .net *"_ivl_88", 0 0, L_000001896ec988e0;  1 drivers
L_000001896ed604c0 .functor BUFT 1, C4<0>, C4<0>, C4<0>, C4<0>;
v000001896ed0a5c0_0 .net/2u *"_ivl_94", 0 0, L_000001896ed604c0;  1 drivers
v000001896ed0a660_0 .net *"_ivl_96", 27 0, L_000001896ed0f2d0;  1 drivers
L_000001896ed60508 .functor BUFT 1, C4<0>, C4<0>, C4<0>, C4<0>;
v000001896ed0a7a0_0 .net/2u *"_ivl_98", 0 0, L_000001896ed60508;  1 drivers
v000001896ed09a80_0 .net "a", 31 0, v000001896ed0b4f0_0;  1 drivers
v000001896ed0a8e0_0 .net "a_is_inf", 0 0, L_000001896ec98720;  1 drivers
v000001896ed09300_0 .net "a_is_nan", 0 0, L_000001896ec99280;  1 drivers
v000001896ed08c20_0 .net "a_is_zero", 0 0, L_000001896ed0fa50;  1 drivers
v000001896ed08f40_0 .net "b", 31 0, v000001896ed0c350_0;  1 drivers
v000001896ed09080_0 .net "b_is_inf", 0 0, L_000001896ec98410;  1 drivers
v000001896ed093a0_0 .net "b_is_nan", 0 0, L_000001896ec992f0;  1 drivers
v000001896ed09120_0 .net "b_is_zero", 0 0, L_000001896ed0efb0;  1 drivers
v000001896ed091c0_0 .net "diff_ext", 27 0, L_000001896ed0f910;  1 drivers
v000001896ed09440_0 .net "exp_a", 7 0, L_000001896ed0f0f0;  1 drivers
v000001896ed094e0_0 .net "exp_b", 7 0, L_000001896ed10270;  1 drivers
v000001896ed09bc0_0 .net/s "exp_diff", 8 0, L_000001896ed0faf0;  1 drivers
v000001896ed09c60_0 .var "exp_large", 7 0;
v000001896ed0ba90_0 .var "final_exp", 8 0;
v000001896ed0b270_0 .var "final_mant", 23 0;
v000001896ed0c0d0_0 .net "frac_a", 22 0, L_000001896ed10310;  1 drivers
v000001896ed0c8f0_0 .net "frac_b", 22 0, L_000001896ed0f190;  1 drivers
v000001896ed0bc70_0 .net "guard_bit", 0 0, L_000001896ed0feb0;  1 drivers
v000001896ed0bd10_0 .var "invalid", 0 0;
v000001896ed0b9f0_0 .var "lz", 4 0;
v000001896ed0b770_0 .net "mant_a", 23 0, L_000001896ed10130;  1 drivers
v000001896ed0c2b0_0 .net "mant_b", 23 0, L_000001896ed0fb90;  1 drivers
v000001896ed0c530_0 .var "mant_large", 23 0;
v000001896ed0b590_0 .net "mant_large_ext", 26 0, L_000001896ed0f5f0;  1 drivers
v000001896ed0aeb0_0 .net "mant_rounded", 24 0, L_000001896ed0f050;  1 drivers
v000001896ed0bb30_0 .net "mant_small_aligned", 26 0, L_000001896ed10950;  1 drivers
v000001896ed0b6d0_0 .var "mant_small_raw", 23 0;
v000001896ed0aff0_0 .var "mant_small_shifted", 26 0;
v000001896ed0bdb0_0 .net "mant_trunc", 23 0, L_000001896ed10450;  1 drivers
v000001896ed0b8b0_0 .var "norm_exp", 8 0;
v000001896ed0bbd0_0 .var "norm_mant", 27 0;
v000001896ed0ae10_0 .var "norm_zero", 0 0;
v000001896ed0be50_0 .net "normal_overflow", 0 0, L_000001896ed10630;  1 drivers
v000001896ed0b3b0_0 .net "normal_result", 31 0, L_000001896ed14880;  1 drivers
v000001896ed0c710_0 .net "normal_underflow", 0 0, L_000001896edb81d0;  1 drivers
v000001896ed0c3f0_0 .var "overflow", 0 0;
L_000001896ed60868 .functor BUFT 1, C4<01111111110000000000000000000000>, C4<0>, C4<0>, C4<0>;
v000001896ed0ad70_0 .net "qnan", 31 0, L_000001896ed60868;  1 drivers
v000001896ed0af50_0 .net "raw_result", 27 0, L_000001896ed0fc30;  1 drivers
v000001896ed0b090_0 .var "result", 31 0;
v000001896ed0ab90_0 .net "result_sign", 0 0, L_000001896ed0fd70;  1 drivers
v000001896ed0b130_0 .net "round_bit", 0 0, L_000001896ed0fff0;  1 drivers
v000001896ed0c850_0 .net "round_up", 0 0, L_000001896edb8400;  1 drivers
v000001896ed0bef0_0 .net "same_sign", 0 0, L_000001896edb8710;  1 drivers
v000001896ed0b810_0 .var "shift_amt", 8 0;
v000001896ed0bf90_0 .net "sign_a", 0 0, L_000001896ed0f550;  1 drivers
v000001896ed0c170_0 .net "sign_b", 0 0, L_000001896ec99130;  1 drivers
v000001896ed0b1d0_0 .var "sign_large", 0 0;
v000001896ed0c210_0 .var "sign_small", 0 0;
v000001896ed0c7b0_0 .net "sticky_bit", 0 0, L_000001896ed103b0;  1 drivers
v000001896ed0c030_0 .var "sticky_from_shift", 0 0;
v000001896ed0aaf0_0 .net "sub", 0 0, v000001896ed0aa50_0;  1 drivers
v000001896ed0b310_0 .net "sum_ext", 27 0, L_000001896ed0f370;  1 drivers
v000001896ed0b450_0 .var "underflow", 0 0;
E_000001896eca3500/0 .event anyedge, v000001896ed09300_0, v000001896ed093a0_0, v000001896ed0ad70_0, v000001896ed0a8e0_0;
E_000001896eca3500/1 .event anyedge, v000001896ed09080_0, v000001896ed0bf90_0, v000001896ed0c170_0, v000001896ed08c20_0;
E_000001896eca3500/2 .event anyedge, v000001896ed09120_0, v000001896ed094e0_0, v000001896ed0c8f0_0, v000001896ed09440_0;
E_000001896eca3500/3 .event anyedge, v000001896ed0c0d0_0, v000001896ed0b3b0_0, v000001896ed0be50_0, v000001896ed0c710_0;
E_000001896eca3500 .event/or E_000001896eca3500/0, E_000001896eca3500/1, E_000001896eca3500/2, E_000001896eca3500/3;
E_000001896eca3040 .event anyedge, v000001896ed0aeb0_0, v000001896ed0b8b0_0;
E_000001896eca2440/0 .event anyedge, v000001896ed0af50_0, v000001896ed0bef0_0, v000001896ed0ae10_0, v000001896ed09c60_0;
E_000001896eca2440/1 .event anyedge, v000001896ed0b9f0_0, v000001896ed0bbd0_0;
E_000001896eca2440 .event/or E_000001896eca2440/0, E_000001896eca2440/1;
E_000001896eca2140 .event anyedge, v000001896ed0b810_0, v000001896ed0b6d0_0;
E_000001896eca1880/0 .event anyedge, v000001896ed09bc0_0, v000001896ed0bf90_0, v000001896ed09440_0, v000001896ed0b770_0;
E_000001896eca1880/1 .event anyedge, v000001896ed0c170_0, v000001896ed0c2b0_0, v000001896ed094e0_0;
E_000001896eca1880 .event/or E_000001896eca1880/0, E_000001896eca1880/1;
L_000001896ed0f550 .part v000001896ed0b4f0_0, 31, 1;
L_000001896ed0f0f0 .part v000001896ed0b4f0_0, 23, 8;
L_000001896ed10310 .part v000001896ed0b4f0_0, 0, 23;
L_000001896ed0f410 .part v000001896ed0c350_0, 31, 1;
L_000001896ed10270 .part v000001896ed0c350_0, 23, 8;
L_000001896ed0f190 .part v000001896ed0c350_0, 0, 23;
L_000001896ed108b0 .cmp/eq 8, L_000001896ed0f0f0, L_000001896ed60088;
L_000001896ed0f9b0 .cmp/ne 23, L_000001896ed10310, L_000001896ed600d0;
L_000001896ed10810 .cmp/eq 8, L_000001896ed10270, L_000001896ed60118;
L_000001896ed10d10 .cmp/ne 23, L_000001896ed0f190, L_000001896ed60160;
L_000001896ed0f870 .cmp/eq 8, L_000001896ed0f0f0, L_000001896ed601a8;
L_000001896ed101d0 .cmp/eq 23, L_000001896ed10310, L_000001896ed601f0;
L_000001896ed10090 .cmp/eq 8, L_000001896ed10270, L_000001896ed60238;
L_000001896ed10bd0 .cmp/eq 23, L_000001896ed0f190, L_000001896ed60280;
L_000001896ed0fa50 .cmp/eq 8, L_000001896ed0f0f0, L_000001896ed602c8;
L_000001896ed0efb0 .cmp/eq 8, L_000001896ed10270, L_000001896ed60310;
L_000001896ed10130 .concat [ 23 1 0 0], L_000001896ed10310, L_000001896ed60358;
L_000001896ed0fb90 .concat [ 23 1 0 0], L_000001896ed0f190, L_000001896ed603a0;
L_000001896ed0f690 .concat [ 8 1 0 0], L_000001896ed0f0f0, L_000001896ed603e8;
L_000001896ed0f4b0 .concat [ 8 1 0 0], L_000001896ed10270, L_000001896ed60430;
L_000001896ed0faf0 .arith/sub 9, L_000001896ed0f690, L_000001896ed0f4b0;
L_000001896ed0f5f0 .concat [ 3 24 0 0], L_000001896ed60478, v000001896ed0c530_0;
L_000001896ed0ff50 .part v000001896ed0aff0_0, 1, 26;
L_000001896ed0f230 .part v000001896ed0aff0_0, 0, 1;
L_000001896ed10950 .concat [ 1 26 0 0], L_000001896ec988e0, L_000001896ed0ff50;
L_000001896ed0f2d0 .concat [ 27 1 0 0], L_000001896ed0f5f0, L_000001896ed604c0;
L_000001896ed0f730 .concat [ 27 1 0 0], L_000001896ed10950, L_000001896ed60508;
L_000001896ed0f370 .arith/sum 28, L_000001896ed0f2d0, L_000001896ed0f730;
L_000001896ed0ee70 .concat [ 27 1 0 0], L_000001896ed0f5f0, L_000001896ed60550;
L_000001896ed0f7d0 .concat [ 27 1 0 0], L_000001896ed10950, L_000001896ed60598;
L_000001896ed0f910 .arith/sub 28, L_000001896ed0ee70, L_000001896ed0f7d0;
L_000001896ed0fc30 .functor MUXZ 28, L_000001896ed0f910, L_000001896ed0f370, L_000001896edb8710, C4<>;
L_000001896ed109f0 .reduce/nor L_000001896edb8710;
L_000001896ed0fcd0 .cmp/eq 28, L_000001896ed0fc30, L_000001896ed605e0;
L_000001896ed0fd70 .functor MUXZ 1, v000001896ed0b1d0_0, L_000001896ed60628, L_000001896edb8390, C4<>;
L_000001896ed0feb0 .part v000001896ed0bbd0_0, 2, 1;
L_000001896ed0fff0 .part v000001896ed0bbd0_0, 1, 1;
L_000001896ed103b0 .part v000001896ed0bbd0_0, 0, 1;
L_000001896ed10450 .part v000001896ed0bbd0_0, 3, 24;
L_000001896ed104f0 .part L_000001896ed10450, 0, 1;
L_000001896ed106d0 .concat [ 24 1 0 0], L_000001896ed10450, L_000001896ed60670;
L_000001896ed10590 .concat [ 1 24 0 0], L_000001896edb8400, L_000001896ed606b8;
L_000001896ed0f050 .arith/sum 25, L_000001896ed106d0, L_000001896ed10590;
L_000001896ed10630 .cmp/ge 9, v000001896ed0ba90_0, L_000001896ed60700;
L_000001896ed10770 .cmp/ge 9, L_000001896ed60748, v000001896ed0ba90_0;
L_000001896ed10a90 .concat [ 23 8 1 0], L_000001896ed607d8, L_000001896ed60790, L_000001896ed0fd70;
L_000001896ed10b30 .concat [ 31 1 0 0], L_000001896ed60820, L_000001896ed0fd70;
L_000001896ed10c70 .part v000001896ed0ba90_0, 0, 8;
L_000001896ed137a0 .part v000001896ed0b270_0, 0, 23;
L_000001896ed13980 .concat [ 23 8 1 0], L_000001896ed137a0, L_000001896ed10c70, L_000001896ed0fd70;
L_000001896ed13700 .functor MUXZ 32, L_000001896ed13980, L_000001896ed10b30, L_000001896edb81d0, C4<>;
L_000001896ed14880 .functor MUXZ 32, L_000001896ed13700, L_000001896ed10a90, L_000001896ed10630, C4<>;
S_000001896ec8ea90 .scope function.vec4.s5, "lzc27" "lzc27" 3 137, 3 137 0, S_000001896ecae070;
 .timescale -9 -12;
v000001896ec9cc90_0 .var/i "i", 31 0;
; Variable lzc27 is vec4 return value of scope S_000001896ec8ea90
v000001896ec9d9b0_0 .var "v", 26 0;
TD_Tb_bulk_add.dut.lzc27 ;
    %pushi/vec4 27, 0, 5;
    %ret/vec4 0, 0, 5;  Assign to lzc27 (store_vec4_to_lval)
    %pushi/vec4 26, 0, 32;
    %store/vec4 v000001896ec9cc90_0, 0, 32;
T_0.0 ;
    %load/vec4 v000001896ec9cc90_0;
    %cmpi/s 0, 0, 32;
    %flag_inv 5; GE is !LT
    %jmp/0xz T_0.1, 5;
    %load/vec4 v000001896ec9d9b0_0;
    %load/vec4 v000001896ec9cc90_0;
    %part/s 1;
    %flag_set/vec4 9;
    %flag_get/vec4 9;
    %jmp/0 T_0.4, 9;
    %retload/vec4 0; Load lzc27 (draw_signal_vec4)
    %pad/u 32;
    %pushi/vec4 27, 0, 32;
    %cmp/e;
    %flag_get/vec4 4;
    %and;
T_0.4;
    %flag_set/vec4 8;
    %jmp/0xz  T_0.2, 8;
    %pushi/vec4 26, 0, 32;
    %load/vec4 v000001896ec9cc90_0;
    %sub;
    %pad/s 5;
    %ret/vec4 0, 0, 5;  Assign to lzc27 (store_vec4_to_lval)
T_0.2 ;
    %load/vec4 v000001896ec9cc90_0;
    %subi 1, 0, 32;
    %store/vec4 v000001896ec9cc90_0, 0, 32;
    %jmp T_0.0;
T_0.1 ;
    %end;
    .scope S_000001896ecae070;
T_1 ;
    %wait E_000001896eca1880;
    %load/vec4 v000001896ed09bc0_0;
    %pad/s 32;
    %cmpi/s 0, 0, 32;
    %flag_or 5, 4; GT is !LE
    %flag_inv 5;
    %jmp/0xz  T_1.0, 5;
    %load/vec4 v000001896ed0bf90_0;
    %store/vec4 v000001896ed0b1d0_0, 0, 1;
    %load/vec4 v000001896ed09440_0;
    %store/vec4 v000001896ed09c60_0, 0, 8;
    %load/vec4 v000001896ed0b770_0;
    %store/vec4 v000001896ed0c530_0, 0, 24;
    %load/vec4 v000001896ed0c170_0;
    %store/vec4 v000001896ed0c210_0, 0, 1;
    %load/vec4 v000001896ed0c2b0_0;
    %store/vec4 v000001896ed0b6d0_0, 0, 24;
    %load/vec4 v000001896ed09bc0_0;
    %store/vec4 v000001896ed0b810_0, 0, 9;
    %jmp T_1.1;
T_1.0 ;
    %load/vec4 v000001896ed09bc0_0;
    %pad/s 32;
    %cmpi/s 0, 0, 32;
    %jmp/0xz  T_1.2, 5;
    %load/vec4 v000001896ed0c170_0;
    %store/vec4 v000001896ed0b1d0_0, 0, 1;
    %load/vec4 v000001896ed094e0_0;
    %store/vec4 v000001896ed09c60_0, 0, 8;
    %load/vec4 v000001896ed0c2b0_0;
    %store/vec4 v000001896ed0c530_0, 0, 24;
    %load/vec4 v000001896ed0bf90_0;
    %store/vec4 v000001896ed0c210_0, 0, 1;
    %load/vec4 v000001896ed0b770_0;
    %store/vec4 v000001896ed0b6d0_0, 0, 24;
    %load/vec4 v000001896ed09bc0_0;
    %inv;
    %pushi/vec4 1, 0, 9;
    %add;
    %store/vec4 v000001896ed0b810_0, 0, 9;
    %jmp T_1.3;
T_1.2 ;
    %load/vec4 v000001896ed0c2b0_0;
    %load/vec4 v000001896ed0b770_0;
    %cmp/u;
    %flag_or 5, 4;
    %jmp/0xz  T_1.4, 5;
    %load/vec4 v000001896ed0bf90_0;
    %store/vec4 v000001896ed0b1d0_0, 0, 1;
    %load/vec4 v000001896ed09440_0;
    %store/vec4 v000001896ed09c60_0, 0, 8;
    %load/vec4 v000001896ed0b770_0;
    %store/vec4 v000001896ed0c530_0, 0, 24;
    %load/vec4 v000001896ed0c170_0;
    %store/vec4 v000001896ed0c210_0, 0, 1;
    %load/vec4 v000001896ed0c2b0_0;
    %store/vec4 v000001896ed0b6d0_0, 0, 24;
    %jmp T_1.5;
T_1.4 ;
    %load/vec4 v000001896ed0c170_0;
    %store/vec4 v000001896ed0b1d0_0, 0, 1;
    %load/vec4 v000001896ed094e0_0;
    %store/vec4 v000001896ed09c60_0, 0, 8;
    %load/vec4 v000001896ed0c2b0_0;
    %store/vec4 v000001896ed0c530_0, 0, 24;
    %load/vec4 v000001896ed0bf90_0;
    %store/vec4 v000001896ed0c210_0, 0, 1;
    %load/vec4 v000001896ed0b770_0;
    %store/vec4 v000001896ed0b6d0_0, 0, 24;
T_1.5 ;
    %pushi/vec4 0, 0, 9;
    %store/vec4 v000001896ed0b810_0, 0, 9;
T_1.3 ;
T_1.1 ;
    %jmp T_1;
    .thread T_1, $push;
    .scope S_000001896ecae070;
T_2 ;
    %wait E_000001896eca2140;
    %load/vec4 v000001896ed0b810_0;
    %pad/u 32;
    %cmpi/u 27, 0, 32;
    %flag_inv 5; GE is !LT
    %jmp/0xz  T_2.0, 5;
    %pushi/vec4 0, 0, 27;
    %store/vec4 v000001896ed0aff0_0, 0, 27;
    %load/vec4 v000001896ed0b6d0_0;
    %pushi/vec4 0, 0, 24;
    %cmp/ne;
    %flag_get/vec4 4;
    %store/vec4 v000001896ed0c030_0, 0, 1;
    %jmp T_2.1;
T_2.0 ;
    %load/vec4 v000001896ed0b6d0_0;
    %concati/vec4 0, 0, 3;
    %ix/getv 4, v000001896ed0b810_0;
    %shiftr 4;
    %store/vec4 v000001896ed0aff0_0, 0, 27;
    %load/vec4 v000001896ed0b6d0_0;
    %concati/vec4 0, 0, 3;
    %pushi/vec4 1, 0, 27;
    %ix/getv 4, v000001896ed0b810_0;
    %shiftl 4;
    %subi 1, 0, 27;
    %and;
    %or/r;
    %store/vec4 v000001896ed0c030_0, 0, 1;
T_2.1 ;
    %jmp T_2;
    .thread T_2, $push;
    .scope S_000001896ecae070;
T_3 ;
    %wait E_000001896eca2440;
    %load/vec4 v000001896ed0af50_0;
    %pushi/vec4 0, 0, 28;
    %cmp/e;
    %flag_get/vec4 4;
    %store/vec4 v000001896ed0ae10_0, 0, 1;
    %load/vec4 v000001896ed0bef0_0;
    %nor/r;
    %flag_set/vec4 8;
    %jmp/0xz  T_3.0, 8;
    %load/vec4 v000001896ed0ae10_0;
    %flag_set/vec4 8;
    %jmp/0xz  T_3.2, 8;
    %pushi/vec4 0, 0, 28;
    %store/vec4 v000001896ed0bbd0_0, 0, 28;
    %pushi/vec4 0, 0, 9;
    %store/vec4 v000001896ed0b8b0_0, 0, 9;
    %jmp T_3.3;
T_3.2 ;
    %load/vec4 v000001896ed0af50_0;
    %parti/s 1, 26, 6;
    %flag_set/vec4 8;
    %jmp/0xz  T_3.4, 8;
    %load/vec4 v000001896ed0af50_0;
    %store/vec4 v000001896ed0bbd0_0, 0, 28;
    %load/vec4 v000001896ed09c60_0;
    %pad/u 9;
    %store/vec4 v000001896ed0b8b0_0, 0, 9;
    %jmp T_3.5;
T_3.4 ;
    %load/vec4 v000001896ed0af50_0;
    %parti/s 27, 0, 2;
    %store/vec4 v000001896ec9d9b0_0, 0, 27;
    %callf/vec4 TD_Tb_bulk_add.dut.lzc27, S_000001896ec8ea90;
    %store/vec4 v000001896ed0b9f0_0, 0, 5;
    %load/vec4 v000001896ed0af50_0;
    %ix/getv 4, v000001896ed0b9f0_0;
    %shiftl 4;
    %store/vec4 v000001896ed0bbd0_0, 0, 28;
    %load/vec4 v000001896ed09c60_0;
    %pad/u 9;
    %load/vec4 v000001896ed0b9f0_0;
    %pad/u 9;
    %sub;
    %store/vec4 v000001896ed0b8b0_0, 0, 9;
T_3.5 ;
T_3.3 ;
    %jmp T_3.1;
T_3.0 ;
    %load/vec4 v000001896ed0af50_0;
    %parti/s 1, 27, 6;
    %flag_set/vec4 8;
    %jmp/0xz  T_3.6, 8;
    %pushi/vec4 0, 0, 1;
    %load/vec4 v000001896ed0af50_0;
    %parti/s 27, 1, 2;
    %concat/vec4; draw_concat_vec4
    %store/vec4 v000001896ed0bbd0_0, 0, 28;
    %load/vec4 v000001896ed0bbd0_0;
    %parti/s 1, 0, 2;
    %load/vec4 v000001896ed0af50_0;
    %parti/s 1, 0, 2;
    %or;
    %ix/load 4, 0, 0;
    %flag_set/imm 4, 0;
    %store/vec4 v000001896ed0bbd0_0, 4, 1;
    %load/vec4 v000001896ed09c60_0;
    %pad/u 9;
    %addi 1, 0, 9;
    %store/vec4 v000001896ed0b8b0_0, 0, 9;
    %jmp T_3.7;
T_3.6 ;
    %load/vec4 v000001896ed0af50_0;
    %store/vec4 v000001896ed0bbd0_0, 0, 28;
    %load/vec4 v000001896ed09c60_0;
    %pad/u 9;
    %store/vec4 v000001896ed0b8b0_0, 0, 9;
T_3.7 ;
T_3.1 ;
    %jmp T_3;
    .thread T_3, $push;
    .scope S_000001896ecae070;
T_4 ;
    %wait E_000001896eca3040;
    %load/vec4 v000001896ed0aeb0_0;
    %parti/s 1, 24, 6;
    %flag_set/vec4 8;
    %jmp/0xz  T_4.0, 8;
    %load/vec4 v000001896ed0aeb0_0;
    %parti/s 24, 1, 2;
    %store/vec4 v000001896ed0b270_0, 0, 24;
    %load/vec4 v000001896ed0b8b0_0;
    %addi 1, 0, 9;
    %store/vec4 v000001896ed0ba90_0, 0, 9;
    %jmp T_4.1;
T_4.0 ;
    %load/vec4 v000001896ed0aeb0_0;
    %parti/s 24, 0, 2;
    %store/vec4 v000001896ed0b270_0, 0, 24;
    %load/vec4 v000001896ed0b8b0_0;
    %store/vec4 v000001896ed0ba90_0, 0, 9;
T_4.1 ;
    %jmp T_4;
    .thread T_4, $push;
    .scope S_000001896ecae070;
T_5 ;
    %wait E_000001896eca3500;
    %pushi/vec4 0, 0, 1;
    %store/vec4 v000001896ed0c3f0_0, 0, 1;
    %pushi/vec4 0, 0, 1;
    %store/vec4 v000001896ed0b450_0, 0, 1;
    %pushi/vec4 0, 0, 1;
    %store/vec4 v000001896ed0bd10_0, 0, 1;
    %load/vec4 v000001896ed09300_0;
    %flag_set/vec4 8;
    %jmp/1 T_5.2, 8;
    %load/vec4 v000001896ed093a0_0;
    %flag_set/vec4 9;
    %flag_or 8, 9;
T_5.2;
    %jmp/0xz  T_5.0, 8;
    %load/vec4 v000001896ed0ad70_0;
    %store/vec4 v000001896ed0b090_0, 0, 32;
    %pushi/vec4 1, 0, 1;
    %store/vec4 v000001896ed0bd10_0, 0, 1;
    %jmp T_5.1;
T_5.0 ;
    %load/vec4 v000001896ed0a8e0_0;
    %flag_set/vec4 10;
    %flag_get/vec4 10;
    %jmp/0 T_5.6, 10;
    %load/vec4 v000001896ed09080_0;
    %and;
T_5.6;
    %flag_set/vec4 9;
    %flag_get/vec4 9;
    %jmp/0 T_5.5, 9;
    %load/vec4 v000001896ed0bf90_0;
    %load/vec4 v000001896ed0c170_0;
    %cmp/ne;
    %flag_get/vec4 4;
    %and;
T_5.5;
    %flag_set/vec4 8;
    %jmp/0xz  T_5.3, 8;
    %load/vec4 v000001896ed0ad70_0;
    %store/vec4 v000001896ed0b090_0, 0, 32;
    %pushi/vec4 1, 0, 1;
    %store/vec4 v000001896ed0bd10_0, 0, 1;
    %jmp T_5.4;
T_5.3 ;
    %load/vec4 v000001896ed0a8e0_0;
    %flag_set/vec4 8;
    %jmp/0xz  T_5.7, 8;
    %load/vec4 v000001896ed0bf90_0;
    %concati/vec4 255, 0, 8;
    %concati/vec4 0, 0, 23;
    %store/vec4 v000001896ed0b090_0, 0, 32;
    %jmp T_5.8;
T_5.7 ;
    %load/vec4 v000001896ed09080_0;
    %flag_set/vec4 8;
    %jmp/0xz  T_5.9, 8;
    %load/vec4 v000001896ed0c170_0;
    %concati/vec4 255, 0, 8;
    %concati/vec4 0, 0, 23;
    %store/vec4 v000001896ed0b090_0, 0, 32;
    %jmp T_5.10;
T_5.9 ;
    %load/vec4 v000001896ed08c20_0;
    %flag_set/vec4 9;
    %flag_get/vec4 9;
    %jmp/0 T_5.13, 9;
    %load/vec4 v000001896ed09120_0;
    %and;
T_5.13;
    %flag_set/vec4 8;
    %jmp/0xz  T_5.11, 8;
    %load/vec4 v000001896ed0bf90_0;
    %load/vec4 v000001896ed0c170_0;
    %and;
    %concati/vec4 0, 0, 31;
    %store/vec4 v000001896ed0b090_0, 0, 32;
    %jmp T_5.12;
T_5.11 ;
    %load/vec4 v000001896ed08c20_0;
    %flag_set/vec4 8;
    %jmp/0xz  T_5.14, 8;
    %load/vec4 v000001896ed0c170_0;
    %load/vec4 v000001896ed094e0_0;
    %concat/vec4; draw_concat_vec4
    %load/vec4 v000001896ed0c8f0_0;
    %concat/vec4; draw_concat_vec4
    %store/vec4 v000001896ed0b090_0, 0, 32;
    %jmp T_5.15;
T_5.14 ;
    %load/vec4 v000001896ed09120_0;
    %flag_set/vec4 8;
    %jmp/0xz  T_5.16, 8;
    %load/vec4 v000001896ed0bf90_0;
    %load/vec4 v000001896ed09440_0;
    %concat/vec4; draw_concat_vec4
    %load/vec4 v000001896ed0c0d0_0;
    %concat/vec4; draw_concat_vec4
    %store/vec4 v000001896ed0b090_0, 0, 32;
    %jmp T_5.17;
T_5.16 ;
    %load/vec4 v000001896ed0b3b0_0;
    %store/vec4 v000001896ed0b090_0, 0, 32;
    %load/vec4 v000001896ed0be50_0;
    %store/vec4 v000001896ed0c3f0_0, 0, 1;
    %load/vec4 v000001896ed0c710_0;
    %flag_set/vec4 8;
    %flag_get/vec4 8;
    %jmp/0 T_5.18, 8;
    %load/vec4 v000001896ed0be50_0;
    %nor/r;
    %and;
T_5.18;
    %store/vec4 v000001896ed0b450_0, 0, 1;
T_5.17 ;
T_5.15 ;
T_5.12 ;
T_5.10 ;
T_5.8 ;
T_5.4 ;
T_5.1 ;
    %jmp T_5;
    .thread T_5, $push;
    .scope S_000001896ecadb40;
T_6 ;
    %pushi/vec4 0, 0, 32;
    %store/vec4 v000001896ed0ac30_0, 0, 32;
    %pushi/vec4 0, 0, 32;
    %store/vec4 v000001896ed0ef10_0, 0, 32;
    %vpi_func 2 22 "$fopen" 32, "Vector_add.txt", "r" {0 0 0};
    %store/vec4 v000001896ed0b630_0, 0, 32;
    %load/vec4 v000001896ed0b630_0;
    %cmpi/e 0, 0, 32;
    %jmp/0xz  T_6.0, 4;
    %vpi_call 2 24 "$display", "ERROR: could not open Vector_add.txt" {0 0 0};
    %vpi_call 2 25 "$finish" {0 0 0};
T_6.0 ;
T_6.2 ;
    %vpi_func 2 28 "$feof" 32, v000001896ed0b630_0 {0 0 0};
    %nor/r;
    %flag_set/vec4 8;
    %jmp/0xz T_6.3, 8;
    %vpi_func 2 29 "$fscanf" 32, v000001896ed0b630_0, "%h %h %d %h\012", v000001896ed0b4f0_0, v000001896ed0c350_0, v000001896ed0aa50_0, v000001896ed0acd0_0 {0 0 0};
    %store/vec4 v000001896ed0b950_0, 0, 32;
    %load/vec4 v000001896ed0b950_0;
    %cmpi/e 4, 0, 32;
    %jmp/0xz  T_6.4, 4;
    %load/vec4 v000001896ed0ef10_0;
    %addi 1, 0, 32;
    %store/vec4 v000001896ed0ef10_0, 0, 32;
    %delay 1000, 0;
    %load/vec4 v000001896ed0c670_0;
    %load/vec4 v000001896ed0acd0_0;
    %cmp/ne;
    %jmp/0xz  T_6.6, 6;
    %load/vec4 v000001896ed0ac30_0;
    %addi 1, 0, 32;
    %store/vec4 v000001896ed0ac30_0, 0, 32;
    %load/vec4 v000001896ed0ac30_0;
    %cmpi/s 20, 0, 32;
    %flag_or 5, 4;
    %jmp/0xz  T_6.8, 5;
    %vpi_call 2 36 "$display", "FAIL #%0d  a=%h b=%h sub=%b  got=%h expected=%h", v000001896ed0ef10_0, v000001896ed0b4f0_0, v000001896ed0c350_0, v000001896ed0aa50_0, v000001896ed0c670_0, v000001896ed0acd0_0 {0 0 0};
T_6.8 ;
T_6.6 ;
T_6.4 ;
    %jmp T_6.2;
T_6.3 ;
    %vpi_call 2 42 "$fclose", v000001896ed0b630_0 {0 0 0};
    %pushi/real 1677721600, 4072; load=100.000
    %load/vec4 v000001896ed0ef10_0;
    %load/vec4 v000001896ed0ac30_0;
    %sub;
    %cvt/rv/s;
    %mul/wr;
    %load/vec4 v000001896ed0ef10_0;
    %cvt/rv/s;
    %div/wr;
    %vpi_call 2 43 "$display", "\012Total=%0d  Errors=%0d  PassRate=%0.2f%%", v000001896ed0ef10_0, v000001896ed0ac30_0, W<0,r> {0 1 0};
    %vpi_call 2 45 "$finish" {0 0 0};
    %end;
    .thread T_6;
# The file index is used to find the file name in the following table.
:file_names 4;
    "N/A";
    "<interactive>";
    "Tb_bulk_add.v";
    "./Fp_adder_subtractor.v";
