#! /c/Source/iverilog-install/bin/vvp
:ivl_version "12.0 (devel)" "(s20150603-1539-g2693dd32b)";
:ivl_delay_selection "TYPICAL";
:vpi_time_precision - 12;
:vpi_module "C:\iverilog\lib\ivl\system.vpi";
:vpi_module "C:\iverilog\lib\ivl\vhdl_sys.vpi";
:vpi_module "C:\iverilog\lib\ivl\vhdl_textio.vpi";
:vpi_module "C:\iverilog\lib\ivl\v2005_math.vpi";
:vpi_module "C:\iverilog\lib\ivl\va_math.vpi";
S_0000015e69b9e1a0 .scope module, "Tb_bulk_mul" "Tb_bulk_mul" 2 4;
 .timescale -9 -12;
v0000015e69bf3990_0 .var "a", 31 0;
v0000015e69bf3c10_0 .var "b", 31 0;
v0000015e69bf3cb0_0 .var/i "errors", 31 0;
v0000015e69bf3d50_0 .var "expected", 31 0;
v0000015e69bf7020_0 .var/i "fd", 31 0;
v0000015e69bf6bc0_0 .net "invalid", 0 0, v0000015e69bf47f0_0;  1 drivers
v0000015e69bf7160_0 .net "overflow", 0 0, v0000015e69bf5290_0;  1 drivers
v0000015e69bf70c0_0 .var/i "r", 31 0;
v0000015e69bf6a80_0 .net "result", 31 0, v0000015e69bf3e90_0;  1 drivers
v0000015e69bf5cc0_0 .var/i "total", 31 0;
v0000015e69bf5c20_0 .net "underflow", 0 0, v0000015e69bf38f0_0;  1 drivers
S_0000015e69b9e670 .scope module, "dut" "fp_multiplier" 2 12, 3 12 0, S_0000015e69b9e1a0;
 .timescale -9 -12;
    .port_info 0 /INPUT 32 "a";
    .port_info 1 /INPUT 32 "b";
    .port_info 2 /OUTPUT 32 "result";
    .port_info 3 /OUTPUT 1 "overflow";
    .port_info 4 /OUTPUT 1 "underflow";
    .port_info 5 /OUTPUT 1 "invalid";
L_0000015e69b951d0 .functor XOR 1, L_0000015e69bf5900, L_0000015e69bf5b80, C4<0>, C4<0>;
L_0000015e69b95080 .functor AND 1, L_0000015e69bf6e40, L_0000015e69bf64e0, C4<1>, C4<1>;
L_0000015e69b950f0 .functor AND 1, L_0000015e69bf59a0, L_0000015e69bf6260, C4<1>, C4<1>;
L_0000015e69b95160 .functor AND 1, L_0000015e69bf5a40, L_0000015e69bf7480, C4<1>, C4<1>;
L_0000015e69b95710 .functor AND 1, L_0000015e69bf6da0, L_0000015e69bf6580, C4<1>, C4<1>;
L_0000015e69b956a0 .functor OR 1, L_0000015e69bf63a0, L_0000015e69bf6c60, C4<0>, C4<0>;
L_0000015e69b95be0 .functor OR 1, L_0000015e69b956a0, L_0000015e69bf5d60, C4<0>, C4<0>;
L_0000015e69b95320 .functor AND 1, L_0000015e69bf6300, L_0000015e69b95be0, C4<1>, C4<1>;
v0000015e69b98c10_0 .net *"_ivl_104", 0 0, L_0000015e69b956a0;  1 drivers
v0000015e69b99610_0 .net *"_ivl_107", 0 0, L_0000015e69bf5d60;  1 drivers
v0000015e69b99b10_0 .net *"_ivl_108", 0 0, L_0000015e69b95be0;  1 drivers
v0000015e69b98170_0 .net *"_ivl_112", 24 0, L_0000015e69bf7520;  1 drivers
L_0000015e69c70550 .functor BUFT 1, C4<0>, C4<0>, C4<0>, C4<0>;
v0000015e69b98fd0_0 .net *"_ivl_115", 0 0, L_0000015e69c70550;  1 drivers
v0000015e69b98b70_0 .net *"_ivl_116", 24 0, L_0000015e69bf6440;  1 drivers
L_0000015e69c70598 .functor BUFT 1, C4<000000000000000000000000>, C4<0>, C4<0>, C4<0>;
v0000015e69b98210_0 .net *"_ivl_119", 23 0, L_0000015e69c70598;  1 drivers
L_0000015e69c705e0 .functor BUFT 1, C4<0011111111>, C4<0>, C4<0>, C4<0>;
v0000015e69b996b0_0 .net/2s *"_ivl_122", 9 0, L_0000015e69c705e0;  1 drivers
L_0000015e69c70628 .functor BUFT 1, C4<0000000000>, C4<0>, C4<0>, C4<0>;
v0000015e69b99110_0 .net/2s *"_ivl_126", 9 0, L_0000015e69c70628;  1 drivers
L_0000015e69c70670 .functor BUFT 1, C4<11111111>, C4<0>, C4<0>, C4<0>;
v0000015e69b991b0_0 .net/2u *"_ivl_130", 7 0, L_0000015e69c70670;  1 drivers
L_0000015e69c706b8 .functor BUFT 1, C4<00000000000000000000000>, C4<0>, C4<0>, C4<0>;
v0000015e69b985d0_0 .net/2u *"_ivl_132", 22 0, L_0000015e69c706b8;  1 drivers
v0000015e69b98670_0 .net *"_ivl_134", 31 0, L_0000015e69bf7340;  1 drivers
L_0000015e69c70700 .functor BUFT 1, C4<0000000000000000000000000000000>, C4<0>, C4<0>, C4<0>;
v0000015e69b99250_0 .net/2u *"_ivl_136", 30 0, L_0000015e69c70700;  1 drivers
v0000015e69b992f0_0 .net *"_ivl_138", 31 0, L_0000015e69bf73e0;  1 drivers
L_0000015e69c70088 .functor BUFT 1, C4<11111111>, C4<0>, C4<0>, C4<0>;
v0000015e69b98710_0 .net/2u *"_ivl_14", 7 0, L_0000015e69c70088;  1 drivers
v0000015e69b99390_0 .net *"_ivl_141", 7 0, L_0000015e69bf6800;  1 drivers
v0000015e69b99d90_0 .net *"_ivl_143", 22 0, L_0000015e69bf6940;  1 drivers
v0000015e69b98350_0 .net *"_ivl_144", 31 0, L_0000015e69bf69e0;  1 drivers
v0000015e69b99e30_0 .net *"_ivl_146", 31 0, L_0000015e69bf6ee0;  1 drivers
v0000015e69b987b0_0 .net *"_ivl_16", 0 0, L_0000015e69bf6e40;  1 drivers
L_0000015e69c700d0 .functor BUFT 1, C4<00000000000000000000000>, C4<0>, C4<0>, C4<0>;
v0000015e69b983f0_0 .net/2u *"_ivl_18", 22 0, L_0000015e69c700d0;  1 drivers
v0000015e69b98030_0 .net *"_ivl_20", 0 0, L_0000015e69bf64e0;  1 drivers
L_0000015e69c70118 .functor BUFT 1, C4<11111111>, C4<0>, C4<0>, C4<0>;
v0000015e69b99a70_0 .net/2u *"_ivl_24", 7 0, L_0000015e69c70118;  1 drivers
v0000015e69b99430_0 .net *"_ivl_26", 0 0, L_0000015e69bf59a0;  1 drivers
L_0000015e69c70160 .functor BUFT 1, C4<00000000000000000000000>, C4<0>, C4<0>, C4<0>;
v0000015e69b98850_0 .net/2u *"_ivl_28", 22 0, L_0000015e69c70160;  1 drivers
v0000015e69b988f0_0 .net *"_ivl_30", 0 0, L_0000015e69bf6260;  1 drivers
L_0000015e69c701a8 .functor BUFT 1, C4<11111111>, C4<0>, C4<0>, C4<0>;
v0000015e69b980d0_0 .net/2u *"_ivl_34", 7 0, L_0000015e69c701a8;  1 drivers
v0000015e69b994d0_0 .net *"_ivl_36", 0 0, L_0000015e69bf5a40;  1 drivers
L_0000015e69c701f0 .functor BUFT 1, C4<00000000000000000000000>, C4<0>, C4<0>, C4<0>;
v0000015e69b99750_0 .net/2u *"_ivl_38", 22 0, L_0000015e69c701f0;  1 drivers
v0000015e69b98990_0 .net *"_ivl_40", 0 0, L_0000015e69bf7480;  1 drivers
L_0000015e69c70238 .functor BUFT 1, C4<11111111>, C4<0>, C4<0>, C4<0>;
v0000015e69b997f0_0 .net/2u *"_ivl_44", 7 0, L_0000015e69c70238;  1 drivers
v0000015e69b98a30_0 .net *"_ivl_46", 0 0, L_0000015e69bf6da0;  1 drivers
L_0000015e69c70280 .functor BUFT 1, C4<00000000000000000000000>, C4<0>, C4<0>, C4<0>;
v0000015e69b99890_0 .net/2u *"_ivl_48", 22 0, L_0000015e69c70280;  1 drivers
v0000015e69b98cb0_0 .net *"_ivl_50", 0 0, L_0000015e69bf6580;  1 drivers
L_0000015e69c702c8 .functor BUFT 1, C4<00000000>, C4<0>, C4<0>, C4<0>;
v0000015e69b99930_0 .net/2u *"_ivl_54", 7 0, L_0000015e69c702c8;  1 drivers
L_0000015e69c70310 .functor BUFT 1, C4<00000000>, C4<0>, C4<0>, C4<0>;
v0000015e69b999d0_0 .net/2u *"_ivl_58", 7 0, L_0000015e69c70310;  1 drivers
L_0000015e69c70358 .functor BUFT 1, C4<1>, C4<0>, C4<0>, C4<0>;
v0000015e69b98df0_0 .net/2u *"_ivl_62", 0 0, L_0000015e69c70358;  1 drivers
L_0000015e69c703a0 .functor BUFT 1, C4<1>, C4<0>, C4<0>, C4<0>;
v0000015e69b98d50_0 .net/2u *"_ivl_66", 0 0, L_0000015e69c703a0;  1 drivers
v0000015e69b98e90_0 .net *"_ivl_70", 47 0, L_0000015e69bf5fe0;  1 drivers
L_0000015e69c703e8 .functor BUFT 1, C4<000000000000000000000000>, C4<0>, C4<0>, C4<0>;
v0000015e69b98f30_0 .net *"_ivl_73", 23 0, L_0000015e69c703e8;  1 drivers
v0000015e69bf51f0_0 .net *"_ivl_74", 47 0, L_0000015e69bf6080;  1 drivers
L_0000015e69c70430 .functor BUFT 1, C4<000000000000000000000000>, C4<0>, C4<0>, C4<0>;
v0000015e69bf4610_0 .net *"_ivl_77", 23 0, L_0000015e69c70430;  1 drivers
L_0000015e69c70478 .functor BUFT 1, C4<00>, C4<0>, C4<0>, C4<0>;
v0000015e69bf5330_0 .net/2u *"_ivl_80", 1 0, L_0000015e69c70478;  1 drivers
v0000015e69bf44d0_0 .net *"_ivl_82", 9 0, L_0000015e69bf6120;  1 drivers
L_0000015e69c704c0 .functor BUFT 1, C4<00>, C4<0>, C4<0>, C4<0>;
v0000015e69bf3a30_0 .net/2u *"_ivl_84", 1 0, L_0000015e69c704c0;  1 drivers
v0000015e69bf5470_0 .net *"_ivl_86", 9 0, L_0000015e69bf5ea0;  1 drivers
v0000015e69bf3df0_0 .net/s *"_ivl_88", 9 0, L_0000015e69bf72a0;  1 drivers
L_0000015e69c70508 .functor BUFT 1, C4<0001111111>, C4<0>, C4<0>, C4<0>;
v0000015e69bf53d0_0 .net/2s *"_ivl_90", 9 0, L_0000015e69c70508;  1 drivers
v0000015e69bf4390_0 .net *"_ivl_99", 21 0, L_0000015e69bf6d00;  1 drivers
v0000015e69bf4430_0 .net "a", 31 0, v0000015e69bf3990_0;  1 drivers
v0000015e69bf3b70_0 .net "a_is_inf", 0 0, L_0000015e69b95160;  1 drivers
v0000015e69bf4750_0 .net "a_is_nan", 0 0, L_0000015e69b95080;  1 drivers
v0000015e69bf3710_0 .net "a_is_zero", 0 0, L_0000015e69bf5720;  1 drivers
v0000015e69bf4ed0_0 .net "b", 31 0, v0000015e69bf3c10_0;  1 drivers
v0000015e69bf4070_0 .net "b_is_inf", 0 0, L_0000015e69b95710;  1 drivers
v0000015e69bf4e30_0 .net "b_is_nan", 0 0, L_0000015e69b950f0;  1 drivers
v0000015e69bf4f70_0 .net "b_is_zero", 0 0, L_0000015e69bf5f40;  1 drivers
v0000015e69bf4570_0 .net "exp_a", 7 0, L_0000015e69bf57c0;  1 drivers
v0000015e69bf4890_0 .net "exp_b", 7 0, L_0000015e69bf75c0;  1 drivers
v0000015e69bf4cf0_0 .net/s "exp_sum", 9 0, L_0000015e69bf6620;  1 drivers
v0000015e69bf4b10_0 .var/s "final_exp", 9 0;
v0000015e69bf46b0_0 .var "final_mant", 23 0;
v0000015e69bf4930_0 .net "frac_a", 22 0, L_0000015e69bf61c0;  1 drivers
v0000015e69bf49d0_0 .net "frac_b", 22 0, L_0000015e69bf6b20;  1 drivers
v0000015e69bf4110_0 .net "guard_bit", 0 0, L_0000015e69bf6300;  1 drivers
v0000015e69bf47f0_0 .var "invalid", 0 0;
v0000015e69bf4a70_0 .net "mant_a", 23 0, L_0000015e69bf5860;  1 drivers
v0000015e69bf4bb0_0 .net "mant_b", 23 0, L_0000015e69bf5ae0;  1 drivers
v0000015e69bf5010_0 .net "mant_rounded", 24 0, L_0000015e69bf66c0;  1 drivers
v0000015e69bf4c50_0 .net "mant_trunc", 23 0, L_0000015e69bf68a0;  1 drivers
v0000015e69bf50b0_0 .var/s "norm_exp", 9 0;
v0000015e69bf42f0_0 .var "norm_product", 47 0;
v0000015e69bf5150_0 .net "normal_overflow", 0 0, L_0000015e69bf5e00;  1 drivers
v0000015e69bf41b0_0 .net "normal_result", 31 0, L_0000015e69bf6f80;  1 drivers
v0000015e69bf3850_0 .net "normal_underflow", 0 0, L_0000015e69bf6760;  1 drivers
v0000015e69bf5290_0 .var "overflow", 0 0;
v0000015e69bf4d90_0 .net "product", 47 0, L_0000015e69bf7200;  1 drivers
L_0000015e69c70748 .functor BUFT 1, C4<01111111110000000000000000000000>, C4<0>, C4<0>, C4<0>;
v0000015e69bf3ad0_0 .net "qnan", 31 0, L_0000015e69c70748;  1 drivers
v0000015e69bf3e90_0 .var "result", 31 0;
v0000015e69bf3fd0_0 .net "result_sign", 0 0, L_0000015e69b951d0;  1 drivers
v0000015e69bf5510_0 .net "round_bit", 0 0, L_0000015e69bf63a0;  1 drivers
v0000015e69bf55b0_0 .net "round_up", 0 0, L_0000015e69b95320;  1 drivers
v0000015e69bf3f30_0 .net "sign_a", 0 0, L_0000015e69bf5900;  1 drivers
v0000015e69bf37b0_0 .net "sign_b", 0 0, L_0000015e69bf5b80;  1 drivers
v0000015e69bf4250_0 .net "sticky_bit", 0 0, L_0000015e69bf6c60;  1 drivers
v0000015e69bf38f0_0 .var "underflow", 0 0;
E_0000015e69b91170/0 .event anyedge, v0000015e69bf4750_0, v0000015e69bf4e30_0, v0000015e69bf3ad0_0, v0000015e69bf3b70_0;
E_0000015e69b91170/1 .event anyedge, v0000015e69bf4f70_0, v0000015e69bf3710_0, v0000015e69bf4070_0, v0000015e69bf3fd0_0;
E_0000015e69b91170/2 .event anyedge, v0000015e69bf41b0_0, v0000015e69bf5150_0, v0000015e69bf3850_0;
E_0000015e69b91170 .event/or E_0000015e69b91170/0, E_0000015e69b91170/1, E_0000015e69b91170/2;
E_0000015e69b91f30 .event anyedge, v0000015e69bf5010_0, v0000015e69bf50b0_0;
E_0000015e69b911f0 .event anyedge, v0000015e69bf4d90_0, v0000015e69bf4cf0_0;
L_0000015e69bf5900 .part v0000015e69bf3990_0, 31, 1;
L_0000015e69bf57c0 .part v0000015e69bf3990_0, 23, 8;
L_0000015e69bf61c0 .part v0000015e69bf3990_0, 0, 23;
L_0000015e69bf5b80 .part v0000015e69bf3c10_0, 31, 1;
L_0000015e69bf75c0 .part v0000015e69bf3c10_0, 23, 8;
L_0000015e69bf6b20 .part v0000015e69bf3c10_0, 0, 23;
L_0000015e69bf6e40 .cmp/eq 8, L_0000015e69bf57c0, L_0000015e69c70088;
L_0000015e69bf64e0 .cmp/ne 23, L_0000015e69bf61c0, L_0000015e69c700d0;
L_0000015e69bf59a0 .cmp/eq 8, L_0000015e69bf75c0, L_0000015e69c70118;
L_0000015e69bf6260 .cmp/ne 23, L_0000015e69bf6b20, L_0000015e69c70160;
L_0000015e69bf5a40 .cmp/eq 8, L_0000015e69bf57c0, L_0000015e69c701a8;
L_0000015e69bf7480 .cmp/eq 23, L_0000015e69bf61c0, L_0000015e69c701f0;
L_0000015e69bf6da0 .cmp/eq 8, L_0000015e69bf75c0, L_0000015e69c70238;
L_0000015e69bf6580 .cmp/eq 23, L_0000015e69bf6b20, L_0000015e69c70280;
L_0000015e69bf5720 .cmp/eq 8, L_0000015e69bf57c0, L_0000015e69c702c8;
L_0000015e69bf5f40 .cmp/eq 8, L_0000015e69bf75c0, L_0000015e69c70310;
L_0000015e69bf5860 .concat [ 23 1 0 0], L_0000015e69bf61c0, L_0000015e69c70358;
L_0000015e69bf5ae0 .concat [ 23 1 0 0], L_0000015e69bf6b20, L_0000015e69c703a0;
L_0000015e69bf5fe0 .concat [ 24 24 0 0], L_0000015e69bf5860, L_0000015e69c703e8;
L_0000015e69bf6080 .concat [ 24 24 0 0], L_0000015e69bf5ae0, L_0000015e69c70430;
L_0000015e69bf7200 .arith/mult 48, L_0000015e69bf5fe0, L_0000015e69bf6080;
L_0000015e69bf6120 .concat [ 8 2 0 0], L_0000015e69bf57c0, L_0000015e69c70478;
L_0000015e69bf5ea0 .concat [ 8 2 0 0], L_0000015e69bf75c0, L_0000015e69c704c0;
L_0000015e69bf72a0 .arith/sum 10, L_0000015e69bf6120, L_0000015e69bf5ea0;
L_0000015e69bf6620 .arith/sub 10, L_0000015e69bf72a0, L_0000015e69c70508;
L_0000015e69bf6300 .part v0000015e69bf42f0_0, 23, 1;
L_0000015e69bf63a0 .part v0000015e69bf42f0_0, 22, 1;
L_0000015e69bf6d00 .part v0000015e69bf42f0_0, 0, 22;
L_0000015e69bf6c60 .reduce/or L_0000015e69bf6d00;
L_0000015e69bf68a0 .part v0000015e69bf42f0_0, 24, 24;
L_0000015e69bf5d60 .part L_0000015e69bf68a0, 0, 1;
L_0000015e69bf7520 .concat [ 24 1 0 0], L_0000015e69bf68a0, L_0000015e69c70550;
L_0000015e69bf6440 .concat [ 1 24 0 0], L_0000015e69b95320, L_0000015e69c70598;
L_0000015e69bf66c0 .arith/sum 25, L_0000015e69bf7520, L_0000015e69bf6440;
L_0000015e69bf5e00 .cmp/ge.s 10, v0000015e69bf4b10_0, L_0000015e69c705e0;
L_0000015e69bf6760 .cmp/ge.s 10, L_0000015e69c70628, v0000015e69bf4b10_0;
L_0000015e69bf7340 .concat [ 23 8 1 0], L_0000015e69c706b8, L_0000015e69c70670, L_0000015e69b951d0;
L_0000015e69bf73e0 .concat [ 31 1 0 0], L_0000015e69c70700, L_0000015e69b951d0;
L_0000015e69bf6800 .part v0000015e69bf4b10_0, 0, 8;
L_0000015e69bf6940 .part v0000015e69bf46b0_0, 0, 23;
L_0000015e69bf69e0 .concat [ 23 8 1 0], L_0000015e69bf6940, L_0000015e69bf6800, L_0000015e69b951d0;
L_0000015e69bf6ee0 .functor MUXZ 32, L_0000015e69bf69e0, L_0000015e69bf73e0, L_0000015e69bf6760, C4<>;
L_0000015e69bf6f80 .functor MUXZ 32, L_0000015e69bf6ee0, L_0000015e69bf7340, L_0000015e69bf5e00, C4<>;
    .scope S_0000015e69b9e670;
T_0 ;
    %wait E_0000015e69b911f0;
    %load/vec4 v0000015e69bf4d90_0;
    %parti/s 1, 47, 7;
    %flag_set/vec4 8;
    %jmp/0xz  T_0.0, 8;
    %load/vec4 v0000015e69bf4d90_0;
    %store/vec4 v0000015e69bf42f0_0, 0, 48;
    %load/vec4 v0000015e69bf4cf0_0;
    %addi 1, 0, 10;
    %store/vec4 v0000015e69bf50b0_0, 0, 10;
    %jmp T_0.1;
T_0.0 ;
    %load/vec4 v0000015e69bf4d90_0;
    %ix/load 4, 1, 0;
    %flag_set/imm 4, 0;
    %shiftl 4;
    %store/vec4 v0000015e69bf42f0_0, 0, 48;
    %load/vec4 v0000015e69bf4cf0_0;
    %store/vec4 v0000015e69bf50b0_0, 0, 10;
T_0.1 ;
    %jmp T_0;
    .thread T_0, $push;
    .scope S_0000015e69b9e670;
T_1 ;
    %wait E_0000015e69b91f30;
    %load/vec4 v0000015e69bf5010_0;
    %parti/s 1, 24, 6;
    %flag_set/vec4 8;
    %jmp/0xz  T_1.0, 8;
    %load/vec4 v0000015e69bf5010_0;
    %parti/s 24, 1, 2;
    %store/vec4 v0000015e69bf46b0_0, 0, 24;
    %load/vec4 v0000015e69bf50b0_0;
    %addi 1, 0, 10;
    %store/vec4 v0000015e69bf4b10_0, 0, 10;
    %jmp T_1.1;
T_1.0 ;
    %load/vec4 v0000015e69bf5010_0;
    %parti/s 24, 0, 2;
    %store/vec4 v0000015e69bf46b0_0, 0, 24;
    %load/vec4 v0000015e69bf50b0_0;
    %store/vec4 v0000015e69bf4b10_0, 0, 10;
T_1.1 ;
    %jmp T_1;
    .thread T_1, $push;
    .scope S_0000015e69b9e670;
T_2 ;
    %wait E_0000015e69b91170;
    %pushi/vec4 0, 0, 1;
    %store/vec4 v0000015e69bf5290_0, 0, 1;
    %pushi/vec4 0, 0, 1;
    %store/vec4 v0000015e69bf38f0_0, 0, 1;
    %pushi/vec4 0, 0, 1;
    %store/vec4 v0000015e69bf47f0_0, 0, 1;
    %load/vec4 v0000015e69bf4750_0;
    %flag_set/vec4 8;
    %jmp/1 T_2.2, 8;
    %load/vec4 v0000015e69bf4e30_0;
    %flag_set/vec4 9;
    %flag_or 8, 9;
T_2.2;
    %jmp/0xz  T_2.0, 8;
    %load/vec4 v0000015e69bf3ad0_0;
    %store/vec4 v0000015e69bf3e90_0, 0, 32;
    %pushi/vec4 1, 0, 1;
    %store/vec4 v0000015e69bf47f0_0, 0, 1;
    %jmp T_2.1;
T_2.0 ;
    %load/vec4 v0000015e69bf3b70_0;
    %flag_set/vec4 9;
    %flag_get/vec4 9;
    %jmp/0 T_2.6, 9;
    %load/vec4 v0000015e69bf4f70_0;
    %and;
T_2.6;
    %flag_set/vec4 8;
    %jmp/1 T_2.5, 8;
    %load/vec4 v0000015e69bf3710_0;
    %flag_set/vec4 10;
    %flag_get/vec4 10;
    %jmp/0 T_2.7, 10;
    %load/vec4 v0000015e69bf4070_0;
    %and;
T_2.7;
    %flag_set/vec4 9;
    %flag_or 8, 9;
T_2.5;
    %jmp/0xz  T_2.3, 8;
    %load/vec4 v0000015e69bf3ad0_0;
    %store/vec4 v0000015e69bf3e90_0, 0, 32;
    %pushi/vec4 1, 0, 1;
    %store/vec4 v0000015e69bf47f0_0, 0, 1;
    %jmp T_2.4;
T_2.3 ;
    %load/vec4 v0000015e69bf3b70_0;
    %flag_set/vec4 8;
    %jmp/1 T_2.10, 8;
    %load/vec4 v0000015e69bf4070_0;
    %flag_set/vec4 9;
    %flag_or 8, 9;
T_2.10;
    %jmp/0xz  T_2.8, 8;
    %load/vec4 v0000015e69bf3fd0_0;
    %concati/vec4 255, 0, 8;
    %concati/vec4 0, 0, 23;
    %store/vec4 v0000015e69bf3e90_0, 0, 32;
    %jmp T_2.9;
T_2.8 ;
    %load/vec4 v0000015e69bf3710_0;
    %flag_set/vec4 8;
    %jmp/1 T_2.13, 8;
    %load/vec4 v0000015e69bf4f70_0;
    %flag_set/vec4 9;
    %flag_or 8, 9;
T_2.13;
    %jmp/0xz  T_2.11, 8;
    %load/vec4 v0000015e69bf3fd0_0;
    %concati/vec4 0, 0, 31;
    %store/vec4 v0000015e69bf3e90_0, 0, 32;
    %jmp T_2.12;
T_2.11 ;
    %load/vec4 v0000015e69bf41b0_0;
    %store/vec4 v0000015e69bf3e90_0, 0, 32;
    %load/vec4 v0000015e69bf5150_0;
    %store/vec4 v0000015e69bf5290_0, 0, 1;
    %load/vec4 v0000015e69bf3850_0;
    %flag_set/vec4 8;
    %flag_get/vec4 8;
    %jmp/0 T_2.14, 8;
    %load/vec4 v0000015e69bf5150_0;
    %nor/r;
    %and;
T_2.14;
    %store/vec4 v0000015e69bf38f0_0, 0, 1;
T_2.12 ;
T_2.9 ;
T_2.4 ;
T_2.1 ;
    %jmp T_2;
    .thread T_2, $push;
    .scope S_0000015e69b9e1a0;
T_3 ;
    %pushi/vec4 0, 0, 32;
    %store/vec4 v0000015e69bf3cb0_0, 0, 32;
    %pushi/vec4 0, 0, 32;
    %store/vec4 v0000015e69bf5cc0_0, 0, 32;
    %vpi_func 2 21 "$fopen" 32, "Vector_mul.txt", "r" {0 0 0};
    %store/vec4 v0000015e69bf7020_0, 0, 32;
    %load/vec4 v0000015e69bf7020_0;
    %cmpi/e 0, 0, 32;
    %jmp/0xz  T_3.0, 4;
    %vpi_call 2 23 "$display", "ERROR: could not open Vector_mul.txt" {0 0 0};
    %vpi_call 2 24 "$finish" {0 0 0};
T_3.0 ;
T_3.2 ;
    %vpi_func 2 27 "$feof" 32, v0000015e69bf7020_0 {0 0 0};
    %nor/r;
    %flag_set/vec4 8;
    %jmp/0xz T_3.3, 8;
    %vpi_func 2 28 "$fscanf" 32, v0000015e69bf7020_0, "%h %h %h\012", v0000015e69bf3990_0, v0000015e69bf3c10_0, v0000015e69bf3d50_0 {0 0 0};
    %store/vec4 v0000015e69bf70c0_0, 0, 32;
    %load/vec4 v0000015e69bf70c0_0;
    %cmpi/e 3, 0, 32;
    %jmp/0xz  T_3.4, 4;
    %load/vec4 v0000015e69bf5cc0_0;
    %addi 1, 0, 32;
    %store/vec4 v0000015e69bf5cc0_0, 0, 32;
    %delay 1000, 0;
    %load/vec4 v0000015e69bf6a80_0;
    %load/vec4 v0000015e69bf3d50_0;
    %cmp/ne;
    %jmp/0xz  T_3.6, 6;
    %load/vec4 v0000015e69bf3cb0_0;
    %addi 1, 0, 32;
    %store/vec4 v0000015e69bf3cb0_0, 0, 32;
    %load/vec4 v0000015e69bf3cb0_0;
    %cmpi/s 20, 0, 32;
    %flag_or 5, 4;
    %jmp/0xz  T_3.8, 5;
    %vpi_call 2 35 "$display", "FAIL #%0d  a=%h b=%h  got=%h expected=%h", v0000015e69bf5cc0_0, v0000015e69bf3990_0, v0000015e69bf3c10_0, v0000015e69bf6a80_0, v0000015e69bf3d50_0 {0 0 0};
T_3.8 ;
T_3.6 ;
T_3.4 ;
    %jmp T_3.2;
T_3.3 ;
    %vpi_call 2 41 "$fclose", v0000015e69bf7020_0 {0 0 0};
    %pushi/real 1677721600, 4072; load=100.000
    %load/vec4 v0000015e69bf5cc0_0;
    %load/vec4 v0000015e69bf3cb0_0;
    %sub;
    %cvt/rv/s;
    %mul/wr;
    %load/vec4 v0000015e69bf5cc0_0;
    %cvt/rv/s;
    %div/wr;
    %vpi_call 2 42 "$display", "\012Total=%0d  Errors=%0d  PassRate=%0.2f%%", v0000015e69bf5cc0_0, v0000015e69bf3cb0_0, W<0,r> {0 1 0};
    %vpi_call 2 44 "$finish" {0 0 0};
    %end;
    .thread T_3;
# The file index is used to find the file name in the following table.
:file_names 4;
    "N/A";
    "<interactive>";
    "Tb_bulk_mul.v";
    "./Fp_multiplier.v";
