#! /c/Source/iverilog-install/bin/vvp
:ivl_version "12.0 (devel)" "(s20150603-1539-g2693dd32b)";
:ivl_delay_selection "TYPICAL";
:vpi_time_precision - 12;
:vpi_module "C:\iverilog\lib\ivl\system.vpi";
:vpi_module "C:\iverilog\lib\ivl\vhdl_sys.vpi";
:vpi_module "C:\iverilog\lib\ivl\vhdl_textio.vpi";
:vpi_module "C:\iverilog\lib\ivl\v2005_math.vpi";
:vpi_module "C:\iverilog\lib\ivl\va_math.vpi";
S_00000235644bfe00 .scope module, "Tb_approx_mul_sanity" "Tb_approx_mul_sanity" 2 4;
 .timescale -9 -12;
v0000023564516840_0 .var "a", 31 0;
v0000023564516fc0_0 .var "b", 31 0;
v0000023564516de0_0 .var/i "errors", 31 0;
v0000023564515800_0 .var "expected", 31 0;
v0000023564515c60_0 .var/i "fd", 31 0;
v0000023564516b60_0 .net "invalid", 0 0, v00000235645146f0_0;  1 drivers
v0000023564516e80_0 .net "overflow", 0 0, v0000023564514dd0_0;  1 drivers
v0000023564515760_0 .var/i "r", 31 0;
v00000235645167a0_0 .net "result", 31 0, v0000023564513250_0;  1 drivers
v0000023564515260_0 .var/i "total", 31 0;
v0000023564516660_0 .net "underflow", 0 0, v0000023564516700_0;  1 drivers
S_00000235644ac040 .scope module, "dut" "fp_multiplier_approx" 2 12, 3 19 0, S_00000235644bfe00;
 .timescale -9 -12;
    .port_info 0 /INPUT 32 "a";
    .port_info 1 /INPUT 32 "b";
    .port_info 2 /OUTPUT 32 "result";
    .port_info 3 /OUTPUT 1 "overflow";
    .port_info 4 /OUTPUT 1 "underflow";
    .port_info 5 /OUTPUT 1 "invalid";
P_0000023564494780 .param/l "DROP" 1 3 31, +C4<000000000000000000000000000000000>;
P_00000235644947b8 .param/l "MANT_BITS" 0 3 20, +C4<00000000000000000000000000011000>;
L_00000235644b5250 .functor XOR 1, L_00000235645160c0, L_0000023564516f20, C4<0>, C4<0>;
L_00000235644b4c30 .functor AND 1, L_0000023564516480, L_0000023564517060, C4<1>, C4<1>;
L_00000235644b5020 .functor AND 1, L_0000023564517100, L_00000235645168e0, C4<1>, C4<1>;
L_00000235644b4d10 .functor AND 1, L_0000023564516980, L_0000023564516a20, C4<1>, C4<1>;
L_00000235644b4450 .functor AND 1, L_0000023564515da0, L_00000235645153a0, C4<1>, C4<1>;
L_00000235644b4530 .functor OR 1, L_0000023564516020, L_0000023564515620, C4<0>, C4<0>;
L_00000235644b4d80 .functor OR 1, L_00000235644b4530, L_0000023564516200, C4<0>, C4<0>;
L_00000235644b5170 .functor AND 1, L_0000023564516ca0, L_00000235644b4d80, C4<1>, C4<1>;
v00000235644b8870_0 .net *"_ivl_105", 21 0, L_00000235645154e0;  1 drivers
v00000235644b8f50_0 .net *"_ivl_110", 0 0, L_00000235644b4530;  1 drivers
v00000235644b9130_0 .net *"_ivl_113", 0 0, L_0000023564516200;  1 drivers
v00000235644b84b0_0 .net *"_ivl_114", 0 0, L_00000235644b4d80;  1 drivers
v00000235644b82d0_0 .net *"_ivl_118", 24 0, L_00000235645162a0;  1 drivers
L_0000023564550550 .functor BUFT 1, C4<0>, C4<0>, C4<0>, C4<0>;
v00000235644b7e70_0 .net *"_ivl_121", 0 0, L_0000023564550550;  1 drivers
v00000235644b8e10_0 .net *"_ivl_122", 24 0, L_00000235645163e0;  1 drivers
L_0000023564550598 .functor BUFT 1, C4<000000000000000000000000>, C4<0>, C4<0>, C4<0>;
v00000235644b8ff0_0 .net *"_ivl_125", 23 0, L_0000023564550598;  1 drivers
L_00000235645505e0 .functor BUFT 1, C4<0011111111>, C4<0>, C4<0>, C4<0>;
v00000235644b9090_0 .net/2s *"_ivl_128", 9 0, L_00000235645505e0;  1 drivers
L_0000023564550628 .functor BUFT 1, C4<0000000000>, C4<0>, C4<0>, C4<0>;
v00000235644b7ab0_0 .net/2s *"_ivl_132", 9 0, L_0000023564550628;  1 drivers
L_0000023564550670 .functor BUFT 1, C4<11111111>, C4<0>, C4<0>, C4<0>;
v00000235644b78d0_0 .net/2u *"_ivl_136", 7 0, L_0000023564550670;  1 drivers
L_00000235645506b8 .functor BUFT 1, C4<00000000000000000000000>, C4<0>, C4<0>, C4<0>;
v00000235644b7d30_0 .net/2u *"_ivl_138", 22 0, L_00000235645506b8;  1 drivers
L_0000023564550088 .functor BUFT 1, C4<11111111>, C4<0>, C4<0>, C4<0>;
v00000235644b91d0_0 .net/2u *"_ivl_14", 7 0, L_0000023564550088;  1 drivers
v00000235644b7650_0 .net *"_ivl_140", 31 0, L_000002356452a400;  1 drivers
L_0000023564550700 .functor BUFT 1, C4<0000000000000000000000000000000>, C4<0>, C4<0>, C4<0>;
v00000235644b8730_0 .net/2u *"_ivl_142", 30 0, L_0000023564550700;  1 drivers
v00000235644b9270_0 .net *"_ivl_144", 31 0, L_0000023564529d20;  1 drivers
v00000235644b9310_0 .net *"_ivl_147", 7 0, L_00000235645290a0;  1 drivers
v00000235644b7dd0_0 .net *"_ivl_149", 22 0, L_0000023564529dc0;  1 drivers
v00000235644b8d70_0 .net *"_ivl_150", 31 0, L_000002356452a0e0;  1 drivers
v00000235644b89b0_0 .net *"_ivl_152", 31 0, L_0000023564529b40;  1 drivers
v00000235644b8910_0 .net *"_ivl_16", 0 0, L_0000023564516480;  1 drivers
L_00000235645500d0 .functor BUFT 1, C4<00000000000000000000000>, C4<0>, C4<0>, C4<0>;
v00000235644b8370_0 .net/2u *"_ivl_18", 22 0, L_00000235645500d0;  1 drivers
v00000235644b7790_0 .net *"_ivl_20", 0 0, L_0000023564517060;  1 drivers
L_0000023564550118 .functor BUFT 1, C4<11111111>, C4<0>, C4<0>, C4<0>;
v00000235644b7470_0 .net/2u *"_ivl_24", 7 0, L_0000023564550118;  1 drivers
v00000235644b7510_0 .net *"_ivl_26", 0 0, L_0000023564517100;  1 drivers
L_0000023564550160 .functor BUFT 1, C4<00000000000000000000000>, C4<0>, C4<0>, C4<0>;
v00000235644b75b0_0 .net/2u *"_ivl_28", 22 0, L_0000023564550160;  1 drivers
v00000235644b7830_0 .net *"_ivl_30", 0 0, L_00000235645168e0;  1 drivers
L_00000235645501a8 .functor BUFT 1, C4<11111111>, C4<0>, C4<0>, C4<0>;
v00000235644b8410_0 .net/2u *"_ivl_34", 7 0, L_00000235645501a8;  1 drivers
v00000235644b7970_0 .net *"_ivl_36", 0 0, L_0000023564516980;  1 drivers
L_00000235645501f0 .functor BUFT 1, C4<00000000000000000000000>, C4<0>, C4<0>, C4<0>;
v00000235644b7a10_0 .net/2u *"_ivl_38", 22 0, L_00000235645501f0;  1 drivers
v00000235644b7b50_0 .net *"_ivl_40", 0 0, L_0000023564516a20;  1 drivers
L_0000023564550238 .functor BUFT 1, C4<11111111>, C4<0>, C4<0>, C4<0>;
v00000235644b7bf0_0 .net/2u *"_ivl_44", 7 0, L_0000023564550238;  1 drivers
v00000235644b7f10_0 .net *"_ivl_46", 0 0, L_0000023564515da0;  1 drivers
L_0000023564550280 .functor BUFT 1, C4<00000000000000000000000>, C4<0>, C4<0>, C4<0>;
v00000235644b80f0_0 .net/2u *"_ivl_48", 22 0, L_0000023564550280;  1 drivers
v00000235644b8230_0 .net *"_ivl_50", 0 0, L_00000235645153a0;  1 drivers
L_00000235645502c8 .functor BUFT 1, C4<00000000>, C4<0>, C4<0>, C4<0>;
v00000235644b8550_0 .net/2u *"_ivl_54", 7 0, L_00000235645502c8;  1 drivers
L_0000023564550310 .functor BUFT 1, C4<00000000>, C4<0>, C4<0>, C4<0>;
v00000235644b85f0_0 .net/2u *"_ivl_58", 7 0, L_0000023564550310;  1 drivers
L_0000023564550358 .functor BUFT 1, C4<1>, C4<0>, C4<0>, C4<0>;
v00000235644b8690_0 .net/2u *"_ivl_62", 0 0, L_0000023564550358;  1 drivers
L_00000235645503a0 .functor BUFT 1, C4<1>, C4<0>, C4<0>, C4<0>;
v0000023564513cf0_0 .net/2u *"_ivl_66", 0 0, L_00000235645503a0;  1 drivers
v00000235645137f0_0 .net *"_ivl_74", 47 0, L_0000023564516c00;  1 drivers
L_00000235645503e8 .functor BUFT 1, C4<000000000000000000000000>, C4<0>, C4<0>, C4<0>;
v0000023564513f70_0 .net *"_ivl_77", 23 0, L_00000235645503e8;  1 drivers
v0000023564513c50_0 .net *"_ivl_78", 47 0, L_0000023564515580;  1 drivers
L_0000023564550430 .functor BUFT 1, C4<000000000000000000000000>, C4<0>, C4<0>, C4<0>;
v0000023564513ed0_0 .net *"_ivl_81", 23 0, L_0000023564550430;  1 drivers
L_0000023564550478 .functor BUFT 1, C4<00>, C4<0>, C4<0>, C4<0>;
v0000023564513890_0 .net/2u *"_ivl_86", 1 0, L_0000023564550478;  1 drivers
v00000235645132f0_0 .net *"_ivl_88", 9 0, L_0000023564515b20;  1 drivers
L_00000235645504c0 .functor BUFT 1, C4<00>, C4<0>, C4<0>, C4<0>;
v0000023564514970_0 .net/2u *"_ivl_90", 1 0, L_00000235645504c0;  1 drivers
v0000023564514830_0 .net *"_ivl_92", 9 0, L_0000023564515ee0;  1 drivers
v0000023564513390_0 .net/s *"_ivl_94", 9 0, L_0000023564515f80;  1 drivers
L_0000023564550508 .functor BUFT 1, C4<0001111111>, C4<0>, C4<0>, C4<0>;
v0000023564514650_0 .net/2s *"_ivl_96", 9 0, L_0000023564550508;  1 drivers
v0000023564513930_0 .net "a", 31 0, v0000023564516840_0;  1 drivers
v00000235645148d0_0 .net "a_is_inf", 0 0, L_00000235644b4d10;  1 drivers
v0000023564513e30_0 .net "a_is_nan", 0 0, L_00000235644b4c30;  1 drivers
v0000023564514330_0 .net "a_is_zero", 0 0, L_0000023564515940;  1 drivers
v00000235645143d0_0 .net "b", 31 0, v0000023564516fc0_0;  1 drivers
v0000023564513d90_0 .net "b_is_inf", 0 0, L_00000235644b4450;  1 drivers
v0000023564514010_0 .net "b_is_nan", 0 0, L_00000235644b5020;  1 drivers
v0000023564514e70_0 .net "b_is_zero", 0 0, L_00000235645156c0;  1 drivers
v0000023564514b50_0 .net "exp_a", 7 0, L_0000023564516d40;  1 drivers
v0000023564513bb0_0 .net "exp_b", 7 0, L_00000235645158a0;  1 drivers
v0000023564514a10_0 .net/s "exp_sum", 9 0, L_0000023564515300;  1 drivers
v0000023564513b10_0 .var/s "final_exp", 9 0;
v0000023564514f10_0 .var "final_mant", 23 0;
v00000235645139d0_0 .net "frac_a", 22 0, L_0000023564515440;  1 drivers
v0000023564514bf0_0 .net "frac_b", 22 0, L_0000023564515d00;  1 drivers
v0000023564514ab0_0 .net "guard_bit", 0 0, L_0000023564516ca0;  1 drivers
v00000235645146f0_0 .var "invalid", 0 0;
v0000023564514290_0 .net "mant_a", 23 0, L_0000023564516340;  1 drivers
v00000235645150f0_0 .net "mant_a_trunc", 23 0, L_00000235645159e0;  1 drivers
v0000023564514790_0 .net "mant_b", 23 0, L_0000023564515e40;  1 drivers
v00000235645140b0_0 .net "mant_b_trunc", 23 0, L_0000023564516ac0;  1 drivers
v0000023564514c90_0 .net "mant_rounded", 24 0, L_0000023564516520;  1 drivers
v0000023564514150_0 .net "mant_trunc", 23 0, L_0000023564516160;  1 drivers
v00000235645141f0_0 .var/s "norm_exp", 9 0;
v0000023564513430_0 .var "norm_product", 47 0;
v0000023564514d30_0 .net "normal_overflow", 0 0, L_00000235645165c0;  1 drivers
v0000023564514470_0 .net "normal_result", 31 0, L_0000023564528f60;  1 drivers
v0000023564514510_0 .net "normal_underflow", 0 0, L_0000023564529e60;  1 drivers
v0000023564514dd0_0 .var "overflow", 0 0;
v0000023564514fb0_0 .net "product", 47 0, L_0000023564515bc0;  1 drivers
v00000235645145b0_0 .net "product_trunc", 47 0, L_0000023564515a80;  1 drivers
L_0000023564550748 .functor BUFT 1, C4<01111111110000000000000000000000>, C4<0>, C4<0>, C4<0>;
v0000023564515050_0 .net "qnan", 31 0, L_0000023564550748;  1 drivers
v0000023564513250_0 .var "result", 31 0;
v00000235645134d0_0 .net "result_sign", 0 0, L_00000235644b5250;  1 drivers
v0000023564513570_0 .net "round_bit", 0 0, L_0000023564516020;  1 drivers
v0000023564513610_0 .net "round_up", 0 0, L_00000235644b5170;  1 drivers
v00000235645136b0_0 .net "sign_a", 0 0, L_00000235645160c0;  1 drivers
v0000023564513750_0 .net "sign_b", 0 0, L_0000023564516f20;  1 drivers
v0000023564513a70_0 .net "sticky_bit", 0 0, L_0000023564515620;  1 drivers
v0000023564516700_0 .var "underflow", 0 0;
E_00000235644bc580/0 .event anyedge, v0000023564513e30_0, v0000023564514010_0, v0000023564515050_0, v00000235645148d0_0;
E_00000235644bc580/1 .event anyedge, v0000023564514e70_0, v0000023564514330_0, v0000023564513d90_0, v00000235645134d0_0;
E_00000235644bc580/2 .event anyedge, v0000023564514470_0, v0000023564514d30_0, v0000023564514510_0;
E_00000235644bc580 .event/or E_00000235644bc580/0, E_00000235644bc580/1, E_00000235644bc580/2;
E_00000235644bc7c0 .event anyedge, v0000023564514c90_0, v00000235645141f0_0;
E_00000235644bc440 .event anyedge, v0000023564514fb0_0, v0000023564514a10_0;
L_00000235645160c0 .part v0000023564516840_0, 31, 1;
L_0000023564516d40 .part v0000023564516840_0, 23, 8;
L_0000023564515440 .part v0000023564516840_0, 0, 23;
L_0000023564516f20 .part v0000023564516fc0_0, 31, 1;
L_00000235645158a0 .part v0000023564516fc0_0, 23, 8;
L_0000023564515d00 .part v0000023564516fc0_0, 0, 23;
L_0000023564516480 .cmp/eq 8, L_0000023564516d40, L_0000023564550088;
L_0000023564517060 .cmp/ne 23, L_0000023564515440, L_00000235645500d0;
L_0000023564517100 .cmp/eq 8, L_00000235645158a0, L_0000023564550118;
L_00000235645168e0 .cmp/ne 23, L_0000023564515d00, L_0000023564550160;
L_0000023564516980 .cmp/eq 8, L_0000023564516d40, L_00000235645501a8;
L_0000023564516a20 .cmp/eq 23, L_0000023564515440, L_00000235645501f0;
L_0000023564515da0 .cmp/eq 8, L_00000235645158a0, L_0000023564550238;
L_00000235645153a0 .cmp/eq 23, L_0000023564515d00, L_0000023564550280;
L_0000023564515940 .cmp/eq 8, L_0000023564516d40, L_00000235645502c8;
L_00000235645156c0 .cmp/eq 8, L_00000235645158a0, L_0000023564550310;
L_0000023564516340 .concat [ 23 1 0 0], L_0000023564515440, L_0000023564550358;
L_0000023564515e40 .concat [ 23 1 0 0], L_0000023564515d00, L_00000235645503a0;
L_00000235645159e0 .part L_0000023564516340, 0, 24;
L_0000023564516ac0 .part L_0000023564515e40, 0, 24;
L_0000023564516c00 .concat [ 24 24 0 0], L_00000235645159e0, L_00000235645503e8;
L_0000023564515580 .concat [ 24 24 0 0], L_0000023564516ac0, L_0000023564550430;
L_0000023564515a80 .arith/mult 48, L_0000023564516c00, L_0000023564515580;
L_0000023564515bc0 .concat [ 48 0 0 0], L_0000023564515a80;
L_0000023564515b20 .concat [ 8 2 0 0], L_0000023564516d40, L_0000023564550478;
L_0000023564515ee0 .concat [ 8 2 0 0], L_00000235645158a0, L_00000235645504c0;
L_0000023564515f80 .arith/sum 10, L_0000023564515b20, L_0000023564515ee0;
L_0000023564515300 .arith/sub 10, L_0000023564515f80, L_0000023564550508;
L_0000023564516ca0 .part v0000023564513430_0, 23, 1;
L_0000023564516020 .part v0000023564513430_0, 22, 1;
L_00000235645154e0 .part v0000023564513430_0, 0, 22;
L_0000023564515620 .reduce/or L_00000235645154e0;
L_0000023564516160 .part v0000023564513430_0, 24, 24;
L_0000023564516200 .part L_0000023564516160, 0, 1;
L_00000235645162a0 .concat [ 24 1 0 0], L_0000023564516160, L_0000023564550550;
L_00000235645163e0 .concat [ 1 24 0 0], L_00000235644b5170, L_0000023564550598;
L_0000023564516520 .arith/sum 25, L_00000235645162a0, L_00000235645163e0;
L_00000235645165c0 .cmp/ge.s 10, v0000023564513b10_0, L_00000235645505e0;
L_0000023564529e60 .cmp/ge.s 10, L_0000023564550628, v0000023564513b10_0;
L_000002356452a400 .concat [ 23 8 1 0], L_00000235645506b8, L_0000023564550670, L_00000235644b5250;
L_0000023564529d20 .concat [ 31 1 0 0], L_0000023564550700, L_00000235644b5250;
L_00000235645290a0 .part v0000023564513b10_0, 0, 8;
L_0000023564529dc0 .part v0000023564514f10_0, 0, 23;
L_000002356452a0e0 .concat [ 23 8 1 0], L_0000023564529dc0, L_00000235645290a0, L_00000235644b5250;
L_0000023564529b40 .functor MUXZ 32, L_000002356452a0e0, L_0000023564529d20, L_0000023564529e60, C4<>;
L_0000023564528f60 .functor MUXZ 32, L_0000023564529b40, L_000002356452a400, L_00000235645165c0, C4<>;
    .scope S_00000235644ac040;
T_0 ;
    %wait E_00000235644bc440;
    %load/vec4 v0000023564514fb0_0;
    %parti/s 1, 47, 7;
    %flag_set/vec4 8;
    %jmp/0xz  T_0.0, 8;
    %load/vec4 v0000023564514fb0_0;
    %store/vec4 v0000023564513430_0, 0, 48;
    %load/vec4 v0000023564514a10_0;
    %addi 1, 0, 10;
    %store/vec4 v00000235645141f0_0, 0, 10;
    %jmp T_0.1;
T_0.0 ;
    %load/vec4 v0000023564514fb0_0;
    %ix/load 4, 1, 0;
    %flag_set/imm 4, 0;
    %shiftl 4;
    %store/vec4 v0000023564513430_0, 0, 48;
    %load/vec4 v0000023564514a10_0;
    %store/vec4 v00000235645141f0_0, 0, 10;
T_0.1 ;
    %jmp T_0;
    .thread T_0, $push;
    .scope S_00000235644ac040;
T_1 ;
    %wait E_00000235644bc7c0;
    %load/vec4 v0000023564514c90_0;
    %parti/s 1, 24, 6;
    %flag_set/vec4 8;
    %jmp/0xz  T_1.0, 8;
    %load/vec4 v0000023564514c90_0;
    %parti/s 24, 1, 2;
    %store/vec4 v0000023564514f10_0, 0, 24;
    %load/vec4 v00000235645141f0_0;
    %addi 1, 0, 10;
    %store/vec4 v0000023564513b10_0, 0, 10;
    %jmp T_1.1;
T_1.0 ;
    %load/vec4 v0000023564514c90_0;
    %parti/s 24, 0, 2;
    %store/vec4 v0000023564514f10_0, 0, 24;
    %load/vec4 v00000235645141f0_0;
    %store/vec4 v0000023564513b10_0, 0, 10;
T_1.1 ;
    %jmp T_1;
    .thread T_1, $push;
    .scope S_00000235644ac040;
T_2 ;
    %wait E_00000235644bc580;
    %pushi/vec4 0, 0, 1;
    %store/vec4 v0000023564514dd0_0, 0, 1;
    %pushi/vec4 0, 0, 1;
    %store/vec4 v0000023564516700_0, 0, 1;
    %pushi/vec4 0, 0, 1;
    %store/vec4 v00000235645146f0_0, 0, 1;
    %load/vec4 v0000023564513e30_0;
    %flag_set/vec4 8;
    %jmp/1 T_2.2, 8;
    %load/vec4 v0000023564514010_0;
    %flag_set/vec4 9;
    %flag_or 8, 9;
T_2.2;
    %jmp/0xz  T_2.0, 8;
    %load/vec4 v0000023564515050_0;
    %store/vec4 v0000023564513250_0, 0, 32;
    %pushi/vec4 1, 0, 1;
    %store/vec4 v00000235645146f0_0, 0, 1;
    %jmp T_2.1;
T_2.0 ;
    %load/vec4 v00000235645148d0_0;
    %flag_set/vec4 9;
    %flag_get/vec4 9;
    %jmp/0 T_2.6, 9;
    %load/vec4 v0000023564514e70_0;
    %and;
T_2.6;
    %flag_set/vec4 8;
    %jmp/1 T_2.5, 8;
    %load/vec4 v0000023564514330_0;
    %flag_set/vec4 10;
    %flag_get/vec4 10;
    %jmp/0 T_2.7, 10;
    %load/vec4 v0000023564513d90_0;
    %and;
T_2.7;
    %flag_set/vec4 9;
    %flag_or 8, 9;
T_2.5;
    %jmp/0xz  T_2.3, 8;
    %load/vec4 v0000023564515050_0;
    %store/vec4 v0000023564513250_0, 0, 32;
    %pushi/vec4 1, 0, 1;
    %store/vec4 v00000235645146f0_0, 0, 1;
    %jmp T_2.4;
T_2.3 ;
    %load/vec4 v00000235645148d0_0;
    %flag_set/vec4 8;
    %jmp/1 T_2.10, 8;
    %load/vec4 v0000023564513d90_0;
    %flag_set/vec4 9;
    %flag_or 8, 9;
T_2.10;
    %jmp/0xz  T_2.8, 8;
    %load/vec4 v00000235645134d0_0;
    %concati/vec4 255, 0, 8;
    %concati/vec4 0, 0, 23;
    %store/vec4 v0000023564513250_0, 0, 32;
    %jmp T_2.9;
T_2.8 ;
    %load/vec4 v0000023564514330_0;
    %flag_set/vec4 8;
    %jmp/1 T_2.13, 8;
    %load/vec4 v0000023564514e70_0;
    %flag_set/vec4 9;
    %flag_or 8, 9;
T_2.13;
    %jmp/0xz  T_2.11, 8;
    %load/vec4 v00000235645134d0_0;
    %concati/vec4 0, 0, 31;
    %store/vec4 v0000023564513250_0, 0, 32;
    %jmp T_2.12;
T_2.11 ;
    %load/vec4 v0000023564514470_0;
    %store/vec4 v0000023564513250_0, 0, 32;
    %load/vec4 v0000023564514d30_0;
    %store/vec4 v0000023564514dd0_0, 0, 1;
    %load/vec4 v0000023564514510_0;
    %flag_set/vec4 8;
    %flag_get/vec4 8;
    %jmp/0 T_2.14, 8;
    %load/vec4 v0000023564514d30_0;
    %nor/r;
    %and;
T_2.14;
    %store/vec4 v0000023564516700_0, 0, 1;
T_2.12 ;
T_2.9 ;
T_2.4 ;
T_2.1 ;
    %jmp T_2;
    .thread T_2, $push;
    .scope S_00000235644bfe00;
T_3 ;
    %pushi/vec4 0, 0, 32;
    %store/vec4 v0000023564516de0_0, 0, 32;
    %pushi/vec4 0, 0, 32;
    %store/vec4 v0000023564515260_0, 0, 32;
    %vpi_func 2 20 "$fopen" 32, "Vector_mul.txt", "r" {0 0 0};
    %store/vec4 v0000023564515c60_0, 0, 32;
T_3.0 ;
    %vpi_func 2 21 "$feof" 32, v0000023564515c60_0 {0 0 0};
    %nor/r;
    %flag_set/vec4 8;
    %jmp/0xz T_3.1, 8;
    %vpi_func 2 22 "$fscanf" 32, v0000023564515c60_0, "%h %h %h\012", v0000023564516840_0, v0000023564516fc0_0, v0000023564515800_0 {0 0 0};
    %store/vec4 v0000023564515760_0, 0, 32;
    %load/vec4 v0000023564515760_0;
    %cmpi/e 3, 0, 32;
    %jmp/0xz  T_3.2, 4;
    %load/vec4 v0000023564515260_0;
    %addi 1, 0, 32;
    %store/vec4 v0000023564515260_0, 0, 32;
    %delay 1000, 0;
    %load/vec4 v00000235645167a0_0;
    %load/vec4 v0000023564515800_0;
    %cmp/ne;
    %jmp/0xz  T_3.4, 6;
    %load/vec4 v0000023564516de0_0;
    %addi 1, 0, 32;
    %store/vec4 v0000023564516de0_0, 0, 32;
T_3.4 ;
T_3.2 ;
    %jmp T_3.0;
T_3.1 ;
    %vpi_call 2 29 "$fclose", v0000023564515c60_0 {0 0 0};
    %vpi_call 2 30 "$display", "MANT_BITS=24 (should be bit-exact): Total=%0d Errors=%0d", v0000023564515260_0, v0000023564516de0_0 {0 0 0};
    %vpi_call 2 31 "$finish" {0 0 0};
    %end;
    .thread T_3;
# The file index is used to find the file name in the following table.
:file_names 4;
    "N/A";
    "<interactive>";
    "Tb_Fp_multiplier_approx.v";
    "./Fp_multiplier_approx.v";
