#! /c/Source/iverilog-install/bin/vvp
:ivl_version "12.0 (devel)" "(s20150603-1539-g2693dd32b)";
:ivl_delay_selection "TYPICAL";
:vpi_time_precision - 12;
:vpi_module "C:\iverilog\lib\ivl\system.vpi";
:vpi_module "C:\iverilog\lib\ivl\vhdl_sys.vpi";
:vpi_module "C:\iverilog\lib\ivl\vhdl_textio.vpi";
:vpi_module "C:\iverilog\lib\ivl\v2005_math.vpi";
:vpi_module "C:\iverilog\lib\ivl\va_math.vpi";
S_000001c9af591700 .scope module, "Tb_dump_comp_mul" "Tb_dump_comp_mul" 2 4;
 .timescale -9 -12;
v000001c9af5f9960_0 .var "a", 31 0;
v000001c9af5f9e60_0 .var "b", 31 0;
v000001c9af5fa720_0 .var "expected", 31 0;
v000001c9af5fa900_0 .var/i "fd_in", 31 0;
v000001c9af5f9500_0 .var/i "fd_out", 31 0;
v000001c9af5fab80_0 .var/i "r", 31 0;
v000001c9af5f98c0_0 .net "r12", 31 0, v000001c9af5f1fa0_0;  1 drivers
v000001c9af5f9a00_0 .net "r16", 31 0, v000001c9af5f5e80_0;  1 drivers
v000001c9af5f95a0_0 .net "r8", 31 0, v000001c9af5fd1a0_0;  1 drivers
v000001c9af5fa9a0_0 .var/i "total", 31 0;
S_000001c9af591f80 .scope module, "dut12" "fp_multiplier_approx_comp" 2 12, 3 24 0, S_000001c9af591700;
 .timescale -9 -12;
    .port_info 0 /INPUT 32 "a";
    .port_info 1 /INPUT 32 "b";
    .port_info 2 /OUTPUT 32 "result";
    .port_info 3 /OUTPUT 1 "overflow";
    .port_info 4 /OUTPUT 1 "underflow";
    .port_info 5 /OUTPUT 1 "invalid";
P_000001c9af591bd0 .param/l "COMP_W" 1 3 38, +C4<000000000000000000000000000001101>;
P_000001c9af591c08 .param/l "DROP" 1 3 36, +C4<000000000000000000000000000001100>;
P_000001c9af591c40 .param/l "MANT_BITS" 0 3 25, +C4<00000000000000000000000000001100>;
P_000001c9af591c78 .param/l "SHIFT" 1 3 42, +C4<000000000000000000000000000000000000000000000000000000000000010110>;
L_000001c9af5f6610 .functor XOR 1, L_000001c9af65b7a0, L_000001c9af65c420, C4<0>, C4<0>;
L_000001c9af5f6530 .functor AND 1, L_000001c9af65b480, L_000001c9af65bde0, C4<1>, C4<1>;
L_000001c9af5f65a0 .functor AND 1, L_000001c9af65bac0, L_000001c9af65b660, C4<1>, C4<1>;
L_000001c9af5f6370 .functor AND 1, L_000001c9af65bc00, L_000001c9af65be80, C4<1>, C4<1>;
L_000001c9af5f66f0 .functor AND 1, L_000001c9af65c600, L_000001c9af65bd40, C4<1>, C4<1>;
L_000001c9af5f68b0 .functor OR 1, L_000001c9af659f40, L_000001c9af659ae0, C4<0>, C4<0>;
L_000001c9af5f6920 .functor OR 1, L_000001c9af5f68b0, L_000001c9af659220, C4<0>, C4<0>;
L_000001c9af5f6bc0 .functor AND 1, L_000001c9af65ba20, L_000001c9af5f6920, C4<1>, C4<1>;
L_000001c9af5ff570 .functor BUFT 1, C4<0000000000000>, C4<0>, C4<0>, C4<0>;
v000001c9af5828c0_0 .net *"_ivl_101", 12 0, L_000001c9af5ff570;  1 drivers
L_000001c9af5ff5b8 .functor BUFT 1, C4<0000000000000000000000>, C4<0>, C4<0>, C4<0>;
v000001c9af582fa0_0 .net/2u *"_ivl_104", 21 0, L_000001c9af5ff5b8;  1 drivers
L_000001c9af5ff600 .functor BUFT 1, C4<00>, C4<0>, C4<0>, C4<0>;
v000001c9af582960_0 .net/2u *"_ivl_108", 1 0, L_000001c9af5ff600;  1 drivers
v000001c9af583040_0 .net *"_ivl_110", 9 0, L_000001c9af65b340;  1 drivers
L_000001c9af5ff648 .functor BUFT 1, C4<00>, C4<0>, C4<0>, C4<0>;
v000001c9af5830e0_0 .net/2u *"_ivl_112", 1 0, L_000001c9af5ff648;  1 drivers
v000001c9af583180_0 .net *"_ivl_114", 9 0, L_000001c9af65b3e0;  1 drivers
v000001c9af583220_0 .net/s *"_ivl_116", 9 0, L_000001c9af65b8e0;  1 drivers
L_000001c9af5ff690 .functor BUFT 1, C4<0001111111>, C4<0>, C4<0>, C4<0>;
v000001c9af583720_0 .net/2s *"_ivl_118", 9 0, L_000001c9af5ff690;  1 drivers
v000001c9af583860_0 .net *"_ivl_127", 21 0, L_000001c9af659d60;  1 drivers
v000001c9af5ddbb0_0 .net *"_ivl_132", 0 0, L_000001c9af5f68b0;  1 drivers
v000001c9af5dd610_0 .net *"_ivl_135", 0 0, L_000001c9af659220;  1 drivers
v000001c9af5dd430_0 .net *"_ivl_136", 0 0, L_000001c9af5f6920;  1 drivers
L_000001c9af5ff0a8 .functor BUFT 1, C4<11111111>, C4<0>, C4<0>, C4<0>;
v000001c9af5dd4d0_0 .net/2u *"_ivl_14", 7 0, L_000001c9af5ff0a8;  1 drivers
v000001c9af5de6f0_0 .net *"_ivl_140", 24 0, L_000001c9af6595e0;  1 drivers
L_000001c9af5ff6d8 .functor BUFT 1, C4<0>, C4<0>, C4<0>, C4<0>;
v000001c9af5de790_0 .net *"_ivl_143", 0 0, L_000001c9af5ff6d8;  1 drivers
v000001c9af5dde30_0 .net *"_ivl_144", 24 0, L_000001c9af6590e0;  1 drivers
L_000001c9af5ff720 .functor BUFT 1, C4<000000000000000000000000>, C4<0>, C4<0>, C4<0>;
v000001c9af5dd2f0_0 .net *"_ivl_147", 23 0, L_000001c9af5ff720;  1 drivers
L_000001c9af5ff768 .functor BUFT 1, C4<0011111111>, C4<0>, C4<0>, C4<0>;
v000001c9af5dca30_0 .net/2s *"_ivl_150", 9 0, L_000001c9af5ff768;  1 drivers
L_000001c9af5ff7b0 .functor BUFT 1, C4<0000000000>, C4<0>, C4<0>, C4<0>;
v000001c9af5de5b0_0 .net/2s *"_ivl_154", 9 0, L_000001c9af5ff7b0;  1 drivers
L_000001c9af5ff7f8 .functor BUFT 1, C4<11111111>, C4<0>, C4<0>, C4<0>;
v000001c9af5de290_0 .net/2u *"_ivl_158", 7 0, L_000001c9af5ff7f8;  1 drivers
v000001c9af5dd570_0 .net *"_ivl_16", 0 0, L_000001c9af65b480;  1 drivers
L_000001c9af5ff840 .functor BUFT 1, C4<00000000000000000000000>, C4<0>, C4<0>, C4<0>;
v000001c9af5dc8f0_0 .net/2u *"_ivl_160", 22 0, L_000001c9af5ff840;  1 drivers
v000001c9af5dcb70_0 .net *"_ivl_162", 31 0, L_000001c9af65a620;  1 drivers
L_000001c9af5ff888 .functor BUFT 1, C4<0000000000000000000000000000000>, C4<0>, C4<0>, C4<0>;
v000001c9af5de010_0 .net/2u *"_ivl_164", 30 0, L_000001c9af5ff888;  1 drivers
v000001c9af5de650_0 .net *"_ivl_166", 31 0, L_000001c9af65af80;  1 drivers
v000001c9af5dc990_0 .net *"_ivl_169", 7 0, L_000001c9af65b020;  1 drivers
v000001c9af5ddd90_0 .net *"_ivl_171", 22 0, L_000001c9af6592c0;  1 drivers
v000001c9af5dd890_0 .net *"_ivl_172", 31 0, L_000001c9af658aa0;  1 drivers
v000001c9af5dcad0_0 .net *"_ivl_174", 31 0, L_000001c9af658c80;  1 drivers
L_000001c9af5ff0f0 .functor BUFT 1, C4<00000000000000000000000>, C4<0>, C4<0>, C4<0>;
v000001c9af5de330_0 .net/2u *"_ivl_18", 22 0, L_000001c9af5ff0f0;  1 drivers
v000001c9af5dcfd0_0 .net *"_ivl_20", 0 0, L_000001c9af65bde0;  1 drivers
L_000001c9af5ff138 .functor BUFT 1, C4<11111111>, C4<0>, C4<0>, C4<0>;
v000001c9af5dd6b0_0 .net/2u *"_ivl_24", 7 0, L_000001c9af5ff138;  1 drivers
v000001c9af5dd7f0_0 .net *"_ivl_26", 0 0, L_000001c9af65bac0;  1 drivers
L_000001c9af5ff180 .functor BUFT 1, C4<00000000000000000000000>, C4<0>, C4<0>, C4<0>;
v000001c9af5dcc10_0 .net/2u *"_ivl_28", 22 0, L_000001c9af5ff180;  1 drivers
v000001c9af5de3d0_0 .net *"_ivl_30", 0 0, L_000001c9af65b660;  1 drivers
L_000001c9af5ff1c8 .functor BUFT 1, C4<11111111>, C4<0>, C4<0>, C4<0>;
v000001c9af5dd750_0 .net/2u *"_ivl_34", 7 0, L_000001c9af5ff1c8;  1 drivers
v000001c9af5ddcf0_0 .net *"_ivl_36", 0 0, L_000001c9af65bc00;  1 drivers
L_000001c9af5ff210 .functor BUFT 1, C4<00000000000000000000000>, C4<0>, C4<0>, C4<0>;
v000001c9af5de0b0_0 .net/2u *"_ivl_38", 22 0, L_000001c9af5ff210;  1 drivers
v000001c9af5dccb0_0 .net *"_ivl_40", 0 0, L_000001c9af65be80;  1 drivers
L_000001c9af5ff258 .functor BUFT 1, C4<11111111>, C4<0>, C4<0>, C4<0>;
v000001c9af5dd930_0 .net/2u *"_ivl_44", 7 0, L_000001c9af5ff258;  1 drivers
v000001c9af5dd9d0_0 .net *"_ivl_46", 0 0, L_000001c9af65c600;  1 drivers
L_000001c9af5ff2a0 .functor BUFT 1, C4<00000000000000000000000>, C4<0>, C4<0>, C4<0>;
v000001c9af5dda70_0 .net/2u *"_ivl_48", 22 0, L_000001c9af5ff2a0;  1 drivers
v000001c9af5ddb10_0 .net *"_ivl_50", 0 0, L_000001c9af65bd40;  1 drivers
L_000001c9af5ff2e8 .functor BUFT 1, C4<00000000>, C4<0>, C4<0>, C4<0>;
v000001c9af5de470_0 .net/2u *"_ivl_54", 7 0, L_000001c9af5ff2e8;  1 drivers
L_000001c9af5ff330 .functor BUFT 1, C4<00000000>, C4<0>, C4<0>, C4<0>;
v000001c9af5ddc50_0 .net/2u *"_ivl_58", 7 0, L_000001c9af5ff330;  1 drivers
L_000001c9af5ff378 .functor BUFT 1, C4<1>, C4<0>, C4<0>, C4<0>;
v000001c9af5dded0_0 .net/2u *"_ivl_62", 0 0, L_000001c9af5ff378;  1 drivers
L_000001c9af5ff3c0 .functor BUFT 1, C4<1>, C4<0>, C4<0>, C4<0>;
v000001c9af5ddf70_0 .net/2u *"_ivl_66", 0 0, L_000001c9af5ff3c0;  1 drivers
v000001c9af5de150_0 .net *"_ivl_71", 11 0, L_000001c9af65c6a0;  1 drivers
L_000001c9af5ff408 .functor BUFT 1, C4<1>, C4<0>, C4<0>, C4<0>;
v000001c9af5dcd50_0 .net/2u *"_ivl_72", 0 0, L_000001c9af5ff408;  1 drivers
v000001c9af5de1f0_0 .net *"_ivl_74", 12 0, L_000001c9af65c060;  1 drivers
v000001c9af5dcdf0_0 .net *"_ivl_76", 23 0, L_000001c9af65b520;  1 drivers
L_000001c9af5ff450 .functor BUFT 1, C4<00000000000>, C4<0>, C4<0>, C4<0>;
v000001c9af5dce90_0 .net *"_ivl_79", 10 0, L_000001c9af5ff450;  1 drivers
v000001c9af5de510_0 .net *"_ivl_83", 11 0, L_000001c9af65c1a0;  1 drivers
L_000001c9af5ff498 .functor BUFT 1, C4<1>, C4<0>, C4<0>, C4<0>;
v000001c9af5dcf30_0 .net/2u *"_ivl_84", 0 0, L_000001c9af5ff498;  1 drivers
v000001c9af5dd390_0 .net *"_ivl_86", 12 0, L_000001c9af65c240;  1 drivers
v000001c9af5dd070_0 .net *"_ivl_88", 23 0, L_000001c9af65c2e0;  1 drivers
L_000001c9af5ff4e0 .functor BUFT 1, C4<00000000000>, C4<0>, C4<0>, C4<0>;
v000001c9af5dd110_0 .net *"_ivl_91", 10 0, L_000001c9af5ff4e0;  1 drivers
v000001c9af5dd1b0_0 .net *"_ivl_94", 25 0, L_000001c9af65c380;  1 drivers
L_000001c9af5ff528 .functor BUFT 1, C4<0000000000000>, C4<0>, C4<0>, C4<0>;
v000001c9af5dd250_0 .net *"_ivl_97", 12 0, L_000001c9af5ff528;  1 drivers
v000001c9af5f1780_0 .net *"_ivl_98", 25 0, L_000001c9af65b840;  1 drivers
v000001c9af5f0c40_0 .net "a", 31 0, v000001c9af5f9960_0;  1 drivers
v000001c9af5f1f00_0 .net "a_is_inf", 0 0, L_000001c9af5f6370;  1 drivers
v000001c9af5f0880_0 .net "a_is_nan", 0 0, L_000001c9af5f6530;  1 drivers
v000001c9af5f11e0_0 .net "a_is_zero", 0 0, L_000001c9af65bf20;  1 drivers
v000001c9af5f1640_0 .net "b", 31 0, v000001c9af5f9e60_0;  1 drivers
v000001c9af5f0b00_0 .net "b_is_inf", 0 0, L_000001c9af5f66f0;  1 drivers
v000001c9af5f1280_0 .net "b_is_nan", 0 0, L_000001c9af5f65a0;  1 drivers
v000001c9af5f0240_0 .net "b_is_zero", 0 0, L_000001c9af65c4c0;  1 drivers
v000001c9af5f1be0_0 .net "exp_a", 7 0, L_000001c9af65bfc0;  1 drivers
v000001c9af5f1820_0 .net "exp_b", 7 0, L_000001c9af65bb60;  1 drivers
v000001c9af5f1320_0 .net/s "exp_sum", 9 0, L_000001c9af65b980;  1 drivers
v000001c9af5f0100_0 .var/s "final_exp", 9 0;
v000001c9af5f0380_0 .var "final_mant", 23 0;
v000001c9af5f18c0_0 .net "frac_a", 22 0, L_000001c9af65b5c0;  1 drivers
v000001c9af5f1dc0_0 .net "frac_b", 22 0, L_000001c9af65b200;  1 drivers
v000001c9af5f01a0_0 .net "guard_bit", 0 0, L_000001c9af65ba20;  1 drivers
v000001c9af5f0420_0 .var "invalid", 0 0;
v000001c9af5f0920_0 .net "mant_a", 23 0, L_000001c9af65b0c0;  1 drivers
v000001c9af5f0ce0_0 .net "mant_a_comp", 12 0, L_000001c9af65c100;  1 drivers
v000001c9af5f09c0_0 .net "mant_b", 23 0, L_000001c9af65c740;  1 drivers
v000001c9af5f0a60_0 .net "mant_b_comp", 12 0, L_000001c9af65b2a0;  1 drivers
v000001c9af5f16e0_0 .net "mant_rounded", 24 0, L_000001c9af658e60;  1 drivers
v000001c9af5f0740_0 .net "mant_trunc", 23 0, L_000001c9af65ab20;  1 drivers
v000001c9af5f02e0_0 .var/s "norm_exp", 9 0;
v000001c9af5f1b40_0 .var "norm_product", 47 0;
v000001c9af5f13c0_0 .net "normal_overflow", 0 0, L_000001c9af659e00;  1 drivers
v000001c9af5f1500_0 .net "normal_result", 31 0, L_000001c9af65a9e0;  1 drivers
v000001c9af5f1c80_0 .net "normal_underflow", 0 0, L_000001c9af659400;  1 drivers
v000001c9af5f1e60_0 .var "overflow", 0 0;
v000001c9af5f0f60_0 .net "product", 47 0, L_000001c9af65b700;  1 drivers
v000001c9af5f0e20_0 .net "product_comp", 25 0, L_000001c9af65c560;  1 drivers
L_000001c9af5ff8d0 .functor BUFT 1, C4<01111111110000000000000000000000>, C4<0>, C4<0>, C4<0>;
v000001c9af5f0ba0_0 .net "qnan", 31 0, L_000001c9af5ff8d0;  1 drivers
v000001c9af5f1fa0_0 .var "result", 31 0;
v000001c9af5f04c0_0 .net "result_sign", 0 0, L_000001c9af5f6610;  1 drivers
v000001c9af5f1d20_0 .net "round_bit", 0 0, L_000001c9af659f40;  1 drivers
v000001c9af5f0ec0_0 .net "round_up", 0 0, L_000001c9af5f6bc0;  1 drivers
v000001c9af5f1460_0 .net "sign_a", 0 0, L_000001c9af65b7a0;  1 drivers
v000001c9af5f1000_0 .net "sign_b", 0 0, L_000001c9af65c420;  1 drivers
v000001c9af5f15a0_0 .net "sticky_bit", 0 0, L_000001c9af659ae0;  1 drivers
v000001c9af5f0560_0 .var "underflow", 0 0;
E_000001c9af57b850/0 .event anyedge, v000001c9af5f0880_0, v000001c9af5f1280_0, v000001c9af5f0ba0_0, v000001c9af5f1f00_0;
E_000001c9af57b850/1 .event anyedge, v000001c9af5f0240_0, v000001c9af5f11e0_0, v000001c9af5f0b00_0, v000001c9af5f04c0_0;
E_000001c9af57b850/2 .event anyedge, v000001c9af5f1500_0, v000001c9af5f13c0_0, v000001c9af5f1c80_0;
E_000001c9af57b850 .event/or E_000001c9af57b850/0, E_000001c9af57b850/1, E_000001c9af57b850/2;
E_000001c9af57b510 .event anyedge, v000001c9af5f16e0_0, v000001c9af5f02e0_0;
E_000001c9af57be90 .event anyedge, v000001c9af5f0f60_0, v000001c9af5f1320_0;
L_000001c9af65b7a0 .part v000001c9af5f9960_0, 31, 1;
L_000001c9af65bfc0 .part v000001c9af5f9960_0, 23, 8;
L_000001c9af65b5c0 .part v000001c9af5f9960_0, 0, 23;
L_000001c9af65c420 .part v000001c9af5f9e60_0, 31, 1;
L_000001c9af65bb60 .part v000001c9af5f9e60_0, 23, 8;
L_000001c9af65b200 .part v000001c9af5f9e60_0, 0, 23;
L_000001c9af65b480 .cmp/eq 8, L_000001c9af65bfc0, L_000001c9af5ff0a8;
L_000001c9af65bde0 .cmp/ne 23, L_000001c9af65b5c0, L_000001c9af5ff0f0;
L_000001c9af65bac0 .cmp/eq 8, L_000001c9af65bb60, L_000001c9af5ff138;
L_000001c9af65b660 .cmp/ne 23, L_000001c9af65b200, L_000001c9af5ff180;
L_000001c9af65bc00 .cmp/eq 8, L_000001c9af65bfc0, L_000001c9af5ff1c8;
L_000001c9af65be80 .cmp/eq 23, L_000001c9af65b5c0, L_000001c9af5ff210;
L_000001c9af65c600 .cmp/eq 8, L_000001c9af65bb60, L_000001c9af5ff258;
L_000001c9af65bd40 .cmp/eq 23, L_000001c9af65b200, L_000001c9af5ff2a0;
L_000001c9af65bf20 .cmp/eq 8, L_000001c9af65bfc0, L_000001c9af5ff2e8;
L_000001c9af65c4c0 .cmp/eq 8, L_000001c9af65bb60, L_000001c9af5ff330;
L_000001c9af65b0c0 .concat [ 23 1 0 0], L_000001c9af65b5c0, L_000001c9af5ff378;
L_000001c9af65c740 .concat [ 23 1 0 0], L_000001c9af65b200, L_000001c9af5ff3c0;
L_000001c9af65c6a0 .part L_000001c9af65b0c0, 12, 12;
L_000001c9af65c060 .concat [ 1 12 0 0], L_000001c9af5ff408, L_000001c9af65c6a0;
L_000001c9af65b520 .concat [ 13 11 0 0], L_000001c9af65c060, L_000001c9af5ff450;
L_000001c9af65c100 .part L_000001c9af65b520, 0, 13;
L_000001c9af65c1a0 .part L_000001c9af65c740, 12, 12;
L_000001c9af65c240 .concat [ 1 12 0 0], L_000001c9af5ff498, L_000001c9af65c1a0;
L_000001c9af65c2e0 .concat [ 13 11 0 0], L_000001c9af65c240, L_000001c9af5ff4e0;
L_000001c9af65b2a0 .part L_000001c9af65c2e0, 0, 13;
L_000001c9af65c380 .concat [ 13 13 0 0], L_000001c9af65c100, L_000001c9af5ff528;
L_000001c9af65b840 .concat [ 13 13 0 0], L_000001c9af65b2a0, L_000001c9af5ff570;
L_000001c9af65c560 .arith/mult 26, L_000001c9af65c380, L_000001c9af65b840;
L_000001c9af65b700 .concat [ 22 26 0 0], L_000001c9af5ff5b8, L_000001c9af65c560;
L_000001c9af65b340 .concat [ 8 2 0 0], L_000001c9af65bfc0, L_000001c9af5ff600;
L_000001c9af65b3e0 .concat [ 8 2 0 0], L_000001c9af65bb60, L_000001c9af5ff648;
L_000001c9af65b8e0 .arith/sum 10, L_000001c9af65b340, L_000001c9af65b3e0;
L_000001c9af65b980 .arith/sub 10, L_000001c9af65b8e0, L_000001c9af5ff690;
L_000001c9af65ba20 .part v000001c9af5f1b40_0, 23, 1;
L_000001c9af659f40 .part v000001c9af5f1b40_0, 22, 1;
L_000001c9af659d60 .part v000001c9af5f1b40_0, 0, 22;
L_000001c9af659ae0 .reduce/or L_000001c9af659d60;
L_000001c9af65ab20 .part v000001c9af5f1b40_0, 24, 24;
L_000001c9af659220 .part L_000001c9af65ab20, 0, 1;
L_000001c9af6595e0 .concat [ 24 1 0 0], L_000001c9af65ab20, L_000001c9af5ff6d8;
L_000001c9af6590e0 .concat [ 1 24 0 0], L_000001c9af5f6bc0, L_000001c9af5ff720;
L_000001c9af658e60 .arith/sum 25, L_000001c9af6595e0, L_000001c9af6590e0;
L_000001c9af659e00 .cmp/ge.s 10, v000001c9af5f0100_0, L_000001c9af5ff768;
L_000001c9af659400 .cmp/ge.s 10, L_000001c9af5ff7b0, v000001c9af5f0100_0;
L_000001c9af65a620 .concat [ 23 8 1 0], L_000001c9af5ff840, L_000001c9af5ff7f8, L_000001c9af5f6610;
L_000001c9af65af80 .concat [ 31 1 0 0], L_000001c9af5ff888, L_000001c9af5f6610;
L_000001c9af65b020 .part v000001c9af5f0100_0, 0, 8;
L_000001c9af6592c0 .part v000001c9af5f0380_0, 0, 23;
L_000001c9af658aa0 .concat [ 23 8 1 0], L_000001c9af6592c0, L_000001c9af65b020, L_000001c9af5f6610;
L_000001c9af658c80 .functor MUXZ 32, L_000001c9af658aa0, L_000001c9af65af80, L_000001c9af659400, C4<>;
L_000001c9af65a9e0 .functor MUXZ 32, L_000001c9af658c80, L_000001c9af65a620, L_000001c9af659e00, C4<>;
S_000001c9af593830 .scope module, "dut16" "fp_multiplier_approx_comp" 2 11, 3 24 0, S_000001c9af591700;
 .timescale -9 -12;
    .port_info 0 /INPUT 32 "a";
    .port_info 1 /INPUT 32 "b";
    .port_info 2 /OUTPUT 32 "result";
    .port_info 3 /OUTPUT 1 "overflow";
    .port_info 4 /OUTPUT 1 "underflow";
    .port_info 5 /OUTPUT 1 "invalid";
P_000001c9af5decc0 .param/l "COMP_W" 1 3 38, +C4<000000000000000000000000000010001>;
P_000001c9af5decf8 .param/l "DROP" 1 3 36, +C4<000000000000000000000000000001000>;
P_000001c9af5ded30 .param/l "MANT_BITS" 0 3 25, +C4<00000000000000000000000000010000>;
P_000001c9af5ded68 .param/l "SHIFT" 1 3 42, +C4<000000000000000000000000000000000000000000000000000000000000001110>;
L_000001c9af5f6d10 .functor XOR 1, L_000001c9af5fad60, L_000001c9af5f9aa0, C4<0>, C4<0>;
L_000001c9af5f6f40 .functor AND 1, L_000001c9af5f9fa0, L_000001c9af5f9c80, C4<1>, C4<1>;
L_000001c9af5f6a00 .functor AND 1, L_000001c9af5fb4e0, L_000001c9af5fb800, C4<1>, C4<1>;
L_000001c9af5f6840 .functor AND 1, L_000001c9af5fa040, L_000001c9af5fa7c0, C4<1>, C4<1>;
L_000001c9af5f6680 .functor AND 1, L_000001c9af5fa5e0, L_000001c9af5fa0e0, C4<1>, C4<1>;
L_000001c9af5f6c30 .functor OR 1, L_000001c9af5faf40, L_000001c9af5fa360, C4<0>, C4<0>;
L_000001c9af5f6760 .functor OR 1, L_000001c9af5f6c30, L_000001c9af5fb1c0, C4<0>, C4<0>;
L_000001c9af5f6300 .functor AND 1, L_000001c9af5fb120, L_000001c9af5f6760, C4<1>, C4<1>;
L_000001c9af5fed00 .functor BUFT 1, C4<00000000000000000>, C4<0>, C4<0>, C4<0>;
v000001c9af5f10a0_0 .net *"_ivl_101", 16 0, L_000001c9af5fed00;  1 drivers
L_000001c9af5fed48 .functor BUFT 1, C4<00000000000000>, C4<0>, C4<0>, C4<0>;
v000001c9af5f1960_0 .net/2u *"_ivl_104", 13 0, L_000001c9af5fed48;  1 drivers
L_000001c9af5fed90 .functor BUFT 1, C4<00>, C4<0>, C4<0>, C4<0>;
v000001c9af5f1a00_0 .net/2u *"_ivl_108", 1 0, L_000001c9af5fed90;  1 drivers
v000001c9af5f1aa0_0 .net *"_ivl_110", 9 0, L_000001c9af5fb760;  1 drivers
L_000001c9af5fedd8 .functor BUFT 1, C4<00>, C4<0>, C4<0>, C4<0>;
v000001c9af5f0600_0 .net/2u *"_ivl_112", 1 0, L_000001c9af5fedd8;  1 drivers
v000001c9af5f1140_0 .net *"_ivl_114", 9 0, L_000001c9af5fa220;  1 drivers
v000001c9af5f0d80_0 .net/s *"_ivl_116", 9 0, L_000001c9af5fb6c0;  1 drivers
L_000001c9af5fee20 .functor BUFT 1, C4<0001111111>, C4<0>, C4<0>, C4<0>;
v000001c9af5f06a0_0 .net/2s *"_ivl_118", 9 0, L_000001c9af5fee20;  1 drivers
v000001c9af5f07e0_0 .net *"_ivl_127", 21 0, L_000001c9af5fa2c0;  1 drivers
v000001c9af5f27f0_0 .net *"_ivl_132", 0 0, L_000001c9af5f6c30;  1 drivers
v000001c9af5f24d0_0 .net *"_ivl_135", 0 0, L_000001c9af5fb1c0;  1 drivers
v000001c9af5f33d0_0 .net *"_ivl_136", 0 0, L_000001c9af5f6760;  1 drivers
L_000001c9af5fe838 .functor BUFT 1, C4<11111111>, C4<0>, C4<0>, C4<0>;
v000001c9af5f3b50_0 .net/2u *"_ivl_14", 7 0, L_000001c9af5fe838;  1 drivers
v000001c9af5f31f0_0 .net *"_ivl_140", 24 0, L_000001c9af5f9780;  1 drivers
L_000001c9af5fee68 .functor BUFT 1, C4<0>, C4<0>, C4<0>, C4<0>;
v000001c9af5f2570_0 .net *"_ivl_143", 0 0, L_000001c9af5fee68;  1 drivers
v000001c9af5f3830_0 .net *"_ivl_144", 24 0, L_000001c9af5fa400;  1 drivers
L_000001c9af5feeb0 .functor BUFT 1, C4<000000000000000000000000>, C4<0>, C4<0>, C4<0>;
v000001c9af5f3150_0 .net *"_ivl_147", 23 0, L_000001c9af5feeb0;  1 drivers
L_000001c9af5feef8 .functor BUFT 1, C4<0011111111>, C4<0>, C4<0>, C4<0>;
v000001c9af5f3bf0_0 .net/2s *"_ivl_150", 9 0, L_000001c9af5feef8;  1 drivers
L_000001c9af5fef40 .functor BUFT 1, C4<0000000000>, C4<0>, C4<0>, C4<0>;
v000001c9af5f3290_0 .net/2s *"_ivl_154", 9 0, L_000001c9af5fef40;  1 drivers
L_000001c9af5fef88 .functor BUFT 1, C4<11111111>, C4<0>, C4<0>, C4<0>;
v000001c9af5f2e30_0 .net/2u *"_ivl_158", 7 0, L_000001c9af5fef88;  1 drivers
v000001c9af5f2750_0 .net *"_ivl_16", 0 0, L_000001c9af5f9fa0;  1 drivers
L_000001c9af5fefd0 .functor BUFT 1, C4<00000000000000000000000>, C4<0>, C4<0>, C4<0>;
v000001c9af5f3f10_0 .net/2u *"_ivl_160", 22 0, L_000001c9af5fefd0;  1 drivers
v000001c9af5f3c90_0 .net *"_ivl_162", 31 0, L_000001c9af5fa680;  1 drivers
L_000001c9af5ff018 .functor BUFT 1, C4<0000000000000000000000000000000>, C4<0>, C4<0>, C4<0>;
v000001c9af5f2250_0 .net/2u *"_ivl_164", 30 0, L_000001c9af5ff018;  1 drivers
v000001c9af5f38d0_0 .net *"_ivl_166", 31 0, L_000001c9af5f9460;  1 drivers
v000001c9af5f22f0_0 .net *"_ivl_169", 7 0, L_000001c9af5fafe0;  1 drivers
v000001c9af5f2430_0 .net *"_ivl_171", 22 0, L_000001c9af5fb080;  1 drivers
v000001c9af5f2610_0 .net *"_ivl_172", 31 0, L_000001c9af5f9820;  1 drivers
v000001c9af5f2a70_0 .net *"_ivl_174", 31 0, L_000001c9af65bca0;  1 drivers
L_000001c9af5fe880 .functor BUFT 1, C4<00000000000000000000000>, C4<0>, C4<0>, C4<0>;
v000001c9af5f26b0_0 .net/2u *"_ivl_18", 22 0, L_000001c9af5fe880;  1 drivers
v000001c9af5f3ab0_0 .net *"_ivl_20", 0 0, L_000001c9af5f9c80;  1 drivers
L_000001c9af5fe8c8 .functor BUFT 1, C4<11111111>, C4<0>, C4<0>, C4<0>;
v000001c9af5f2b10_0 .net/2u *"_ivl_24", 7 0, L_000001c9af5fe8c8;  1 drivers
v000001c9af5f3470_0 .net *"_ivl_26", 0 0, L_000001c9af5fb4e0;  1 drivers
L_000001c9af5fe910 .functor BUFT 1, C4<00000000000000000000000>, C4<0>, C4<0>, C4<0>;
v000001c9af5f2930_0 .net/2u *"_ivl_28", 22 0, L_000001c9af5fe910;  1 drivers
v000001c9af5f3d30_0 .net *"_ivl_30", 0 0, L_000001c9af5fb800;  1 drivers
L_000001c9af5fe958 .functor BUFT 1, C4<11111111>, C4<0>, C4<0>, C4<0>;
v000001c9af5f2f70_0 .net/2u *"_ivl_34", 7 0, L_000001c9af5fe958;  1 drivers
v000001c9af5f2390_0 .net *"_ivl_36", 0 0, L_000001c9af5fa040;  1 drivers
L_000001c9af5fe9a0 .functor BUFT 1, C4<00000000000000000000000>, C4<0>, C4<0>, C4<0>;
v000001c9af5f2890_0 .net/2u *"_ivl_38", 22 0, L_000001c9af5fe9a0;  1 drivers
v000001c9af5f3a10_0 .net *"_ivl_40", 0 0, L_000001c9af5fa7c0;  1 drivers
L_000001c9af5fe9e8 .functor BUFT 1, C4<11111111>, C4<0>, C4<0>, C4<0>;
v000001c9af5f3510_0 .net/2u *"_ivl_44", 7 0, L_000001c9af5fe9e8;  1 drivers
v000001c9af5f3650_0 .net *"_ivl_46", 0 0, L_000001c9af5fa5e0;  1 drivers
L_000001c9af5fea30 .functor BUFT 1, C4<00000000000000000000000>, C4<0>, C4<0>, C4<0>;
v000001c9af5f3790_0 .net/2u *"_ivl_48", 22 0, L_000001c9af5fea30;  1 drivers
v000001c9af5f2c50_0 .net *"_ivl_50", 0 0, L_000001c9af5fa0e0;  1 drivers
L_000001c9af5fea78 .functor BUFT 1, C4<00000000>, C4<0>, C4<0>, C4<0>;
v000001c9af5f29d0_0 .net/2u *"_ivl_54", 7 0, L_000001c9af5fea78;  1 drivers
L_000001c9af5feac0 .functor BUFT 1, C4<00000000>, C4<0>, C4<0>, C4<0>;
v000001c9af5f2bb0_0 .net/2u *"_ivl_58", 7 0, L_000001c9af5feac0;  1 drivers
L_000001c9af5feb08 .functor BUFT 1, C4<1>, C4<0>, C4<0>, C4<0>;
v000001c9af5f2cf0_0 .net/2u *"_ivl_62", 0 0, L_000001c9af5feb08;  1 drivers
L_000001c9af5feb50 .functor BUFT 1, C4<1>, C4<0>, C4<0>, C4<0>;
v000001c9af5f2d90_0 .net/2u *"_ivl_66", 0 0, L_000001c9af5feb50;  1 drivers
v000001c9af5f3330_0 .net *"_ivl_71", 15 0, L_000001c9af5fb620;  1 drivers
L_000001c9af5feb98 .functor BUFT 1, C4<1>, C4<0>, C4<0>, C4<0>;
v000001c9af5f2ed0_0 .net/2u *"_ivl_72", 0 0, L_000001c9af5feb98;  1 drivers
v000001c9af5f3010_0 .net *"_ivl_74", 16 0, L_000001c9af5faae0;  1 drivers
v000001c9af5f3970_0 .net *"_ivl_76", 23 0, L_000001c9af5fb9e0;  1 drivers
L_000001c9af5febe0 .functor BUFT 1, C4<0000000>, C4<0>, C4<0>, C4<0>;
v000001c9af5f30b0_0 .net *"_ivl_79", 6 0, L_000001c9af5febe0;  1 drivers
v000001c9af5f35b0_0 .net *"_ivl_83", 15 0, L_000001c9af5fac20;  1 drivers
L_000001c9af5fec28 .functor BUFT 1, C4<1>, C4<0>, C4<0>, C4<0>;
v000001c9af5f36f0_0 .net/2u *"_ivl_84", 0 0, L_000001c9af5fec28;  1 drivers
v000001c9af5f3dd0_0 .net *"_ivl_86", 16 0, L_000001c9af5fbb20;  1 drivers
v000001c9af5f2110_0 .net *"_ivl_88", 23 0, L_000001c9af5f9dc0;  1 drivers
L_000001c9af5fec70 .functor BUFT 1, C4<0000000>, C4<0>, C4<0>, C4<0>;
v000001c9af5f3e70_0 .net *"_ivl_91", 6 0, L_000001c9af5fec70;  1 drivers
v000001c9af5f3fb0_0 .net *"_ivl_94", 33 0, L_000001c9af5facc0;  1 drivers
L_000001c9af5fecb8 .functor BUFT 1, C4<00000000000000000>, C4<0>, C4<0>, C4<0>;
v000001c9af5f21b0_0 .net *"_ivl_97", 16 0, L_000001c9af5fecb8;  1 drivers
v000001c9af5f41c0_0 .net *"_ivl_98", 33 0, L_000001c9af5fa180;  1 drivers
v000001c9af5f44e0_0 .net "a", 31 0, v000001c9af5f9960_0;  alias, 1 drivers
v000001c9af5f5020_0 .net "a_is_inf", 0 0, L_000001c9af5f6840;  1 drivers
v000001c9af5f4d00_0 .net "a_is_nan", 0 0, L_000001c9af5f6f40;  1 drivers
v000001c9af5f5f20_0 .net "a_is_zero", 0 0, L_000001c9af5fb940;  1 drivers
v000001c9af5f55c0_0 .net "b", 31 0, v000001c9af5f9e60_0;  alias, 1 drivers
v000001c9af5f48a0_0 .net "b_is_inf", 0 0, L_000001c9af5f6680;  1 drivers
v000001c9af5f5c00_0 .net "b_is_nan", 0 0, L_000001c9af5f6a00;  1 drivers
v000001c9af5f4580_0 .net "b_is_zero", 0 0, L_000001c9af5f96e0;  1 drivers
v000001c9af5f58e0_0 .net "exp_a", 7 0, L_000001c9af5faa40;  1 drivers
v000001c9af5f53e0_0 .net "exp_b", 7 0, L_000001c9af5f9640;  1 drivers
v000001c9af5f4da0_0 .net/s "exp_sum", 9 0, L_000001c9af5fb8a0;  1 drivers
v000001c9af5f4e40_0 .var/s "final_exp", 9 0;
v000001c9af5f4ee0_0 .var "final_mant", 23 0;
v000001c9af5f5340_0 .net "frac_a", 22 0, L_000001c9af5fb440;  1 drivers
v000001c9af5f5700_0 .net "frac_b", 22 0, L_000001c9af5f9b40;  1 drivers
v000001c9af5f5980_0 .net "guard_bit", 0 0, L_000001c9af5fb120;  1 drivers
v000001c9af5f49e0_0 .var "invalid", 0 0;
v000001c9af5f5a20_0 .net "mant_a", 23 0, L_000001c9af5fb580;  1 drivers
v000001c9af5f4120_0 .net "mant_a_comp", 16 0, L_000001c9af5f9d20;  1 drivers
v000001c9af5f5ac0_0 .net "mant_b", 23 0, L_000001c9af5f9be0;  1 drivers
v000001c9af5f5b60_0 .net "mant_b_comp", 16 0, L_000001c9af5fb300;  1 drivers
v000001c9af5f4620_0 .net "mant_rounded", 24 0, L_000001c9af5fbbc0;  1 drivers
v000001c9af5f50c0_0 .net "mant_trunc", 23 0, L_000001c9af5fae00;  1 drivers
v000001c9af5f4f80_0 .var/s "norm_exp", 9 0;
v000001c9af5f5ca0_0 .var "norm_product", 47 0;
v000001c9af5f5d40_0 .net "normal_overflow", 0 0, L_000001c9af5faea0;  1 drivers
v000001c9af5f5de0_0 .net "normal_result", 31 0, L_000001c9af65b160;  1 drivers
v000001c9af5f4940_0 .net "normal_underflow", 0 0, L_000001c9af5fa4a0;  1 drivers
v000001c9af5f4b20_0 .var "overflow", 0 0;
v000001c9af5f52a0_0 .net "product", 47 0, L_000001c9af5fb260;  1 drivers
v000001c9af5f57a0_0 .net "product_comp", 33 0, L_000001c9af5fba80;  1 drivers
L_000001c9af5ff060 .functor BUFT 1, C4<01111111110000000000000000000000>, C4<0>, C4<0>, C4<0>;
v000001c9af5f46c0_0 .net "qnan", 31 0, L_000001c9af5ff060;  1 drivers
v000001c9af5f5e80_0 .var "result", 31 0;
v000001c9af5f5200_0 .net "result_sign", 0 0, L_000001c9af5f6d10;  1 drivers
v000001c9af5f5160_0 .net "round_bit", 0 0, L_000001c9af5faf40;  1 drivers
v000001c9af5f5660_0 .net "round_up", 0 0, L_000001c9af5f6300;  1 drivers
v000001c9af5f5fc0_0 .net "sign_a", 0 0, L_000001c9af5fad60;  1 drivers
v000001c9af5f5480_0 .net "sign_b", 0 0, L_000001c9af5f9aa0;  1 drivers
v000001c9af5f4760_0 .net "sticky_bit", 0 0, L_000001c9af5fa360;  1 drivers
v000001c9af5f4800_0 .var "underflow", 0 0;
E_000001c9af57b950/0 .event anyedge, v000001c9af5f4d00_0, v000001c9af5f5c00_0, v000001c9af5f46c0_0, v000001c9af5f5020_0;
E_000001c9af57b950/1 .event anyedge, v000001c9af5f4580_0, v000001c9af5f5f20_0, v000001c9af5f48a0_0, v000001c9af5f5200_0;
E_000001c9af57b950/2 .event anyedge, v000001c9af5f5de0_0, v000001c9af5f5d40_0, v000001c9af5f4940_0;
E_000001c9af57b950 .event/or E_000001c9af57b950/0, E_000001c9af57b950/1, E_000001c9af57b950/2;
E_000001c9af57ba10 .event anyedge, v000001c9af5f4620_0, v000001c9af5f4f80_0;
E_000001c9af57b550 .event anyedge, v000001c9af5f52a0_0, v000001c9af5f4da0_0;
L_000001c9af5fad60 .part v000001c9af5f9960_0, 31, 1;
L_000001c9af5faa40 .part v000001c9af5f9960_0, 23, 8;
L_000001c9af5fb440 .part v000001c9af5f9960_0, 0, 23;
L_000001c9af5f9aa0 .part v000001c9af5f9e60_0, 31, 1;
L_000001c9af5f9640 .part v000001c9af5f9e60_0, 23, 8;
L_000001c9af5f9b40 .part v000001c9af5f9e60_0, 0, 23;
L_000001c9af5f9fa0 .cmp/eq 8, L_000001c9af5faa40, L_000001c9af5fe838;
L_000001c9af5f9c80 .cmp/ne 23, L_000001c9af5fb440, L_000001c9af5fe880;
L_000001c9af5fb4e0 .cmp/eq 8, L_000001c9af5f9640, L_000001c9af5fe8c8;
L_000001c9af5fb800 .cmp/ne 23, L_000001c9af5f9b40, L_000001c9af5fe910;
L_000001c9af5fa040 .cmp/eq 8, L_000001c9af5faa40, L_000001c9af5fe958;
L_000001c9af5fa7c0 .cmp/eq 23, L_000001c9af5fb440, L_000001c9af5fe9a0;
L_000001c9af5fa5e0 .cmp/eq 8, L_000001c9af5f9640, L_000001c9af5fe9e8;
L_000001c9af5fa0e0 .cmp/eq 23, L_000001c9af5f9b40, L_000001c9af5fea30;
L_000001c9af5fb940 .cmp/eq 8, L_000001c9af5faa40, L_000001c9af5fea78;
L_000001c9af5f96e0 .cmp/eq 8, L_000001c9af5f9640, L_000001c9af5feac0;
L_000001c9af5fb580 .concat [ 23 1 0 0], L_000001c9af5fb440, L_000001c9af5feb08;
L_000001c9af5f9be0 .concat [ 23 1 0 0], L_000001c9af5f9b40, L_000001c9af5feb50;
L_000001c9af5fb620 .part L_000001c9af5fb580, 8, 16;
L_000001c9af5faae0 .concat [ 1 16 0 0], L_000001c9af5feb98, L_000001c9af5fb620;
L_000001c9af5fb9e0 .concat [ 17 7 0 0], L_000001c9af5faae0, L_000001c9af5febe0;
L_000001c9af5f9d20 .part L_000001c9af5fb9e0, 0, 17;
L_000001c9af5fac20 .part L_000001c9af5f9be0, 8, 16;
L_000001c9af5fbb20 .concat [ 1 16 0 0], L_000001c9af5fec28, L_000001c9af5fac20;
L_000001c9af5f9dc0 .concat [ 17 7 0 0], L_000001c9af5fbb20, L_000001c9af5fec70;
L_000001c9af5fb300 .part L_000001c9af5f9dc0, 0, 17;
L_000001c9af5facc0 .concat [ 17 17 0 0], L_000001c9af5f9d20, L_000001c9af5fecb8;
L_000001c9af5fa180 .concat [ 17 17 0 0], L_000001c9af5fb300, L_000001c9af5fed00;
L_000001c9af5fba80 .arith/mult 34, L_000001c9af5facc0, L_000001c9af5fa180;
L_000001c9af5fb260 .concat [ 14 34 0 0], L_000001c9af5fed48, L_000001c9af5fba80;
L_000001c9af5fb760 .concat [ 8 2 0 0], L_000001c9af5faa40, L_000001c9af5fed90;
L_000001c9af5fa220 .concat [ 8 2 0 0], L_000001c9af5f9640, L_000001c9af5fedd8;
L_000001c9af5fb6c0 .arith/sum 10, L_000001c9af5fb760, L_000001c9af5fa220;
L_000001c9af5fb8a0 .arith/sub 10, L_000001c9af5fb6c0, L_000001c9af5fee20;
L_000001c9af5fb120 .part v000001c9af5f5ca0_0, 23, 1;
L_000001c9af5faf40 .part v000001c9af5f5ca0_0, 22, 1;
L_000001c9af5fa2c0 .part v000001c9af5f5ca0_0, 0, 22;
L_000001c9af5fa360 .reduce/or L_000001c9af5fa2c0;
L_000001c9af5fae00 .part v000001c9af5f5ca0_0, 24, 24;
L_000001c9af5fb1c0 .part L_000001c9af5fae00, 0, 1;
L_000001c9af5f9780 .concat [ 24 1 0 0], L_000001c9af5fae00, L_000001c9af5fee68;
L_000001c9af5fa400 .concat [ 1 24 0 0], L_000001c9af5f6300, L_000001c9af5feeb0;
L_000001c9af5fbbc0 .arith/sum 25, L_000001c9af5f9780, L_000001c9af5fa400;
L_000001c9af5faea0 .cmp/ge.s 10, v000001c9af5f4e40_0, L_000001c9af5feef8;
L_000001c9af5fa4a0 .cmp/ge.s 10, L_000001c9af5fef40, v000001c9af5f4e40_0;
L_000001c9af5fa680 .concat [ 23 8 1 0], L_000001c9af5fefd0, L_000001c9af5fef88, L_000001c9af5f6d10;
L_000001c9af5f9460 .concat [ 31 1 0 0], L_000001c9af5ff018, L_000001c9af5f6d10;
L_000001c9af5fafe0 .part v000001c9af5f4e40_0, 0, 8;
L_000001c9af5fb080 .part v000001c9af5f4ee0_0, 0, 23;
L_000001c9af5f9820 .concat [ 23 8 1 0], L_000001c9af5fb080, L_000001c9af5fafe0, L_000001c9af5f6d10;
L_000001c9af65bca0 .functor MUXZ 32, L_000001c9af5f9820, L_000001c9af5f9460, L_000001c9af5fa4a0, C4<>;
L_000001c9af65b160 .functor MUXZ 32, L_000001c9af65bca0, L_000001c9af5fa680, L_000001c9af5faea0, C4<>;
S_000001c9af5dedb0 .scope module, "dut8" "fp_multiplier_approx_comp" 2 13, 3 24 0, S_000001c9af591700;
 .timescale -9 -12;
    .port_info 0 /INPUT 32 "a";
    .port_info 1 /INPUT 32 "b";
    .port_info 2 /OUTPUT 32 "result";
    .port_info 3 /OUTPUT 1 "overflow";
    .port_info 4 /OUTPUT 1 "underflow";
    .port_info 5 /OUTPUT 1 "invalid";
P_000001c9af5f60e0 .param/l "COMP_W" 1 3 38, +C4<000000000000000000000000000001001>;
P_000001c9af5f6118 .param/l "DROP" 1 3 36, +C4<000000000000000000000000000010000>;
P_000001c9af5f6150 .param/l "MANT_BITS" 0 3 25, +C4<00000000000000000000000000001000>;
P_000001c9af5f6188 .param/l "SHIFT" 1 3 42, +C4<000000000000000000000000000000000000000000000000000000000000011110>;
L_000001c9af5f63e0 .functor XOR 1, L_000001c9af65a6c0, L_000001c9af659360, C4<0>, C4<0>;
L_000001c9af5f6a70 .functor AND 1, L_000001c9af65aee0, L_000001c9af65a3a0, C4<1>, C4<1>;
L_000001c9af5f6ae0 .functor AND 1, L_000001c9af65a580, L_000001c9af6588c0, C4<1>, C4<1>;
L_000001c9af5f6b50 .functor AND 1, L_000001c9af65a080, L_000001c9af658a00, C4<1>, C4<1>;
L_000001c9af5f6d80 .functor AND 1, L_000001c9af65a120, L_000001c9af6594a0, C4<1>, C4<1>;
L_000001c9af5f6ca0 .functor OR 1, L_000001c9af659860, L_000001c9af6597c0, C4<0>, C4<0>;
L_000001c9af5f67d0 .functor OR 1, L_000001c9af5f6ca0, L_000001c9af65aa80, C4<0>, C4<0>;
L_000001c9af5f6fb0 .functor AND 1, L_000001c9af659900, L_000001c9af5f67d0, C4<1>, C4<1>;
L_000001c9af5ffde0 .functor BUFT 1, C4<000000000>, C4<0>, C4<0>, C4<0>;
v000001c9af5f5520_0 .net *"_ivl_101", 8 0, L_000001c9af5ffde0;  1 drivers
L_000001c9af5ffe28 .functor BUFT 1, C4<000000000000000000000000000000>, C4<0>, C4<0>, C4<0>;
v000001c9af5f4bc0_0 .net/2u *"_ivl_104", 29 0, L_000001c9af5ffe28;  1 drivers
L_000001c9af5ffe70 .functor BUFT 1, C4<00>, C4<0>, C4<0>, C4<0>;
v000001c9af5f4260_0 .net/2u *"_ivl_108", 1 0, L_000001c9af5ffe70;  1 drivers
v000001c9af5f4a80_0 .net *"_ivl_110", 9 0, L_000001c9af658960;  1 drivers
L_000001c9af5ffeb8 .functor BUFT 1, C4<00>, C4<0>, C4<0>, C4<0>;
v000001c9af5f4c60_0 .net/2u *"_ivl_112", 1 0, L_000001c9af5ffeb8;  1 drivers
v000001c9af5f43a0_0 .net *"_ivl_114", 9 0, L_000001c9af659540;  1 drivers
v000001c9af5f4300_0 .net/s *"_ivl_116", 9 0, L_000001c9af658fa0;  1 drivers
L_000001c9af5fff00 .functor BUFT 1, C4<0001111111>, C4<0>, C4<0>, C4<0>;
v000001c9af5f4440_0 .net/2s *"_ivl_118", 9 0, L_000001c9af5fff00;  1 drivers
v000001c9af5f5840_0 .net *"_ivl_127", 21 0, L_000001c9af659180;  1 drivers
v000001c9af5f8db0_0 .net *"_ivl_132", 0 0, L_000001c9af5f6ca0;  1 drivers
v000001c9af5f8270_0 .net *"_ivl_135", 0 0, L_000001c9af65aa80;  1 drivers
v000001c9af5f7870_0 .net *"_ivl_136", 0 0, L_000001c9af5f67d0;  1 drivers
L_000001c9af5ff918 .functor BUFT 1, C4<11111111>, C4<0>, C4<0>, C4<0>;
v000001c9af5f7550_0 .net/2u *"_ivl_14", 7 0, L_000001c9af5ff918;  1 drivers
v000001c9af5f8450_0 .net *"_ivl_140", 24 0, L_000001c9af659a40;  1 drivers
L_000001c9af5fff48 .functor BUFT 1, C4<0>, C4<0>, C4<0>, C4<0>;
v000001c9af5f8bd0_0 .net *"_ivl_143", 0 0, L_000001c9af5fff48;  1 drivers
v000001c9af5f8c70_0 .net *"_ivl_144", 24 0, L_000001c9af659c20;  1 drivers
L_000001c9af5fff90 .functor BUFT 1, C4<000000000000000000000000>, C4<0>, C4<0>, C4<0>;
v000001c9af5f7a50_0 .net *"_ivl_147", 23 0, L_000001c9af5fff90;  1 drivers
L_000001c9af5fffd8 .functor BUFT 1, C4<0011111111>, C4<0>, C4<0>, C4<0>;
v000001c9af5f75f0_0 .net/2s *"_ivl_150", 9 0, L_000001c9af5fffd8;  1 drivers
L_000001c9af600020 .functor BUFT 1, C4<0000000000>, C4<0>, C4<0>, C4<0>;
v000001c9af5f7690_0 .net/2s *"_ivl_154", 9 0, L_000001c9af600020;  1 drivers
L_000001c9af600068 .functor BUFT 1, C4<11111111>, C4<0>, C4<0>, C4<0>;
v000001c9af5f7910_0 .net/2u *"_ivl_158", 7 0, L_000001c9af600068;  1 drivers
v000001c9af5f8b30_0 .net *"_ivl_16", 0 0, L_000001c9af65aee0;  1 drivers
L_000001c9af6000b0 .functor BUFT 1, C4<00000000000000000000000>, C4<0>, C4<0>, C4<0>;
v000001c9af5f8590_0 .net/2u *"_ivl_160", 22 0, L_000001c9af6000b0;  1 drivers
v000001c9af5f8770_0 .net *"_ivl_162", 31 0, L_000001c9af65ac60;  1 drivers
L_000001c9af6000f8 .functor BUFT 1, C4<0000000000000000000000000000000>, C4<0>, C4<0>, C4<0>;
v000001c9af5f79b0_0 .net/2u *"_ivl_164", 30 0, L_000001c9af6000f8;  1 drivers
v000001c9af5f7cd0_0 .net *"_ivl_166", 31 0, L_000001c9af65ae40;  1 drivers
v000001c9af5f8810_0 .net *"_ivl_169", 7 0, L_000001c9af6652a0;  1 drivers
v000001c9af5f8310_0 .net *"_ivl_171", 22 0, L_000001c9af665340;  1 drivers
v000001c9af5f8ef0_0 .net *"_ivl_172", 31 0, L_000001c9af665b60;  1 drivers
v000001c9af5f8a90_0 .net *"_ivl_174", 31 0, L_000001c9af665ac0;  1 drivers
L_000001c9af5ff960 .functor BUFT 1, C4<00000000000000000000000>, C4<0>, C4<0>, C4<0>;
v000001c9af5f7370_0 .net/2u *"_ivl_18", 22 0, L_000001c9af5ff960;  1 drivers
v000001c9af5f8f90_0 .net *"_ivl_20", 0 0, L_000001c9af65a3a0;  1 drivers
L_000001c9af5ff9a8 .functor BUFT 1, C4<11111111>, C4<0>, C4<0>, C4<0>;
v000001c9af5f88b0_0 .net/2u *"_ivl_24", 7 0, L_000001c9af5ff9a8;  1 drivers
v000001c9af5f84f0_0 .net *"_ivl_26", 0 0, L_000001c9af65a580;  1 drivers
L_000001c9af5ff9f0 .functor BUFT 1, C4<00000000000000000000000>, C4<0>, C4<0>, C4<0>;
v000001c9af5f7d70_0 .net/2u *"_ivl_28", 22 0, L_000001c9af5ff9f0;  1 drivers
v000001c9af5f7730_0 .net *"_ivl_30", 0 0, L_000001c9af6588c0;  1 drivers
L_000001c9af5ffa38 .functor BUFT 1, C4<11111111>, C4<0>, C4<0>, C4<0>;
v000001c9af5f72d0_0 .net/2u *"_ivl_34", 7 0, L_000001c9af5ffa38;  1 drivers
v000001c9af5f7410_0 .net *"_ivl_36", 0 0, L_000001c9af65a080;  1 drivers
L_000001c9af5ffa80 .functor BUFT 1, C4<00000000000000000000000>, C4<0>, C4<0>, C4<0>;
v000001c9af5f8e50_0 .net/2u *"_ivl_38", 22 0, L_000001c9af5ffa80;  1 drivers
v000001c9af5f7230_0 .net *"_ivl_40", 0 0, L_000001c9af658a00;  1 drivers
L_000001c9af5ffac8 .functor BUFT 1, C4<11111111>, C4<0>, C4<0>, C4<0>;
v000001c9af5f77d0_0 .net/2u *"_ivl_44", 7 0, L_000001c9af5ffac8;  1 drivers
v000001c9af5f74b0_0 .net *"_ivl_46", 0 0, L_000001c9af65a120;  1 drivers
L_000001c9af5ffb10 .functor BUFT 1, C4<00000000000000000000000>, C4<0>, C4<0>, C4<0>;
v000001c9af5f8950_0 .net/2u *"_ivl_48", 22 0, L_000001c9af5ffb10;  1 drivers
v000001c9af5f7af0_0 .net *"_ivl_50", 0 0, L_000001c9af6594a0;  1 drivers
L_000001c9af5ffb58 .functor BUFT 1, C4<00000000>, C4<0>, C4<0>, C4<0>;
v000001c9af5f7c30_0 .net/2u *"_ivl_54", 7 0, L_000001c9af5ffb58;  1 drivers
L_000001c9af5ffba0 .functor BUFT 1, C4<00000000>, C4<0>, C4<0>, C4<0>;
v000001c9af5f7f50_0 .net/2u *"_ivl_58", 7 0, L_000001c9af5ffba0;  1 drivers
L_000001c9af5ffbe8 .functor BUFT 1, C4<1>, C4<0>, C4<0>, C4<0>;
v000001c9af5f8d10_0 .net/2u *"_ivl_62", 0 0, L_000001c9af5ffbe8;  1 drivers
L_000001c9af5ffc30 .functor BUFT 1, C4<1>, C4<0>, C4<0>, C4<0>;
v000001c9af5f83b0_0 .net/2u *"_ivl_66", 0 0, L_000001c9af5ffc30;  1 drivers
v000001c9af5f9030_0 .net *"_ivl_71", 7 0, L_000001c9af658b40;  1 drivers
L_000001c9af5ffc78 .functor BUFT 1, C4<1>, C4<0>, C4<0>, C4<0>;
v000001c9af5f8630_0 .net/2u *"_ivl_72", 0 0, L_000001c9af5ffc78;  1 drivers
v000001c9af5f90d0_0 .net *"_ivl_74", 8 0, L_000001c9af65a260;  1 drivers
v000001c9af5f7b90_0 .net *"_ivl_76", 23 0, L_000001c9af65ada0;  1 drivers
L_000001c9af5ffcc0 .functor BUFT 1, C4<000000000000000>, C4<0>, C4<0>, C4<0>;
v000001c9af5f7e10_0 .net *"_ivl_79", 14 0, L_000001c9af5ffcc0;  1 drivers
v000001c9af5f7eb0_0 .net *"_ivl_83", 7 0, L_000001c9af659040;  1 drivers
L_000001c9af5ffd08 .functor BUFT 1, C4<1>, C4<0>, C4<0>, C4<0>;
v000001c9af5f7ff0_0 .net/2u *"_ivl_84", 0 0, L_000001c9af5ffd08;  1 drivers
v000001c9af5f8090_0 .net *"_ivl_86", 8 0, L_000001c9af65a440;  1 drivers
v000001c9af5f8130_0 .net *"_ivl_88", 23 0, L_000001c9af658f00;  1 drivers
L_000001c9af5ffd50 .functor BUFT 1, C4<000000000000000>, C4<0>, C4<0>, C4<0>;
v000001c9af5f81d0_0 .net *"_ivl_91", 14 0, L_000001c9af5ffd50;  1 drivers
v000001c9af5f86d0_0 .net *"_ivl_94", 17 0, L_000001c9af65ad00;  1 drivers
L_000001c9af5ffd98 .functor BUFT 1, C4<000000000>, C4<0>, C4<0>, C4<0>;
v000001c9af5f89f0_0 .net *"_ivl_97", 8 0, L_000001c9af5ffd98;  1 drivers
v000001c9af5fc8e0_0 .net *"_ivl_98", 17 0, L_000001c9af658be0;  1 drivers
v000001c9af5fcde0_0 .net "a", 31 0, v000001c9af5f9960_0;  alias, 1 drivers
v000001c9af5fcb60_0 .net "a_is_inf", 0 0, L_000001c9af5f6b50;  1 drivers
v000001c9af5fbda0_0 .net "a_is_nan", 0 0, L_000001c9af5f6a70;  1 drivers
v000001c9af5fc160_0 .net "a_is_zero", 0 0, L_000001c9af65a1c0;  1 drivers
v000001c9af5fc0c0_0 .net "b", 31 0, v000001c9af5f9e60_0;  alias, 1 drivers
v000001c9af5fc2a0_0 .net "b_is_inf", 0 0, L_000001c9af5f6d80;  1 drivers
v000001c9af5fce80_0 .net "b_is_nan", 0 0, L_000001c9af5f6ae0;  1 drivers
v000001c9af5fcc00_0 .net "b_is_zero", 0 0, L_000001c9af659b80;  1 drivers
v000001c9af5fcca0_0 .net "exp_a", 7 0, L_000001c9af658d20;  1 drivers
v000001c9af5fc020_0 .net "exp_b", 7 0, L_000001c9af65a8a0;  1 drivers
v000001c9af5fc340_0 .net/s "exp_sum", 9 0, L_000001c9af659720;  1 drivers
v000001c9af5fbd00_0 .var/s "final_exp", 9 0;
v000001c9af5fc3e0_0 .var "final_mant", 23 0;
v000001c9af5fc700_0 .net "frac_a", 22 0, L_000001c9af658dc0;  1 drivers
v000001c9af5fcd40_0 .net "frac_b", 22 0, L_000001c9af6599a0;  1 drivers
v000001c9af5fc200_0 .net "guard_bit", 0 0, L_000001c9af659900;  1 drivers
v000001c9af5fbe40_0 .var "invalid", 0 0;
v000001c9af5fd060_0 .net "mant_a", 23 0, L_000001c9af65a300;  1 drivers
v000001c9af5fc660_0 .net "mant_a_comp", 8 0, L_000001c9af659680;  1 drivers
v000001c9af5fc480_0 .net "mant_b", 23 0, L_000001c9af659ea0;  1 drivers
v000001c9af5fc520_0 .net "mant_b_comp", 8 0, L_000001c9af65a940;  1 drivers
v000001c9af5fc5c0_0 .net "mant_rounded", 24 0, L_000001c9af659cc0;  1 drivers
v000001c9af5fc7a0_0 .net "mant_trunc", 23 0, L_000001c9af65a800;  1 drivers
v000001c9af5fcac0_0 .var/s "norm_exp", 9 0;
v000001c9af5fc840_0 .var "norm_product", 47 0;
v000001c9af5fc980_0 .net "normal_overflow", 0 0, L_000001c9af65abc0;  1 drivers
v000001c9af5fca20_0 .net "normal_result", 31 0, L_000001c9af666a60;  1 drivers
v000001c9af5fcf20_0 .net "normal_underflow", 0 0, L_000001c9af659fe0;  1 drivers
v000001c9af5fcfc0_0 .var "overflow", 0 0;
v000001c9af5fbee0_0 .net "product", 47 0, L_000001c9af65a760;  1 drivers
v000001c9af5fd100_0 .net "product_comp", 17 0, L_000001c9af65a4e0;  1 drivers
L_000001c9af600140 .functor BUFT 1, C4<01111111110000000000000000000000>, C4<0>, C4<0>, C4<0>;
v000001c9af5fbf80_0 .net "qnan", 31 0, L_000001c9af600140;  1 drivers
v000001c9af5fd1a0_0 .var "result", 31 0;
v000001c9af5fd240_0 .net "result_sign", 0 0, L_000001c9af5f63e0;  1 drivers
v000001c9af5fd2e0_0 .net "round_bit", 0 0, L_000001c9af659860;  1 drivers
v000001c9af5fbc60_0 .net "round_up", 0 0, L_000001c9af5f6fb0;  1 drivers
v000001c9af5fa540_0 .net "sign_a", 0 0, L_000001c9af65a6c0;  1 drivers
v000001c9af5fa860_0 .net "sign_b", 0 0, L_000001c9af659360;  1 drivers
v000001c9af5fb3a0_0 .net "sticky_bit", 0 0, L_000001c9af6597c0;  1 drivers
v000001c9af5f9f00_0 .var "underflow", 0 0;
E_000001c9af57c410/0 .event anyedge, v000001c9af5fbda0_0, v000001c9af5fce80_0, v000001c9af5fbf80_0, v000001c9af5fcb60_0;
E_000001c9af57c410/1 .event anyedge, v000001c9af5fcc00_0, v000001c9af5fc160_0, v000001c9af5fc2a0_0, v000001c9af5fd240_0;
E_000001c9af57c410/2 .event anyedge, v000001c9af5fca20_0, v000001c9af5fc980_0, v000001c9af5fcf20_0;
E_000001c9af57c410 .event/or E_000001c9af57c410/0, E_000001c9af57c410/1, E_000001c9af57c410/2;
E_000001c9af57cb50 .event anyedge, v000001c9af5fc5c0_0, v000001c9af5fcac0_0;
E_000001c9af57c7d0 .event anyedge, v000001c9af5fbee0_0, v000001c9af5fc340_0;
L_000001c9af65a6c0 .part v000001c9af5f9960_0, 31, 1;
L_000001c9af658d20 .part v000001c9af5f9960_0, 23, 8;
L_000001c9af658dc0 .part v000001c9af5f9960_0, 0, 23;
L_000001c9af659360 .part v000001c9af5f9e60_0, 31, 1;
L_000001c9af65a8a0 .part v000001c9af5f9e60_0, 23, 8;
L_000001c9af6599a0 .part v000001c9af5f9e60_0, 0, 23;
L_000001c9af65aee0 .cmp/eq 8, L_000001c9af658d20, L_000001c9af5ff918;
L_000001c9af65a3a0 .cmp/ne 23, L_000001c9af658dc0, L_000001c9af5ff960;
L_000001c9af65a580 .cmp/eq 8, L_000001c9af65a8a0, L_000001c9af5ff9a8;
L_000001c9af6588c0 .cmp/ne 23, L_000001c9af6599a0, L_000001c9af5ff9f0;
L_000001c9af65a080 .cmp/eq 8, L_000001c9af658d20, L_000001c9af5ffa38;
L_000001c9af658a00 .cmp/eq 23, L_000001c9af658dc0, L_000001c9af5ffa80;
L_000001c9af65a120 .cmp/eq 8, L_000001c9af65a8a0, L_000001c9af5ffac8;
L_000001c9af6594a0 .cmp/eq 23, L_000001c9af6599a0, L_000001c9af5ffb10;
L_000001c9af65a1c0 .cmp/eq 8, L_000001c9af658d20, L_000001c9af5ffb58;
L_000001c9af659b80 .cmp/eq 8, L_000001c9af65a8a0, L_000001c9af5ffba0;
L_000001c9af65a300 .concat [ 23 1 0 0], L_000001c9af658dc0, L_000001c9af5ffbe8;
L_000001c9af659ea0 .concat [ 23 1 0 0], L_000001c9af6599a0, L_000001c9af5ffc30;
L_000001c9af658b40 .part L_000001c9af65a300, 16, 8;
L_000001c9af65a260 .concat [ 1 8 0 0], L_000001c9af5ffc78, L_000001c9af658b40;
L_000001c9af65ada0 .concat [ 9 15 0 0], L_000001c9af65a260, L_000001c9af5ffcc0;
L_000001c9af659680 .part L_000001c9af65ada0, 0, 9;
L_000001c9af659040 .part L_000001c9af659ea0, 16, 8;
L_000001c9af65a440 .concat [ 1 8 0 0], L_000001c9af5ffd08, L_000001c9af659040;
L_000001c9af658f00 .concat [ 9 15 0 0], L_000001c9af65a440, L_000001c9af5ffd50;
L_000001c9af65a940 .part L_000001c9af658f00, 0, 9;
L_000001c9af65ad00 .concat [ 9 9 0 0], L_000001c9af659680, L_000001c9af5ffd98;
L_000001c9af658be0 .concat [ 9 9 0 0], L_000001c9af65a940, L_000001c9af5ffde0;
L_000001c9af65a4e0 .arith/mult 18, L_000001c9af65ad00, L_000001c9af658be0;
L_000001c9af65a760 .concat [ 30 18 0 0], L_000001c9af5ffe28, L_000001c9af65a4e0;
L_000001c9af658960 .concat [ 8 2 0 0], L_000001c9af658d20, L_000001c9af5ffe70;
L_000001c9af659540 .concat [ 8 2 0 0], L_000001c9af65a8a0, L_000001c9af5ffeb8;
L_000001c9af658fa0 .arith/sum 10, L_000001c9af658960, L_000001c9af659540;
L_000001c9af659720 .arith/sub 10, L_000001c9af658fa0, L_000001c9af5fff00;
L_000001c9af659900 .part v000001c9af5fc840_0, 23, 1;
L_000001c9af659860 .part v000001c9af5fc840_0, 22, 1;
L_000001c9af659180 .part v000001c9af5fc840_0, 0, 22;
L_000001c9af6597c0 .reduce/or L_000001c9af659180;
L_000001c9af65a800 .part v000001c9af5fc840_0, 24, 24;
L_000001c9af65aa80 .part L_000001c9af65a800, 0, 1;
L_000001c9af659a40 .concat [ 24 1 0 0], L_000001c9af65a800, L_000001c9af5fff48;
L_000001c9af659c20 .concat [ 1 24 0 0], L_000001c9af5f6fb0, L_000001c9af5fff90;
L_000001c9af659cc0 .arith/sum 25, L_000001c9af659a40, L_000001c9af659c20;
L_000001c9af65abc0 .cmp/ge.s 10, v000001c9af5fbd00_0, L_000001c9af5fffd8;
L_000001c9af659fe0 .cmp/ge.s 10, L_000001c9af600020, v000001c9af5fbd00_0;
L_000001c9af65ac60 .concat [ 23 8 1 0], L_000001c9af6000b0, L_000001c9af600068, L_000001c9af5f63e0;
L_000001c9af65ae40 .concat [ 31 1 0 0], L_000001c9af6000f8, L_000001c9af5f63e0;
L_000001c9af6652a0 .part v000001c9af5fbd00_0, 0, 8;
L_000001c9af665340 .part v000001c9af5fc3e0_0, 0, 23;
L_000001c9af665b60 .concat [ 23 8 1 0], L_000001c9af665340, L_000001c9af6652a0, L_000001c9af5f63e0;
L_000001c9af665ac0 .functor MUXZ 32, L_000001c9af665b60, L_000001c9af65ae40, L_000001c9af659fe0, C4<>;
L_000001c9af666a60 .functor MUXZ 32, L_000001c9af665ac0, L_000001c9af65ac60, L_000001c9af65abc0, C4<>;
    .scope S_000001c9af593830;
T_0 ;
    %wait E_000001c9af57b550;
    %load/vec4 v000001c9af5f52a0_0;
    %parti/s 1, 47, 7;
    %flag_set/vec4 8;
    %jmp/0xz  T_0.0, 8;
    %load/vec4 v000001c9af5f52a0_0;
    %store/vec4 v000001c9af5f5ca0_0, 0, 48;
    %load/vec4 v000001c9af5f4da0_0;
    %addi 1, 0, 10;
    %store/vec4 v000001c9af5f4f80_0, 0, 10;
    %jmp T_0.1;
T_0.0 ;
    %load/vec4 v000001c9af5f52a0_0;
    %ix/load 4, 1, 0;
    %flag_set/imm 4, 0;
    %shiftl 4;
    %store/vec4 v000001c9af5f5ca0_0, 0, 48;
    %load/vec4 v000001c9af5f4da0_0;
    %store/vec4 v000001c9af5f4f80_0, 0, 10;
T_0.1 ;
    %jmp T_0;
    .thread T_0, $push;
    .scope S_000001c9af593830;
T_1 ;
    %wait E_000001c9af57ba10;
    %load/vec4 v000001c9af5f4620_0;
    %parti/s 1, 24, 6;
    %flag_set/vec4 8;
    %jmp/0xz  T_1.0, 8;
    %load/vec4 v000001c9af5f4620_0;
    %parti/s 24, 1, 2;
    %store/vec4 v000001c9af5f4ee0_0, 0, 24;
    %load/vec4 v000001c9af5f4f80_0;
    %addi 1, 0, 10;
    %store/vec4 v000001c9af5f4e40_0, 0, 10;
    %jmp T_1.1;
T_1.0 ;
    %load/vec4 v000001c9af5f4620_0;
    %parti/s 24, 0, 2;
    %store/vec4 v000001c9af5f4ee0_0, 0, 24;
    %load/vec4 v000001c9af5f4f80_0;
    %store/vec4 v000001c9af5f4e40_0, 0, 10;
T_1.1 ;
    %jmp T_1;
    .thread T_1, $push;
    .scope S_000001c9af593830;
T_2 ;
    %wait E_000001c9af57b950;
    %pushi/vec4 0, 0, 1;
    %store/vec4 v000001c9af5f4b20_0, 0, 1;
    %pushi/vec4 0, 0, 1;
    %store/vec4 v000001c9af5f4800_0, 0, 1;
    %pushi/vec4 0, 0, 1;
    %store/vec4 v000001c9af5f49e0_0, 0, 1;
    %load/vec4 v000001c9af5f4d00_0;
    %flag_set/vec4 8;
    %jmp/1 T_2.2, 8;
    %load/vec4 v000001c9af5f5c00_0;
    %flag_set/vec4 9;
    %flag_or 8, 9;
T_2.2;
    %jmp/0xz  T_2.0, 8;
    %load/vec4 v000001c9af5f46c0_0;
    %store/vec4 v000001c9af5f5e80_0, 0, 32;
    %pushi/vec4 1, 0, 1;
    %store/vec4 v000001c9af5f49e0_0, 0, 1;
    %jmp T_2.1;
T_2.0 ;
    %load/vec4 v000001c9af5f5020_0;
    %flag_set/vec4 9;
    %flag_get/vec4 9;
    %jmp/0 T_2.6, 9;
    %load/vec4 v000001c9af5f4580_0;
    %and;
T_2.6;
    %flag_set/vec4 8;
    %jmp/1 T_2.5, 8;
    %load/vec4 v000001c9af5f5f20_0;
    %flag_set/vec4 10;
    %flag_get/vec4 10;
    %jmp/0 T_2.7, 10;
    %load/vec4 v000001c9af5f48a0_0;
    %and;
T_2.7;
    %flag_set/vec4 9;
    %flag_or 8, 9;
T_2.5;
    %jmp/0xz  T_2.3, 8;
    %load/vec4 v000001c9af5f46c0_0;
    %store/vec4 v000001c9af5f5e80_0, 0, 32;
    %pushi/vec4 1, 0, 1;
    %store/vec4 v000001c9af5f49e0_0, 0, 1;
    %jmp T_2.4;
T_2.3 ;
    %load/vec4 v000001c9af5f5020_0;
    %flag_set/vec4 8;
    %jmp/1 T_2.10, 8;
    %load/vec4 v000001c9af5f48a0_0;
    %flag_set/vec4 9;
    %flag_or 8, 9;
T_2.10;
    %jmp/0xz  T_2.8, 8;
    %load/vec4 v000001c9af5f5200_0;
    %concati/vec4 255, 0, 8;
    %concati/vec4 0, 0, 23;
    %store/vec4 v000001c9af5f5e80_0, 0, 32;
    %jmp T_2.9;
T_2.8 ;
    %load/vec4 v000001c9af5f5f20_0;
    %flag_set/vec4 8;
    %jmp/1 T_2.13, 8;
    %load/vec4 v000001c9af5f4580_0;
    %flag_set/vec4 9;
    %flag_or 8, 9;
T_2.13;
    %jmp/0xz  T_2.11, 8;
    %load/vec4 v000001c9af5f5200_0;
    %concati/vec4 0, 0, 31;
    %store/vec4 v000001c9af5f5e80_0, 0, 32;
    %jmp T_2.12;
T_2.11 ;
    %load/vec4 v000001c9af5f5de0_0;
    %store/vec4 v000001c9af5f5e80_0, 0, 32;
    %load/vec4 v000001c9af5f5d40_0;
    %store/vec4 v000001c9af5f4b20_0, 0, 1;
    %load/vec4 v000001c9af5f4940_0;
    %flag_set/vec4 8;
    %flag_get/vec4 8;
    %jmp/0 T_2.14, 8;
    %load/vec4 v000001c9af5f5d40_0;
    %nor/r;
    %and;
T_2.14;
    %store/vec4 v000001c9af5f4800_0, 0, 1;
T_2.12 ;
T_2.9 ;
T_2.4 ;
T_2.1 ;
    %jmp T_2;
    .thread T_2, $push;
    .scope S_000001c9af591f80;
T_3 ;
    %wait E_000001c9af57be90;
    %load/vec4 v000001c9af5f0f60_0;
    %parti/s 1, 47, 7;
    %flag_set/vec4 8;
    %jmp/0xz  T_3.0, 8;
    %load/vec4 v000001c9af5f0f60_0;
    %store/vec4 v000001c9af5f1b40_0, 0, 48;
    %load/vec4 v000001c9af5f1320_0;
    %addi 1, 0, 10;
    %store/vec4 v000001c9af5f02e0_0, 0, 10;
    %jmp T_3.1;
T_3.0 ;
    %load/vec4 v000001c9af5f0f60_0;
    %ix/load 4, 1, 0;
    %flag_set/imm 4, 0;
    %shiftl 4;
    %store/vec4 v000001c9af5f1b40_0, 0, 48;
    %load/vec4 v000001c9af5f1320_0;
    %store/vec4 v000001c9af5f02e0_0, 0, 10;
T_3.1 ;
    %jmp T_3;
    .thread T_3, $push;
    .scope S_000001c9af591f80;
T_4 ;
    %wait E_000001c9af57b510;
    %load/vec4 v000001c9af5f16e0_0;
    %parti/s 1, 24, 6;
    %flag_set/vec4 8;
    %jmp/0xz  T_4.0, 8;
    %load/vec4 v000001c9af5f16e0_0;
    %parti/s 24, 1, 2;
    %store/vec4 v000001c9af5f0380_0, 0, 24;
    %load/vec4 v000001c9af5f02e0_0;
    %addi 1, 0, 10;
    %store/vec4 v000001c9af5f0100_0, 0, 10;
    %jmp T_4.1;
T_4.0 ;
    %load/vec4 v000001c9af5f16e0_0;
    %parti/s 24, 0, 2;
    %store/vec4 v000001c9af5f0380_0, 0, 24;
    %load/vec4 v000001c9af5f02e0_0;
    %store/vec4 v000001c9af5f0100_0, 0, 10;
T_4.1 ;
    %jmp T_4;
    .thread T_4, $push;
    .scope S_000001c9af591f80;
T_5 ;
    %wait E_000001c9af57b850;
    %pushi/vec4 0, 0, 1;
    %store/vec4 v000001c9af5f1e60_0, 0, 1;
    %pushi/vec4 0, 0, 1;
    %store/vec4 v000001c9af5f0560_0, 0, 1;
    %pushi/vec4 0, 0, 1;
    %store/vec4 v000001c9af5f0420_0, 0, 1;
    %load/vec4 v000001c9af5f0880_0;
    %flag_set/vec4 8;
    %jmp/1 T_5.2, 8;
    %load/vec4 v000001c9af5f1280_0;
    %flag_set/vec4 9;
    %flag_or 8, 9;
T_5.2;
    %jmp/0xz  T_5.0, 8;
    %load/vec4 v000001c9af5f0ba0_0;
    %store/vec4 v000001c9af5f1fa0_0, 0, 32;
    %pushi/vec4 1, 0, 1;
    %store/vec4 v000001c9af5f0420_0, 0, 1;
    %jmp T_5.1;
T_5.0 ;
    %load/vec4 v000001c9af5f1f00_0;
    %flag_set/vec4 9;
    %flag_get/vec4 9;
    %jmp/0 T_5.6, 9;
    %load/vec4 v000001c9af5f0240_0;
    %and;
T_5.6;
    %flag_set/vec4 8;
    %jmp/1 T_5.5, 8;
    %load/vec4 v000001c9af5f11e0_0;
    %flag_set/vec4 10;
    %flag_get/vec4 10;
    %jmp/0 T_5.7, 10;
    %load/vec4 v000001c9af5f0b00_0;
    %and;
T_5.7;
    %flag_set/vec4 9;
    %flag_or 8, 9;
T_5.5;
    %jmp/0xz  T_5.3, 8;
    %load/vec4 v000001c9af5f0ba0_0;
    %store/vec4 v000001c9af5f1fa0_0, 0, 32;
    %pushi/vec4 1, 0, 1;
    %store/vec4 v000001c9af5f0420_0, 0, 1;
    %jmp T_5.4;
T_5.3 ;
    %load/vec4 v000001c9af5f1f00_0;
    %flag_set/vec4 8;
    %jmp/1 T_5.10, 8;
    %load/vec4 v000001c9af5f0b00_0;
    %flag_set/vec4 9;
    %flag_or 8, 9;
T_5.10;
    %jmp/0xz  T_5.8, 8;
    %load/vec4 v000001c9af5f04c0_0;
    %concati/vec4 255, 0, 8;
    %concati/vec4 0, 0, 23;
    %store/vec4 v000001c9af5f1fa0_0, 0, 32;
    %jmp T_5.9;
T_5.8 ;
    %load/vec4 v000001c9af5f11e0_0;
    %flag_set/vec4 8;
    %jmp/1 T_5.13, 8;
    %load/vec4 v000001c9af5f0240_0;
    %flag_set/vec4 9;
    %flag_or 8, 9;
T_5.13;
    %jmp/0xz  T_5.11, 8;
    %load/vec4 v000001c9af5f04c0_0;
    %concati/vec4 0, 0, 31;
    %store/vec4 v000001c9af5f1fa0_0, 0, 32;
    %jmp T_5.12;
T_5.11 ;
    %load/vec4 v000001c9af5f1500_0;
    %store/vec4 v000001c9af5f1fa0_0, 0, 32;
    %load/vec4 v000001c9af5f13c0_0;
    %store/vec4 v000001c9af5f1e60_0, 0, 1;
    %load/vec4 v000001c9af5f1c80_0;
    %flag_set/vec4 8;
    %flag_get/vec4 8;
    %jmp/0 T_5.14, 8;
    %load/vec4 v000001c9af5f13c0_0;
    %nor/r;
    %and;
T_5.14;
    %store/vec4 v000001c9af5f0560_0, 0, 1;
T_5.12 ;
T_5.9 ;
T_5.4 ;
T_5.1 ;
    %jmp T_5;
    .thread T_5, $push;
    .scope S_000001c9af5dedb0;
T_6 ;
    %wait E_000001c9af57c7d0;
    %load/vec4 v000001c9af5fbee0_0;
    %parti/s 1, 47, 7;
    %flag_set/vec4 8;
    %jmp/0xz  T_6.0, 8;
    %load/vec4 v000001c9af5fbee0_0;
    %store/vec4 v000001c9af5fc840_0, 0, 48;
    %load/vec4 v000001c9af5fc340_0;
    %addi 1, 0, 10;
    %store/vec4 v000001c9af5fcac0_0, 0, 10;
    %jmp T_6.1;
T_6.0 ;
    %load/vec4 v000001c9af5fbee0_0;
    %ix/load 4, 1, 0;
    %flag_set/imm 4, 0;
    %shiftl 4;
    %store/vec4 v000001c9af5fc840_0, 0, 48;
    %load/vec4 v000001c9af5fc340_0;
    %store/vec4 v000001c9af5fcac0_0, 0, 10;
T_6.1 ;
    %jmp T_6;
    .thread T_6, $push;
    .scope S_000001c9af5dedb0;
T_7 ;
    %wait E_000001c9af57cb50;
    %load/vec4 v000001c9af5fc5c0_0;
    %parti/s 1, 24, 6;
    %flag_set/vec4 8;
    %jmp/0xz  T_7.0, 8;
    %load/vec4 v000001c9af5fc5c0_0;
    %parti/s 24, 1, 2;
    %store/vec4 v000001c9af5fc3e0_0, 0, 24;
    %load/vec4 v000001c9af5fcac0_0;
    %addi 1, 0, 10;
    %store/vec4 v000001c9af5fbd00_0, 0, 10;
    %jmp T_7.1;
T_7.0 ;
    %load/vec4 v000001c9af5fc5c0_0;
    %parti/s 24, 0, 2;
    %store/vec4 v000001c9af5fc3e0_0, 0, 24;
    %load/vec4 v000001c9af5fcac0_0;
    %store/vec4 v000001c9af5fbd00_0, 0, 10;
T_7.1 ;
    %jmp T_7;
    .thread T_7, $push;
    .scope S_000001c9af5dedb0;
T_8 ;
    %wait E_000001c9af57c410;
    %pushi/vec4 0, 0, 1;
    %store/vec4 v000001c9af5fcfc0_0, 0, 1;
    %pushi/vec4 0, 0, 1;
    %store/vec4 v000001c9af5f9f00_0, 0, 1;
    %pushi/vec4 0, 0, 1;
    %store/vec4 v000001c9af5fbe40_0, 0, 1;
    %load/vec4 v000001c9af5fbda0_0;
    %flag_set/vec4 8;
    %jmp/1 T_8.2, 8;
    %load/vec4 v000001c9af5fce80_0;
    %flag_set/vec4 9;
    %flag_or 8, 9;
T_8.2;
    %jmp/0xz  T_8.0, 8;
    %load/vec4 v000001c9af5fbf80_0;
    %store/vec4 v000001c9af5fd1a0_0, 0, 32;
    %pushi/vec4 1, 0, 1;
    %store/vec4 v000001c9af5fbe40_0, 0, 1;
    %jmp T_8.1;
T_8.0 ;
    %load/vec4 v000001c9af5fcb60_0;
    %flag_set/vec4 9;
    %flag_get/vec4 9;
    %jmp/0 T_8.6, 9;
    %load/vec4 v000001c9af5fcc00_0;
    %and;
T_8.6;
    %flag_set/vec4 8;
    %jmp/1 T_8.5, 8;
    %load/vec4 v000001c9af5fc160_0;
    %flag_set/vec4 10;
    %flag_get/vec4 10;
    %jmp/0 T_8.7, 10;
    %load/vec4 v000001c9af5fc2a0_0;
    %and;
T_8.7;
    %flag_set/vec4 9;
    %flag_or 8, 9;
T_8.5;
    %jmp/0xz  T_8.3, 8;
    %load/vec4 v000001c9af5fbf80_0;
    %store/vec4 v000001c9af5fd1a0_0, 0, 32;
    %pushi/vec4 1, 0, 1;
    %store/vec4 v000001c9af5fbe40_0, 0, 1;
    %jmp T_8.4;
T_8.3 ;
    %load/vec4 v000001c9af5fcb60_0;
    %flag_set/vec4 8;
    %jmp/1 T_8.10, 8;
    %load/vec4 v000001c9af5fc2a0_0;
    %flag_set/vec4 9;
    %flag_or 8, 9;
T_8.10;
    %jmp/0xz  T_8.8, 8;
    %load/vec4 v000001c9af5fd240_0;
    %concati/vec4 255, 0, 8;
    %concati/vec4 0, 0, 23;
    %store/vec4 v000001c9af5fd1a0_0, 0, 32;
    %jmp T_8.9;
T_8.8 ;
    %load/vec4 v000001c9af5fc160_0;
    %flag_set/vec4 8;
    %jmp/1 T_8.13, 8;
    %load/vec4 v000001c9af5fcc00_0;
    %flag_set/vec4 9;
    %flag_or 8, 9;
T_8.13;
    %jmp/0xz  T_8.11, 8;
    %load/vec4 v000001c9af5fd240_0;
    %concati/vec4 0, 0, 31;
    %store/vec4 v000001c9af5fd1a0_0, 0, 32;
    %jmp T_8.12;
T_8.11 ;
    %load/vec4 v000001c9af5fca20_0;
    %store/vec4 v000001c9af5fd1a0_0, 0, 32;
    %load/vec4 v000001c9af5fc980_0;
    %store/vec4 v000001c9af5fcfc0_0, 0, 1;
    %load/vec4 v000001c9af5fcf20_0;
    %flag_set/vec4 8;
    %flag_get/vec4 8;
    %jmp/0 T_8.14, 8;
    %load/vec4 v000001c9af5fc980_0;
    %nor/r;
    %and;
T_8.14;
    %store/vec4 v000001c9af5f9f00_0, 0, 1;
T_8.12 ;
T_8.9 ;
T_8.4 ;
T_8.1 ;
    %jmp T_8;
    .thread T_8, $push;
    .scope S_000001c9af591700;
T_9 ;
    %pushi/vec4 0, 0, 32;
    %store/vec4 v000001c9af5fa9a0_0, 0, 32;
    %vpi_func 2 17 "$fopen" 32, "Vector_mul.txt", "r" {0 0 0};
    %store/vec4 v000001c9af5fa900_0, 0, 32;
    %vpi_func 2 18 "$fopen" 32, "Approx_mul_comp.txt", "w" {0 0 0};
    %store/vec4 v000001c9af5f9500_0, 0, 32;
T_9.0 ;
    %vpi_func 2 20 "$feof" 32, v000001c9af5fa900_0 {0 0 0};
    %nor/r;
    %flag_set/vec4 8;
    %jmp/0xz T_9.1, 8;
    %vpi_func 2 21 "$fscanf" 32, v000001c9af5fa900_0, "%h %h %h\012", v000001c9af5f9960_0, v000001c9af5f9e60_0, v000001c9af5fa720_0 {0 0 0};
    %store/vec4 v000001c9af5fab80_0, 0, 32;
    %load/vec4 v000001c9af5fab80_0;
    %cmpi/e 3, 0, 32;
    %jmp/0xz  T_9.2, 4;
    %load/vec4 v000001c9af5fa9a0_0;
    %addi 1, 0, 32;
    %store/vec4 v000001c9af5fa9a0_0, 0, 32;
    %delay 1000, 0;
    %vpi_call 2 25 "$fwrite", v000001c9af5f9500_0, "%h %h %h %h %h %h\012", v000001c9af5f9960_0, v000001c9af5f9e60_0, v000001c9af5fa720_0, v000001c9af5f9a00_0, v000001c9af5f98c0_0, v000001c9af5f95a0_0 {0 0 0};
T_9.2 ;
    %jmp T_9.0;
T_9.1 ;
    %vpi_call 2 29 "$fclose", v000001c9af5fa900_0 {0 0 0};
    %vpi_call 2 30 "$fclose", v000001c9af5f9500_0 {0 0 0};
    %vpi_call 2 31 "$display", "Dumped %0d rows to approx_mul_comp_results.txt", v000001c9af5fa9a0_0 {0 0 0};
    %vpi_call 2 32 "$finish" {0 0 0};
    %end;
    .thread T_9;
# The file index is used to find the file name in the following table.
:file_names 4;
    "N/A";
    "<interactive>";
    "Tb_dump_com_mul.v";
    "./Fp_multiplier_approx_comparative.v";
